ARM Linker, RVCT4.0 [Build 728] [Standard]

==============================================================================

Section Cross References

    p33c-3(.text) refers to p33c-3(i.SystemInit) for SystemInit
    p33c-3(.text) refers to entry.o(.ARM.Collect$$$$00000000) for __main
    p33c-3(i.ADC1_2_IRQHandler) refers to p33c-3(i.FOC_Model) for FOC_Model
    p33c-3(i.ADC1_2_IRQHandler) refers to p33c-3(i.ENC_Start_Up) for ENC_Start_Up
    p33c-3(i.ADC1_2_IRQHandler) refers to p33c-3(i.MCDAC_Update_Output) for MCDAC_Update_Output
    p33c-3(i.ADC1_2_IRQHandler) refers to p33c-3(.data) for .data
    p33c-3(i.ADC1_2_IRQHandler) refers to p33c-3(.data) for .data
    p33c-3(i.ADC1_2_IRQHandler) refers to p33c-3(.data) for .data
    p33c-3(i.ADC1_2_IRQHandler) refers to p33c-3(.data) for .data
    p33c-3(i.ADC1_2_IRQHandler) refers to p33c-3(.bss) for .bss
    p33c-3(i.ADC1_2_IRQHandler) refers to p33c-3(.data) for .data
    p33c-3(i.ADC1_2_IRQHandler) refers to p33c-3(.data) for .data
    p33c-3(i.ADC1_2_IRQHandler) refers to p33c-3(.data) for .data
    p33c-3(i.ADC1_2_IRQHandler) refers to p33c-3(.data) for .data
    p33c-3(i.ADC1_2_IRQHandler) refers to p33c-3(.data) for .data
    p33c-3(i.ADC1_2_IRQHandler) refers to p33c-3(.data) for .data
    p33c-3(i.ADC_DeInit) refers to p33c-3(i.RCC_APB2PeriphResetCmd) for RCC_APB2PeriphResetCmd
    p33c-3(i.AT45_INIT) refers to p33c-3(i.SPI_FLASH_Init) for SPI_FLASH_Init
    p33c-3(i.AT45_INIT) refers to p33c-3(i.SPI_FLASH_SendByte) for SPI_FLASH_SendByte
    p33c-3(i.Calc_Rotor_Speed) refers to p33c-3(i.Trig_Functions) for Trig_Functions
    p33c-3(i.Calc_Rotor_Speed) refers to p33c-3(i.Speed_PI) for Speed_PI
    p33c-3(i.Calc_Rotor_Speed) refers to p33c-3(.data) for .data
    p33c-3(i.CheckController) refers to p33c-3(i.DataToWrite) for DataToWrite
    p33c-3(i.CheckController) refers to p33c-3(i.LCD_WR_REG) for LCD_WR_REG
    p33c-3(i.CheckController) refers to p33c-3(i.GPIO_Init) for GPIO_Init
    p33c-3(i.ComputeVisualization) refers to p33c-3(.data) for .data
    p33c-3(i.DispPic240_320) refers to p33c-3(i.Lcd_SetCursor) for Lcd_SetCursor
    p33c-3(i.DispPic240_320) refers to p33c-3(i.LCD_WR_REG) for LCD_WR_REG
    p33c-3(i.DispPic240_320) refers to p33c-3(i.Lcd_WR_Start) for Lcd_WR_Start
    p33c-3(i.DispPic240_320) refers to p33c-3(i.DataToWrite) for DataToWrite
    p33c-3(i.Display_5DigitSignedNumber) refers to p33c-3(i.LCD_DisplayChar) for LCD_DisplayChar
    p33c-3(i.Display_LCD) refers to p33c-3(i.TB_DisplayDelay_IsElapsed) for TB_DisplayDelay_IsElapsed
    p33c-3(i.Display_LCD) refers to p33c-3(i.ComputeVisualization) for ComputeVisualization
    p33c-3(i.Display_LCD) refers to p33c-3(i.LCD_ClearLine) for LCD_ClearLine
    p33c-3(i.Display_LCD) refers to p33c-3(i.LCD_DisplayStringLine) for LCD_DisplayStringLine
    p33c-3(i.Display_LCD) refers to p33c-3(i.Display_5DigitSignedNumber) for Display_5DigitSignedNumber
    p33c-3(i.Display_LCD) refers to p33c-3(i.LCD_DisplayChar) for LCD_DisplayChar
    p33c-3(i.Display_LCD) refers to p33c-3(.data) for .data
    p33c-3(i.Display_LCD) refers to p33c-3(.data) for .data
    p33c-3(i.Display_LCD) refers to p33c-3(.data) for .data
    p33c-3(i.Display_LCD) refers to p33c-3(.data) for .data
    p33c-3(i.Display_LCD) refers to p33c-3(.data) for .data
    p33c-3(i.Display_LCD) refers to p33c-3(.bss) for .bss
    p33c-3(i.Display_LCD) refers to p33c-3(.bss) for .bss
    p33c-3(i.Display_LCD) refers to p33c-3(.bss) for .bss
    p33c-3(i.Display_LCD) refers to p33c-3(i.LCD_DrawRect) for LCD_DrawRect
    p33c-3(i.Display_LCD) refers to p33c-3(i.MCL_Compute_BusVolt) for MCL_Compute_BusVolt
    p33c-3(i.Display_LCD) refers to p33c-3(i.MCL_Compute_Temp) for MCL_Compute_Temp
    p33c-3(i.Display_LCD) refers to p33c-3(i.MCDAC_Output_Var_Name) for MCDAC_Output_Var_Name
    p33c-3(i.Display_LCD) refers to p33c-3(.data) for .data
    p33c-3(i.Display_Seg) refers to p33c-3(i.TB_DisplayDelay_IsElapsed) for TB_DisplayDelay_IsElapsed
    p33c-3(i.Display_Seg) refers to p33c-3(i.WriteToSeg) for WriteToSeg
    p33c-3(i.Display_Seg) refers to p33c-3(i.Write595) for Write595
    p33c-3(i.Display_Seg) refers to p33c-3(.data) for .data
    p33c-3(i.Display_Seg) refers to p33c-3(.constdata) for .constdata
    p33c-3(i.Display_Welcome_Message) refers to p33c-3(i.LCD_DisplayStringLine) for LCD_DisplayStringLine
    p33c-3(i.DrawPixel) refers to p33c-3(i.Lcd_SetCursor) for Lcd_SetCursor
    p33c-3(i.DrawPixel) refers to p33c-3(i.Lcd_WR_Start) for Lcd_WR_Start
    p33c-3(i.DrawPixel) refers to p33c-3(i.DataToWrite) for DataToWrite
    p33c-3(i.ENC_Calc_Average_Speed) refers to p33c-3(i.ENC_Calc_Rot_Speed) for ENC_Calc_Rot_Speed
    p33c-3(i.ENC_Calc_Average_Speed) refers to p33c-3(.data) for .data
    p33c-3(i.ENC_Calc_Average_Speed) refers to p33c-3(.data) for .data
    p33c-3(i.ENC_Calc_Average_Speed) refers to p33c-3(.bss) for .bss
[...]
    Removing p33c-3(i.ADC_GetResetCalibrationStatus), (14 bytes).
    Removing p33c-3(i.ADC_GetSoftwareStartConvStatus), (14 bytes).
    Removing p33c-3(i.ADC_GetSoftwareStartInjectedConvCmdStatus), (14 bytes).
    Removing p33c-3(i.ADC_ITConfig), (18 bytes).
    Removing p33c-3(i.ADC_Init), (72 bytes).
    Removing p33c-3(i.ADC_InjectedDiscModeCmd), (20 bytes).
    Removing p33c-3(i.ADC_InjectedSequencerLengthConfig), (16 bytes).
    Removing p33c-3(i.ADC_RegularChannelConfig), (116 bytes).
    Removing p33c-3(i.ADC_ResetCalibration), (10 bytes).
    Removing p33c-3(i.ADC_SetInjectedOffset), (4 bytes).
    Removing p33c-3(i.ADC_SoftwareStartConvCmd), (20 bytes).
    Removing p33c-3(i.ADC_SoftwareStartInjectedConvCmd), (20 bytes).
    Removing p33c-3(i.ADC_StartCalibration), (10 bytes).
    Removing p33c-3(i.ADC_StructInit), (18 bytes).
    Removing p33c-3(i.ADC_TempSensorVrefintCmd), (32 bytes).
    Removing p33c-3(i.AT45_INIT), (16 bytes).
    Removing p33c-3(i.CAN_RX1_IRQHandler), (2 bytes).
    Removing p33c-3(i.CAN_SCE_IRQHandler), (2 bytes).
    Removing p33c-3(i.Calc_Rotor_Speed), (64 bytes).
    Removing p33c-3(i.CheckController), (228 bytes).
    Removing p33c-3(i.DBGMCU_GetDEVID), (16 bytes).
    Removing p33c-3(i.DBGMCU_GetREVID), (12 bytes).
    Removing p33c-3(i.DMA2_Channel1_IRQHandler), (2 bytes).
    Removing p33c-3(i.DMA2_Channel2_IRQHandler), (2 bytes).
    Removing p33c-3(i.DMA2_Channel3_IRQHandler), (2 bytes).
    Removing p33c-3(i.DMA2_Channel4_5_IRQHandler), (2 bytes).
    Removing p33c-3(i.DispPic240_320), (124 bytes).
    Removing p33c-3(i.Display_Seg), (108 bytes).
    Removing p33c-3(i.DrawPixel), (48 bytes).
    Removing p33c-3(i.ENC_ErrorOnFeedback), (12 bytes).
    Removing p33c-3(i.ENC_Get_Electrical_Angle), (28 bytes).
    Removing p33c-3(i.ENC_Get_Mechanical_Angle), (24 bytes).
    Removing p33c-3(i.ENC_Get_Mechanical_Speed), (12 bytes).
    Removing p33c-3(i.ENC_ResetEncoder), (12 bytes).
    Removing p33c-3(i.FLASH_ClearFlag), (12 bytes).
    Removing p33c-3(i.FLASH_EnableWriteProtection), (172 bytes).
    Removing p33c-3(i.FLASH_EraseAllPages), (60 bytes).
    Removing p33c-3(i.FLASH_EraseOptionBytes), (124 bytes).
    Removing p33c-3(i.FLASH_ErasePage), (64 bytes).
    Removing p33c-3(i.FLASH_GetFlagStatus), (32 bytes).
    Removing p33c-3(i.FLASH_GetPrefetchBufferStatus), (20 bytes).
    Removing p33c-3(i.FLASH_GetReadOutProtectionStatus), (20 bytes).
    Removing p33c-3(i.FLASH_GetStatus), (40 bytes).
    Removing p33c-3(i.FLASH_GetUserOptionByte), (12 bytes).
    Removing p33c-3(i.FLASH_GetWriteProtectionOptionByte), (12 bytes).
    Removing p33c-3(i.FLASH_HalfCycleAccessCmd), (24 bytes).
    Removing p33c-3(i.FLASH_ITConfig), (24 bytes).
    Removing p33c-3(i.FLASH_Lock), (16 bytes).
    Removing p33c-3(i.FLASH_PrefetchBufferCmd), (24 bytes).
    Removing p33c-3(i.FLASH_ProgramHalfWord), (56 bytes).
    Removing p33c-3(i.FLASH_ProgramOptionByteData), (76 bytes).
    Removing p33c-3(i.FLASH_ProgramWord), (76 bytes).
    Removing p33c-3(i.FLASH_ReadOutProtection), (136 bytes).
    Removing p33c-3(i.FLASH_SetLatency), (20 bytes).
    Removing p33c-3(i.FLASH_Unlock), (24 bytes).
    Removing p33c-3(i.FLASH_UserOptionByteConfig), (96 bytes).
    Removing p33c-3(i.FLASH_WaitForLastOperation), (36 bytes).
    Removing p33c-3(i.FOC_FF_CurrReg), (156 bytes).
    Removing p33c-3(i.FOC_FF_CurrReg_Init), (16 bytes).
    Removing p33c-3(i.FOC_FluxRegulatorInterface_Init), (88 bytes).
    Removing p33c-3(i.FOC_MTPA), (76 bytes).
    Removing p33c-3(i.FOC_MTPA_Init), (36 bytes).
    Removing p33c-3(i.FSMC_IRQHandler), (2 bytes).
    Removing p33c-3(i.Flash_Setup_512), (44 bytes).
    Removing p33c-3(i.GPIO_AFIODeInit), (22 bytes).
    Removing p33c-3(i.GPIO_ETH_MediaInterfaceConfig), (12 bytes).
    Removing p33c-3(i.GPIO_EXTILineConfig), (40 bytes).
    Removing p33c-3(i.GPIO_EventOutputCmd), (12 bytes).
    Removing p33c-3(i.GPIO_EventOutputConfig), (28 bytes).
    Removing p33c-3(i.GPIO_PinLockConfig), (16 bytes).
    Removing p33c-3(i.GPIO_ReadInputData), (6 bytes).
    Removing p33c-3(i.GPIO_ReadOutputData), (6 bytes).
    Removing p33c-3(i.GPIO_ReadOutputDataBit), (14 bytes).
    Removing p33c-3(i.GPIO_ResetBits), (4 bytes).
    Removing p33c-3(i.GPIO_SetBits), (4 bytes).
    Removing p33c-3(i.GPIO_StructInit), (16 bytes).
    Removing p33c-3(i.GPIO_Write), (4 bytes).
    Removing p33c-3(i.GPIO_WriteBit), (10 bytes).
    Removing p33c-3(i.Get320240PictureCode), (2 bytes).
    Removing p33c-3(i.GetASCIICode), (44 bytes).
    Removing p33c-3(i.GetAvrgHallPeriod), (80 bytes).
    Removing p33c-3(i.GetLastHallPeriod), (48 bytes).
    Removing p33c-3(i.GetSpiChineseCode), (42 bytes).
    Removing p33c-3(i.HALL_ClrCaptCounter), (12 bytes).
    Removing p33c-3(i.HALL_ClrTimeOut), (12 bytes).
    Removing p33c-3(i.HALL_GetCaptCounter), (12 bytes).
    Removing p33c-3(i.HALL_GetElectricalAngle), (12 bytes).
    Removing p33c-3(i.HALL_GetRotorFreq), (116 bytes).
    Removing p33c-3(i.HALL_GetSpeed), (40 bytes).
    Removing p33c-3(i.HALL_HallTimerInit), (244 bytes).
    Removing p33c-3(i.HALL_IncElectricalAngle), (48 bytes).
    Removing p33c-3(i.HALL_InitHallMeasure), (148 bytes).
    Removing p33c-3(i.HALL_Init_Electrical_Angle), (72 bytes).
    Removing p33c-3(i.HALL_IsTimedOut), (12 bytes).
    Removing p33c-3(i.HALL_StartHallFiltering), (12 bytes).
    Removing p33c-3(i.I2S_Cmd), (20 bytes).
    Removing p33c-3(i.I2S_Init), (144 bytes).
    Removing p33c-3(i.I2S_StructInit), (18 bytes).
    Removing p33c-3(i.IsObserverConverged), (136 bytes).
    Removing p33c-3(i.KEYS_ExportbKey), (12 bytes).
    Removing p33c-3(i.LCD_Clear), (4 bytes).
    Removing p33c-3(i.LCD_DrawCircle), (340 bytes).
    Removing p33c-3(i.LCD_DrawMonoPict), (100 bytes).
    Removing p33c-3(i.LCD_Init), (14 bytes).
    Removing p33c-3(i.LCD_SetBackColor), (12 bytes).
    Removing p33c-3(i.LCD_SetDisplayWindow), (76 bytes).
    Removing p33c-3(i.LCD_SetTextColor), (12 bytes).
    Removing p33c-3(i.LCD_WindowModeDisable), (30 bytes).
    Removing p33c-3(i.LCD_WriteBMP), (92 bytes).
    Removing p33c-3(i.LcdWritePictureFromSPI), (160 bytes).
    Removing p33c-3(i.Lcd_ClearCharBox), (80 bytes).
    Removing p33c-3(i.Lcd_ColorBox), (88 bytes).
    Removing p33c-3(i.Lcd_SetBox), (80 bytes).
    Removing p33c-3(i.Lcd_SetBoxRestore), (68 bytes).
    Removing p33c-3(i.Lcd_Write24X24Chinese), (164 bytes).
    Removing p33c-3(i.Lcd_Write24X24ChineseString), (104 bytes).
    Removing p33c-3(i.Lcd_Write32X16ASCII), (196 bytes).
    Removing p33c-3(i.Lcd_Write32X16ASCIIClarity), (496 bytes).
    Removing p33c-3(i.Lcd_Write32X16ASCIIWrite), (200 bytes).
    Removing p33c-3(i.Lcd_Write32X16String), (96 bytes).
    Removing p33c-3(i.Lcd_Write32X16StringClarity), (92 bytes).
    Removing p33c-3(i.Lcd_Write32X32Chinese), (304 bytes).
    Removing p33c-3(i.Lcd_Write32X32ChineseClarity), (932 bytes).
    Removing p33c-3(i.Lcd_Write32X32ChineseString), (104 bytes).
    Removing p33c-3(i.Lcd_Write32X32ChineseStringClarity), (100 bytes).
    Removing p33c-3(i.Lcd_WriteASCII), (120 bytes).
    Removing p33c-3(i.Lcd_WriteASCIIClarity), (196 bytes).
    Removing p33c-3(i.Lcd_WriteChinese), (132 bytes).
    Removing p33c-3(i.Lcd_WriteChineseClarity), (192 bytes).
    Removing p33c-3(i.Lcd_WriteChineseString), (104 bytes).
    Removing p33c-3(i.Lcd_WriteChineseStringClarity), (100 bytes).
    Removing p33c-3(i.Lcd_WriteString), (96 bytes).
    Removing p33c-3(i.Lcd_WriteStringClarity), (92 bytes).
    Removing p33c-3(i.MCDAC_Update_Value), (12 bytes).
    Removing p33c-3(i.MCL_Calc_BusVolt), (36 bytes).
    Removing p33c-3(i.MCL_Get_BusVolt), (12 bytes).
    Removing p33c-3(i.MCL_Set_Brake_Off), (16 bytes).
    Removing p33c-3(i.MCL_Set_Brake_On), (16 bytes).
    Removing p33c-3(i.NVIC_Configuration), (16 bytes).
    Removing p33c-3(i.NVIC_PriorityGroupConfig), (20 bytes).
    Removing p33c-3(i.NVIC_SetVectorTable), (20 bytes).
    Removing p33c-3(i.NVIC_SystemLPConfig), (24 bytes).
    Removing p33c-3(i.PID_Speed_Coefficients_update), (188 bytes).
    Removing p33c-3(i.RCC_ADCCLKConfig), (20 bytes).
    Removing p33c-3(i.RCC_AHBPeriphClockCmd), (24 bytes).
    Removing p33c-3(i.RCC_AdjustHSICalibrationValue), (20 bytes).
    Removing p33c-3(i.RCC_BackupResetCmd), (12 bytes).
    Removing p33c-3(i.RCC_ClearFlag), (16 bytes).
    Removing p33c-3(i.RCC_ClearITPendingBit), (12 bytes).
    Removing p33c-3(i.RCC_ClockSecuritySystemCmd), (12 bytes).
    Removing p33c-3(i.RCC_Configuration), (108 bytes).
    Removing p33c-3(i.RCC_DeInit), (64 bytes).
    Removing p33c-3(i.RCC_GetClocksFreq), (148 bytes).
    Removing p33c-3(i.RCC_GetFlagStatus), (48 bytes).
    Removing p33c-3(i.RCC_GetITStatus), (20 bytes).
    Removing p33c-3(i.RCC_GetSYSCLKSource), (16 bytes).
    Removing p33c-3(i.RCC_HCLKConfig), (20 bytes).
    Removing p33c-3(i.RCC_HSEConfig), (52 bytes).
    Removing p33c-3(i.RCC_HSICmd), (12 bytes).
    Removing p33c-3(i.RCC_ITConfig), (24 bytes).
    Removing p33c-3(i.RCC_LSEConfig), (32 bytes).
    Removing p33c-3(i.RCC_LSICmd), (12 bytes).
    Removing p33c-3(i.RCC_MCOConfig), (12 bytes).
    Removing p33c-3(i.RCC_PCLK1Config), (20 bytes).
    Removing p33c-3(i.RCC_PCLK2Config), (20 bytes).
    Removing p33c-3(i.RCC_PLLCmd), (12 bytes).
    Removing p33c-3(i.RCC_PLLConfig), (20 bytes).
    Removing p33c-3(i.RCC_RTCCLKCmd), (12 bytes).
    Removing p33c-3(i.RCC_RTCCLKConfig), (16 bytes).
    Removing p33c-3(i.RCC_SYSCLKConfig), (20 bytes).
    Removing p33c-3(i.RCC_USBCLKConfig), (12 bytes).
    Removing p33c-3(i.RCC_WaitForHSEStartUp), (38 bytes).
    Removing p33c-3(i.Read165), (64 bytes).
    Removing p33c-3(i.ReadHallState), (16 bytes).
    Removing p33c-3(i.SDIO_IRQHandler), (2 bytes).
    Removing p33c-3(i.SPI3_IRQHandler), (2 bytes).
    Removing p33c-3(i.SPI_BiDirectionalLineConfig), (22 bytes).
    Removing p33c-3(i.SPI_CalculateCRC), (20 bytes).
    Removing p33c-3(i.SPI_DataSizeConfig), (16 bytes).
    Removing p33c-3(i.SPI_FLASH_ABS_READByte), (92 bytes).
    Removing p33c-3(i.SPI_FLASH_Buffer1ProgAutoErase), (52 bytes).
    Removing p33c-3(i.SPI_FLASH_Buffer1Read), (88 bytes).
    Removing p33c-3(i.SPI_FLASH_Buffer1Write), (80 bytes).
    Removing p33c-3(i.SPI_FLASH_Buffer2ProgAutoErase), (52 bytes).
    Removing p33c-3(i.SPI_FLASH_Buffer2Read), (88 bytes).
    Removing p33c-3(i.SPI_FLASH_Buffer2Write), (80 bytes).
    Removing p33c-3(i.SPI_FLASH_BulkErase), (52 bytes).
    Removing p33c-3(i.SPI_FLASH_PageErase), (52 bytes).
    Removing p33c-3(i.SPI_FLASH_PageToBuffer1), (52 bytes).
    Removing p33c-3(i.SPI_FLASH_PageToBuffer2), (52 bytes).
    Removing p33c-3(i.SPI_FLASH_ReadByte), (6 bytes).
    Removing p33c-3(i.SPI_FLASH_WaitForWriteEnd), (36 bytes).
    Removing p33c-3(i.SPI_GetCRC), (12 bytes).
    Removing p33c-3(i.SPI_GetCRCPolynomial), (4 bytes).
    Removing p33c-3(i.SPI_I2S_ClearFlag), (6 bytes).
    Removing p33c-3(i.SPI_I2S_ClearITPendingBit), (14 bytes).
    Removing p33c-3(i.SPI_I2S_DMACmd), (16 bytes).
    Removing p33c-3(i.SPI_I2S_DeInit), (84 bytes).
    Removing p33c-3(i.SPI_I2S_GetITStatus), (44 bytes).
    Removing p33c-3(i.SPI_I2S_ITConfig), (24 bytes).
    Removing p33c-3(i.SPI_I2S_ReceiveData), (4 bytes).
    Removing p33c-3(i.SPI_I2S_SendData), (4 bytes).
    Removing p33c-3(i.SPI_NSSInternalSoftwareConfig), (24 bytes).
    Removing p33c-3(i.SPI_SSOutputCmd), (20 bytes).
    Removing p33c-3(i.SPI_StructInit), (24 bytes).
    Removing p33c-3(i.SPI_TransmitCRC), (10 bytes).
    Removing p33c-3(i.STO_Calc_Rotor_Angle), (512 bytes).
    Removing p33c-3(i.STO_Calc_Speed), (144 bytes).
    Removing p33c-3(i.STO_Check_Speed_Reliability), (44 bytes).
    Removing p33c-3(i.STO_Gains_Init), (60 bytes).
    Removing p33c-3(i.STO_Gains_Update), (24 bytes).
    Removing p33c-3(i.STO_Get_Electrical_Angle), (12 bytes).
    Removing p33c-3(i.STO_Get_Mechanical_Angle), (16 bytes).
    Removing p33c-3(i.STO_Get_Speed), (12 bytes).
    Removing p33c-3(i.STO_Get_Speed_Hz), (24 bytes).
    Removing p33c-3(i.STO_Get_wBemf_alfa_est), (12 bytes).
    Removing p33c-3(i.STO_Get_wBemf_beta_est), (12 bytes).
    Removing p33c-3(i.STO_Get_wIalfa_est), (20 bytes).
    Removing p33c-3(i.STO_Get_wIbeta_est), (20 bytes).
    Removing p33c-3(i.STO_Init), (48 bytes).
    Removing p33c-3(i.STO_InitSpeedBuffer), (28 bytes).
    Removing p33c-3(i.STO_IsSpeed_Reliable), (12 bytes).
    Removing p33c-3(i.STO_StartUp_Init), (20 bytes).
    Removing p33c-3(i.STO_Start_Up), (488 bytes).
    Removing p33c-3(i.STO_StateObserverInterface_Init), (164 bytes).
    Removing p33c-3(i.SVPWMEOCEvent), (64 bytes).
    Removing p33c-3(i.SVPWMUpdateEvent), (28 bytes).
    Removing p33c-3(i.SVPWM_InjectedConvConfig), (132 bytes).
    Removing p33c-3(i.Speed_PI), (148 bytes).
    Removing p33c-3(i.Square_root32), (54 bytes).
    Removing p33c-3(i.Store_Rotor_Speed), (36 bytes).
    Removing p33c-3(i.SystemCoreClockUpdate), (100 bytes).
    Removing p33c-3(i.TB_Set_DebounceDelay_500us), (12 bytes).
    Removing p33c-3(i.TB_Set_Delay_500us), (12 bytes).
    Removing p33c-3(i.TB_Set_DisplayDelay_500us), (12 bytes).
    Removing p33c-3(i.TB_Set_StartUp_Timeout), (12 bytes).
    Removing p33c-3(i.TB_Wait), (24 bytes).
    Removing p33c-3(i.TIM5_IRQHandler), (2 bytes).
    Removing p33c-3(i.TIM6_IRQHandler), (2 bytes).
    Removing p33c-3(i.TIM7_IRQHandler), (2 bytes).
    Removing p33c-3(i.TIM8_BRK_IRQHandler), (2 bytes).
    Removing p33c-3(i.TIM8_CC_IRQHandler), (2 bytes).
    Removing p33c-3(i.TIM8_TRG_COM_IRQHandler), (2 bytes).
    Removing p33c-3(i.TIM8_UP_IRQHandler), (2 bytes).
    Removing p33c-3(i.TIM_ARRPreloadConfig), (22 bytes).
    Removing p33c-3(i.TIM_BDTRConfig), (34 bytes).
    Removing p33c-3(i.TIM_BDTRStructInit), (18 bytes).
    Removing p33c-3(i.TIM_CCPreloadControl), (20 bytes).
    Removing p33c-3(i.TIM_CCxCmd), (22 bytes).
    Removing p33c-3(i.TIM_CCxNCmd), (22 bytes).
    Removing p33c-3(i.TIM_ClearFlag), (6 bytes).
    Removing p33c-3(i.TIM_ClearITPendingBit), (6 bytes).
    Removing p33c-3(i.TIM_ClearOC1Ref), (12 bytes).
    Removing p33c-3(i.TIM_ClearOC2Ref), (14 bytes).
    Removing p33c-3(i.TIM_ClearOC3Ref), (12 bytes).
    Removing p33c-3(i.TIM_ClearOC4Ref), (14 bytes).
    Removing p33c-3(i.TIM_CounterModeConfig), (14 bytes).
    Removing p33c-3(i.TIM_DMACmd), (16 bytes).
    Removing p33c-3(i.TIM_DMAConfig), (8 bytes).
    Removing p33c-3(i.TIM_ETRClockMode1Config), (18 bytes).
    Removing p33c-3(i.TIM_ETRClockMode2Config), (18 bytes).
    Removing p33c-3(i.TIM_ETRConfig), (18 bytes).
    Removing p33c-3(i.TIM_ForcedOC1Config), (12 bytes).
    Removing p33c-3(i.TIM_ForcedOC2Config), (14 bytes).
    Removing p33c-3(i.TIM_ForcedOC3Config), (12 bytes).
    Removing p33c-3(i.TIM_ForcedOC4Config), (14 bytes).
    Removing p33c-3(i.TIM_GenerateEvent), (4 bytes).
    Removing p33c-3(i.TIM_GetCapture1), (4 bytes).
    Removing p33c-3(i.TIM_GetCapture2), (4 bytes).
    Removing p33c-3(i.TIM_GetCapture3), (4 bytes).
    Removing p33c-3(i.TIM_GetCapture4), (6 bytes).
    Removing p33c-3(i.TIM_GetCounter), (4 bytes).
    Removing p33c-3(i.TIM_GetFlagStatus), (14 bytes).
    Removing p33c-3(i.TIM_GetITStatus), (24 bytes).
    Removing p33c-3(i.TIM_GetPrescaler), (4 bytes).
    Removing p33c-3(i.TIM_ITRxExternalClockConfig), (20 bytes).
    Removing p33c-3(i.TIM_InternalClockConfig), (10 bytes).
    Removing p33c-3(i.TIM_OC1FastConfig), (12 bytes).
    Removing p33c-3(i.TIM_OC1NPolarityConfig), (12 bytes).
    Removing p33c-3(i.TIM_OC1PolarityConfig), (12 bytes).
    Removing p33c-3(i.TIM_OC1PreloadConfig), (12 bytes).
    Removing p33c-3(i.TIM_OC2FastConfig), (14 bytes).
    Removing p33c-3(i.TIM_OC2NPolarityConfig), (14 bytes).
    Removing p33c-3(i.TIM_OC2PolarityConfig), (14 bytes).
    Removing p33c-3(i.TIM_OC2PreloadConfig), (14 bytes).
    Removing p33c-3(i.TIM_OC3FastConfig), (12 bytes).
    Removing p33c-3(i.TIM_OC3NPolarityConfig), (14 bytes).
    Removing p33c-3(i.TIM_OC3PolarityConfig), (14 bytes).
    Removing p33c-3(i.TIM_OC3PreloadConfig), (12 bytes).
    Removing p33c-3(i.TIM_OC4FastConfig), (14 bytes).
    Removing p33c-3(i.TIM_OC4PolarityConfig), (14 bytes).
    Removing p33c-3(i.TIM_OC4PreloadConfig), (14 bytes).
    Removing p33c-3(i.TIM_PWMIConfig), (124 bytes).
    Removing p33c-3(i.TIM_PrescalerConfig), (6 bytes).
    Removing p33c-3(i.TIM_SelectCCDMA), (20 bytes).
    Removing p33c-3(i.TIM_SelectCOM), (20 bytes).
    Removing p33c-3(i.TIM_SelectHallSensor), (20 bytes).
    Removing p33c-3(i.TIM_SelectInputTrigger), (12 bytes).
    Removing p33c-3(i.TIM_SelectMasterSlaveMode), (16 bytes).
    Removing p33c-3(i.TIM_SelectOCxM), (70 bytes).
    Removing p33c-3(i.TIM_SelectOnePulseMode), (18 bytes).
    Removing p33c-3(i.TIM_SelectOutputTrigger), (16 bytes).
    Removing p33c-3(i.TIM_SelectSlaveMode), (16 bytes).
    Removing p33c-3(i.TIM_SetAutoreload), (4 bytes).
    Removing p33c-3(i.TIM_SetClockDivision), (14 bytes).
    Removing p33c-3(i.TIM_SetCompare1), (4 bytes).
    Removing p33c-3(i.TIM_SetCompare2), (4 bytes).
    Removing p33c-3(i.TIM_SetCompare3), (4 bytes).
    Removing p33c-3(i.TIM_SetCompare4), (6 bytes).
    Removing p33c-3(i.TIM_SetCounter), (4 bytes).
    Removing p33c-3(i.TIM_SetIC1Prescaler), (16 bytes).
    Removing p33c-3(i.TIM_SetIC3Prescaler), (16 bytes).
    Removing p33c-3(i.TIM_TIxExternalClockConfig), (46 bytes).
    Removing p33c-3(i.TIM_UpdateDisableConfig), (22 bytes).
    Removing p33c-3(i.TIM_UpdateRequestConfig), (22 bytes).
    Removing p33c-3(i.Trig_Functions), (116 bytes).
    Removing p33c-3(i.UART4_IRQHandler), (2 bytes).
    Removing p33c-3(i.UART5_IRQHandler), (2 bytes).
    Removing p33c-3(i.USB_HP_CAN_TX_IRQHandler), (2 bytes).
    Removing p33c-3(i.USB_LP_CAN_RX0_IRQHandler), (2 bytes).
    Removing p33c-3(i.Write595), (72 bytes).
    Removing p33c-3(i.WriteToSeg), (36 bytes).
    Removing p33c-3(i.ili9320_BGR2RGB), (18 bytes).
    Removing p33c-3(i.ili9320_Delay), (10 bytes).
    Removing p33c-3(i.ili9320_Test), (336 bytes).
    Removing p33c-3(.bss), (128 bytes).
    Removing p33c-3(.data), (60 bytes).
    Removing p33c-3(.data), (4 bytes).
    Removing p33c-3(.data), (8 bytes).
    Removing p33c-3(HEAP), (512 bytes).
    Removing dmul.o(.text), (240 bytes).
    Removing dscalb.o(.text), (64 bytes).
    Removing dflti.o(.text), (34 bytes).
    Removing dfixi.o(.text), (82 bytes).
    Removing depilogue.o(.text), (234 bytes).

357 unused section(s) (total 17396 bytes) removed from the image.

==============================================================================

Image Symbol Table

    Local Symbols

    Symbol Name                              Value     Ov Type        Size  Object(Section)

    ../../../cmprslib/zerorunl2.c            0x00000000   Number         0  __dczerorl2.o ABSOLUTE
    ../../microlib/division.c                0x00000000   Number         0  ldiv.o ABSOLUTE
    ../../microlib/division.c                0x00000000   Number         0  uldiv.o ABSOLUTE
    ../../microlib/fpepilogue.c              0x00000000   Number         0  depilogue.o ABSOLUTE
    ../../microlib/fpfix.c                   0x00000000   Number         0  dfixi.o ABSOLUTE
    ../../microlib/fpflt.c                   0x00000000   Number         0  dflti.o ABSOLUTE
    ../../microlib/fpmul.c                   0x00000000   Number         0  dmul.o ABSOLUTE
    ../../microlib/fpscalb.c                 0x00000000   Number         0  dscalb.o ABSOLUTE
    ../../microlib/init/entry.s              0x00000000   Number         0  entry.o ABSOLUTE
    ../../microlib/init/entry.s              0x00000000   Number         0  entry2.o ABSOLUTE
    ../../microlib/init/entry.s              0x00000000   Number         0  entry5.o ABSOLUTE
    ../../microlib/init/entry.s              0x00000000   Number         0  entry7.o ABSOLUTE
    ../../microlib/longlong.c                0x00000000   Number         0  llushr.o ABSOLUTE
    ../../microlib/longlong.c                0x00000000   Number         0  llshl.o ABSOLUTE
    ../../microlib/string/memcpy.c           0x00000000   Number         0  memcpya.o ABSOLUTE
    ../../microlib/string/memcpy.c           0x00000000   Number         0  memcpyb.o ABSOLUTE
    ../../microlib/string/memset.c           0x00000000   Number         0  memseta.o ABSOLUTE
    ../../microlib/stubs.s                   0x00000000   Number         0  iusefp.o ABSOLUTE
    ..\Libraries\CMSIS\CM3\CoreSupport\core_cm3.c 0x00000000   Number         0  p33c-3 ABSOLUTE
    ..\Libraries\CMSIS\CM3\DeviceSupport\ST\STM32F10x\startup\arm\startup_stm32f10x_md.s 0x00000000   Number         0  p33c-3 ABSOLUTE
    ..\Libraries\CMSIS\CM3\DeviceSupport\ST\STM32F10x\system_stm32f10x.c 0x00000000   Number         0  p33c-3 ABSOLUTE
    ..\Libraries\STM32F10x_StdPeriph_Driver\src\misc.c 0x00000000   Number         0  p33c-3 ABSOLUTE
    ..\Libraries\STM32F10x_StdPeriph_Driver\src\stm32f10x_adc.c 0x00000000   Number         0  p33c-3 ABSOLUTE
    ..\Libraries\STM32F10x_StdPeriph_Driver\src\stm32f10x_dbgmcu.c 0x00000000   Number         0  p33c-3 ABSOLUTE
    ..\Libraries\STM32F10x_StdPeriph_Driver\src\stm32f10x_flash.c 0x00000000   Number         0  p33c-3 ABSOLUTE
    ..\Libraries\STM32F10x_StdPeriph_Driver\src\stm32f10x_gpio.c 0x00000000   Number         0  p33c-3 ABSOLUTE
    ..\Libraries\STM32F10x_StdPeriph_Driver\src\stm32f10x_rcc.c 0x00000000   Number         0  p33c-3 ABSOLUTE
    ..\Libraries\STM32F10x_StdPeriph_Driver\src\stm32f10x_spi.c 0x00000000   Number         0  p33c-3 ABSOLUTE
    ..\Libraries\STM32F10x_StdPeriph_Driver\src\stm32f10x_tim.c 0x00000000   Number         0  p33c-3 ABSOLUTE
    ..\\Libraries\\CMSIS\\CM3\\CoreSupport\\core_cm3.c 0x00000000   Number         0  p33c-3 ABSOLUTE
    ..\src\MC_Clarke_Park.c                  0x00000000   Number         0  p33c-3 ABSOLUTE
    ..\src\MC_Display.c                      0x00000000   Number         0  p33c-3 ABSOLUTE
    ..\src\MC_FOC_Drive.c                    0x00000000   Number         0  p33c-3 ABSOLUTE
    ..\src\MC_FOC_Methods.c                  0x00000000   Number         0  p33c-3 ABSOLUTE
    ..\src\MC_Globals.c                      0x00000000   Number         0  p33c-3 ABSOLUTE
    ..\src\MC_Keys.c                         0x00000000   Number         0  p33c-3 ABSOLUTE
    ..\src\MC_MotorControl_Layer.c           0x00000000   Number         0  p33c-3 ABSOLUTE
    ..\src\MC_PID_regulators.c               0x00000000   Number         0  p33c-3 ABSOLUTE
    ..\src\MC_State_Observer.c               0x00000000   Number         0  p33c-3 ABSOLUTE
    ..\src\MC_State_Observer_Interface.c     0x00000000   Number         0  p33c-3 ABSOLUTE
    ..\src\main.c                            0x00000000   Number         0  p33c-3 ABSOLUTE
    ..\src\spi_flash.c                       0x00000000   Number         0  p33c-3 ABSOLUTE
    ..\src\stm3210e_lcd.c                    0x00000000   Number         0  p33c-3 ABSOLUTE
    ..\src\stm32f10x_MCdac.c                 0x00000000   Number         0  p33c-3 ABSOLUTE
    ..\src\stm32f10x_Timebase.c              0x00000000   Number         0  p33c-3 ABSOLUTE
    ..\src\stm32f10x_encoder.c               0x00000000   Number         0  p33c-3 ABSOLUTE
    ..\src\stm32f10x_hall.c                  0x00000000   Number         0  p33c-3 ABSOLUTE
    ..\src\stm32f10x_svpwm_1shunt.c          0x00000000   Number         0  p33c-3 ABSOLUTE
    ..\src\stm32f10x_svpwm_3shunt.c          0x00000000   Number         0  p33c-3 ABSOLUTE
    ..\src\stm32f10x_svpwm_ics.c             0x00000000   Number         0  p33c-3 ABSOLUTE
    ..\stm32f10x_it.c                        0x00000000   Number         0  p33c-3 ABSOLUTE
    dc.s                                     0x00000000   Number         0  dc.o ABSOLUTE
    handlers.s                               0x00000000   Number         0  handlers.o ABSOLUTE
    init.s                                   0x00000000   Number         0  init.o ABSOLUTE
    RESET                                    0x08000000   Section      236  p33c-3(RESET)
    .ARM.Collect$$$$00000000                 0x080000ec   Section        0  entry.o(.ARM.Collect$$$$00000000)
    .ARM.Collect$$$$00000001                 0x080000ec   Section        4  entry2.o(.ARM.Collect$$$$00000001)
    .ARM.Collect$$$$00000004                 0x080000f0   Section        4  entry5.o(.ARM.Collect$$$$00000004)
    .ARM.Collect$$$$00000007                 0x080000f4   Section        8  entry7.o(.ARM.Collect$$$$00000007)
    .ARM.Collect$$$$00002712                 0x080000fc   Section        4  entry2.o(.ARM.Collect$$$$00002712)
    __lit__00000000                          0x080000fc   Data           4  entry2.o(.ARM.Collect$$$$00002712)
    .text                                    0x08000100   Section       36  p33c-3(.text)
    .text                                    0x08000124   Section        0  ldiv.o(.text)
    .text                                    0x0800018e   Section        0  uldiv.o(.text)
    .text                                    0x080001e8   Section        0  llushr.o(.text)
    .text                                    0x08000208   Section       36  init.o(.text)
    .text                                    0x0800022c   Section        0  llshl.o(.text)
    .text                                    0x0800024c   Section        0  __dczerorl2.o(.text)
    i.ADC1_2_IRQHandler                      0x080002ac   Section        0  p33c-3(i.ADC1_2_IRQHandler)
    i.ADC_InjectedChannelConfig              0x08000418   Section        0  p33c-3(i.ADC_InjectedChannelConfig)
    i.BusFault_Handler                       0x08000462   Section        0  p33c-3(i.BusFault_Handler)
    i.Clarke                                 0x08000464   Section        0  p33c-3(i.Clarke)
    i.ComputeVisualization                   0x08000498   Section        0  p33c-3(i.ComputeVisualization)
    i.DBGMCU_Config                          0x080004ec   Section        0  p33c-3(i.DBGMCU_Config)
    i.DMA1_Channel1_IRQHandler               0x08000504   Section        0  p33c-3(i.DMA1_Channel1_IRQHandler)
    i.DMA1_Channel2_IRQHandler               0x08000506   Section        0  p33c-3(i.DMA1_Channel2_IRQHandler)
    i.DMA1_Channel3_IRQHandler               0x08000508   Section        0  p33c-3(i.DMA1_Channel3_IRQHandler)
    i.DMA1_Channel4_IRQHandler               0x0800050a   Section        0  p33c-3(i.DMA1_Channel4_IRQHandler)
    i.DMA1_Channel5_IRQHandler               0x0800050c   Section        0  p33c-3(i.DMA1_Channel5_IRQHandler)
    i.DMA1_Channel6_IRQHandler               0x0800050e   Section        0  p33c-3(i.DMA1_Channel6_IRQHandler)
    i.DMA1_Channel7_IRQHandler               0x08000510   Section        0  p33c-3(i.DMA1_Channel7_IRQHandler)
    i.DataToWrite                            0x08000514   Section        0  p33c-3(i.DataToWrite)
    i.DebugMon_Handler                       0x08000544   Section        0  p33c-3(i.DebugMon_Handler)
    i.Delay_nms                              0x08000546   Section        0  p33c-3(i.Delay_nms)
    i.Display_5DigitSignedNumber             0x0800055a   Section        0  p33c-3(i.Display_5DigitSignedNumber)
    i.Display_LCD                            0x080005e8   Section        0  p33c-3(i.Display_LCD)
    i.Display_Welcome_Message                0x08001324   Section        0  p33c-3(i.Display_Welcome_Message)
    i.ENC_Calc_Average_Speed                 0x0800138c   Section        0  p33c-3(i.ENC_Calc_Average_Speed)
    i.ENC_Calc_Rot_Speed                     0x08001420   Section        0  p33c-3(i.ENC_Calc_Rot_Speed)
    i.ENC_Clear_Speed_Buffer                 0x080014bc   Section        0  p33c-3(i.ENC_Clear_Speed_Buffer)
    i.ENC_Init                               0x080014e0   Section        0  p33c-3(i.ENC_Init)
    i.ENC_Start_Up                           0x080015a8   Section        0  p33c-3(i.ENC_Start_Up)
    i.EXTI0_IRQHandler                       0x080016d8   Section        0  p33c-3(i.EXTI0_IRQHandler)
    i.EXTI15_10_IRQHandler                   0x080016da   Section        0  p33c-3(i.EXTI15_10_IRQHandler)
    i.EXTI1_IRQHandler                       0x080016dc   Section        0  p33c-3(i.EXTI1_IRQHandler)
    i.EXTI2_IRQHandler                       0x080016de   Section        0  p33c-3(i.EXTI2_IRQHandler)
    i.EXTI3_IRQHandler                       0x080016e0   Section        0  p33c-3(i.EXTI3_IRQHandler)
    i.EXTI4_IRQHandler                       0x080016e2   Section        0  p33c-3(i.EXTI4_IRQHandler)
    i.EXTI9_5_IRQHandler                     0x080016e4   Section        0  p33c-3(i.EXTI9_5_IRQHandler)
    i.FLASH_IRQHandler                       0x080016e6   Section        0  p33c-3(i.FLASH_IRQHandler)
    i.FOC_CalcFluxTorqueRef                  0x080016e8   Section        0  p33c-3(i.FOC_CalcFluxTorqueRef)
    i.FOC_FluxRegulator                      0x080017bc   Section        0  p33c-3(i.FOC_FluxRegulator)
    i.FOC_FluxRegulator_Init                 0x08001888   Section        0  p33c-3(i.FOC_FluxRegulator_Init)
    i.FOC_FluxRegulator_Update               0x080018e4   Section        0  p33c-3(i.FOC_FluxRegulator_Update)
    i.FOC_Init                               0x080018fc   Section        0  p33c-3(i.FOC_Init)
    i.FOC_Model                              0x0800196c   Section        0  p33c-3(i.FOC_Model)
    i.FOC_TorqueCtrl                         0x08001a98   Section        0  p33c-3(i.FOC_TorqueCtrl)
    i.GPIO_Configuration                     0x08001ab4   Section        0  p33c-3(i.GPIO_Configuration)
    i.GPIO_DeInit                            0x08001b10   Section        0  p33c-3(i.GPIO_DeInit)
    i.GPIO_Init                              0x08001bc4   Section        0  p33c-3(i.GPIO_Init)
    i.GPIO_PinRemapConfig                    0x08001c64   Section        0  p33c-3(i.GPIO_PinRemapConfig)
    i.GPIO_ReadInputDataBit                  0x08001cbc   Section        0  p33c-3(i.GPIO_ReadInputDataBit)
    i.HardFault_Handler                      0x08001cca   Section        0  p33c-3(i.HardFault_Handler)
    i.I2C1_ER_IRQHandler                     0x08001ccc   Section        0  p33c-3(i.I2C1_ER_IRQHandler)
    i.I2C1_EV_IRQHandler                     0x08001cce   Section        0  p33c-3(i.I2C1_EV_IRQHandler)
    i.I2C2_ER_IRQHandler                     0x08001cd0   Section        0  p33c-3(i.I2C2_ER_IRQHandler)
    i.I2C2_EV_IRQHandler                     0x08001cd2   Section        0  p33c-3(i.I2C2_EV_IRQHandler)
    i.KEYS_Read                              0x08001cd4   Section        0  p33c-3(i.KEYS_Read)
    i.KEYS_SEG_Init                          0x08001d84   Section        0  p33c-3(i.KEYS_SEG_Init)
    i.KEYS_process                           0x08001e1c   Section        0  p33c-3(i.KEYS_process)
    i.LCD_ClearLine                          0x0800223c   Section        0  p33c-3(i.LCD_ClearLine)
    i.LCD_DisplayChar                        0x0800225c   Section        0  p33c-3(i.LCD_DisplayChar)
    i.LCD_DisplayStringLine                  0x08002274   Section        0  p33c-3(i.LCD_DisplayStringLine)
    i.LCD_DrawChar                           0x080022b0   Section        0  p33c-3(i.LCD_DrawChar)
    i.LCD_DrawLine                           0x08002320   Section        0  p33c-3(i.LCD_DrawLine)
    i.LCD_DrawRect                           0x0800239c   Section        0  p33c-3(i.LCD_DrawRect)
    i.LCD_SetCursor                          0x080023dc   Section        0  p33c-3(i.LCD_SetCursor)
    i.LCD_WR_REG                             0x080023f4   Section        0  p33c-3(i.LCD_WR_REG)
    i.Lcd_Clear                              0x08002438   Section        0  p33c-3(i.Lcd_Clear)
    i.Lcd_Configuration                      0x080024a0   Section        0  p33c-3(i.Lcd_Configuration)
    i.Lcd_Initialize                         0x0800250c   Section        0  p33c-3(i.Lcd_Initialize)
    i.Lcd_SetCursor                          0x08002f6a   Section        0  p33c-3(i.Lcd_SetCursor)
    i.Lcd_WR_Start                           0x08002f84   Section        0  p33c-3(i.Lcd_WR_Start)
    i.MCDAC_Init                             0x08002fb0   Section        0  p33c-3(i.MCDAC_Init)
    i.MCDAC_Output_Choice                    0x0800305c   Section        0  p33c-3(i.MCDAC_Output_Choice)
    i.MCDAC_Output_Var_Name                  0x0800309c   Section        0  p33c-3(i.MCDAC_Output_Var_Name)
    i.MCDAC_Update_Output                    0x080030bc   Section        0  p33c-3(i.MCDAC_Update_Output)
    i.MCL_Brake_Init                         0x08003104   Section        0  p33c-3(i.MCL_Brake_Init)
    i.MCL_ChkPowerStage                      0x08003130   Section        0  p33c-3(i.MCL_ChkPowerStage)
    i.MCL_Chk_BusVolt                        0x08003154   Section        0  p33c-3(i.MCL_Chk_BusVolt)
    i.MCL_Chk_OverTemp                       0x08003178   Section        0  p33c-3(i.MCL_Chk_OverTemp)
    i.MCL_ClearFault                         0x080031b0   Section        0  p33c-3(i.MCL_ClearFault)
    i.MCL_Compute_BusVolt                    0x08003254   Section        0  p33c-3(i.MCL_Compute_BusVolt)
    i.MCL_Compute_Temp                       0x08003270   Section        0  p33c-3(i.MCL_Compute_Temp)
    i.MCL_Init                               0x0800328c   Section        0  p33c-3(i.MCL_Init)
    i.MCL_Init_Arrays                        0x080032ec   Section        0  p33c-3(i.MCL_Init_Arrays)
    i.MCL_Reset_PID_IntegralTerms            0x08003300   Section        0  p33c-3(i.MCL_Reset_PID_IntegralTerms)
    i.MCL_SetFault                           0x0800331c   Section        0  p33c-3(i.MCL_SetFault)
    i.MemManage_Handler                      0x08003360   Section        0  p33c-3(i.MemManage_Handler)
    i.NMI_Handler                            0x08003362   Section        0  p33c-3(i.NMI_Handler)
    i.NVIC_Init                              0x08003364   Section        0  p33c-3(i.NVIC_Init)
    i.NVIC_SetPriority                       0x080033c0   Section        0  p33c-3(i.NVIC_SetPriority)
    NVIC_SetPriority                         0x080033c1   Thumb Code    32  p33c-3(i.NVIC_SetPriority)
    i.PID_Init                               0x080033e0   Section        0  p33c-3(i.PID_Init)
    i.PID_Regulator                          0x080034a4   Section        0  p33c-3(i.PID_Regulator)
    i.PVD_IRQHandler                         0x08003510   Section        0  p33c-3(i.PVD_IRQHandler)
    i.Park                                   0x08003514   Section        0  p33c-3(i.Park)
    i.PendSV_Handler                         0x080035ec   Section        0  p33c-3(i.PendSV_Handler)
    i.RCC_APB1PeriphClockCmd                 0x080035f0   Section        0  p33c-3(i.RCC_APB1PeriphClockCmd)
    i.RCC_APB1PeriphResetCmd                 0x08003608   Section        0  p33c-3(i.RCC_APB1PeriphResetCmd)
    i.RCC_APB2PeriphClockCmd                 0x08003620   Section        0  p33c-3(i.RCC_APB2PeriphClockCmd)
    i.RCC_APB2PeriphResetCmd                 0x08003638   Section        0  p33c-3(i.RCC_APB2PeriphResetCmd)
    i.RCC_IRQHandler                         0x08003650   Section        0  p33c-3(i.RCC_IRQHandler)
    i.RTCAlarm_IRQHandler                    0x08003652   Section        0  p33c-3(i.RTCAlarm_IRQHandler)
    i.RTC_IRQHandler                         0x08003654   Section        0  p33c-3(i.RTC_IRQHandler)
    i.RevPark_Circle_Limitation              0x08003658   Section        0  p33c-3(i.RevPark_Circle_Limitation)
    i.Rev_Park                               0x080036ac   Section        0  p33c-3(i.Rev_Park)
    i.SPI1_IRQHandler                        0x08003704   Section        0  p33c-3(i.SPI1_IRQHandler)
    i.SPI2_IRQHandler                        0x08003706   Section        0  p33c-3(i.SPI2_IRQHandler)
    i.SPI_Cmd                                0x08003708   Section        0  p33c-3(i.SPI_Cmd)
    i.SPI_FLASH_Init                         0x0800371c   Section        0  p33c-3(i.SPI_FLASH_Init)
    i.SPI_FLASH_SendByte                     0x080037e0   Section        0  p33c-3(i.SPI_FLASH_SendByte)
    i.SPI_I2S_GetFlagStatus                  0x0800380c   Section        0  p33c-3(i.SPI_I2S_GetFlagStatus)
    i.SPI_Init                               0x0800381a   Section        0  p33c-3(i.SPI_Init)
    i.SVC_Handler                            0x08003852   Section        0  p33c-3(i.SVC_Handler)
    i.SVPWM_3ShuntAdvCurrentReading          0x08003854   Section        0  p33c-3(i.SVPWM_3ShuntAdvCurrentReading)
    i.SVPWM_3ShuntCalcDutyCycles             0x080038a4   Section        0  p33c-3(i.SVPWM_3ShuntCalcDutyCycles)
    i.SVPWM_3ShuntCurrentReadingCalibration  0x08003c5c   Section        0  p33c-3(i.SVPWM_3ShuntCurrentReadingCalibration)
    i.SVPWM_3ShuntGetPhaseCurrentValues      0x08003dd0   Section        0  p33c-3(i.SVPWM_3ShuntGetPhaseCurrentValues)
    i.SVPWM_3ShuntInit                       0x08003ef0   Section        0  p33c-3(i.SVPWM_3ShuntInit)
    i.SetSysClockTo72                        0x080042c8   Section        0  p33c-3(i.SetSysClockTo72)
    SetSysClockTo72                          0x080042c9   Thumb Code   136  p33c-3(i.SetSysClockTo72)
    i.SysTick_CLKSourceConfig                0x08004358   Section        0  p33c-3(i.SysTick_CLKSourceConfig)
    i.SysTick_Handler                        0x08004370   Section        0  p33c-3(i.SysTick_Handler)
    i.SystemInit                             0x08004424   Section        0  p33c-3(i.SystemInit)
    i.TAMPER_IRQHandler                      0x08004464   Section        0  p33c-3(i.TAMPER_IRQHandler)
    i.TB_DebounceDelay_IsElapsed             0x08004468   Section        0  p33c-3(i.TB_DebounceDelay_IsElapsed)
    i.TB_Delay_IsElapsed                     0x0800447c   Section        0  p33c-3(i.TB_Delay_IsElapsed)
    i.TB_DisplayDelay_IsElapsed              0x08004490   Section        0  p33c-3(i.TB_DisplayDelay_IsElapsed)
    i.TB_Init                                0x080044a4   Section        0  p33c-3(i.TB_Init)
    i.TB_StartUp_Timeout_IsElapsed           0x08004500   Section        0  p33c-3(i.TB_StartUp_Timeout_IsElapsed)
    i.TI1_Config                             0x08004514   Section        0  p33c-3(i.TI1_Config)
    TI1_Config                               0x08004515   Thumb Code    40  p33c-3(i.TI1_Config)
    i.TI2_Config                             0x0800453c   Section        0  p33c-3(i.TI2_Config)
    TI2_Config                               0x0800453d   Thumb Code    44  p33c-3(i.TI2_Config)
    i.TIM1_BRK_IRQHandler                    0x08004568   Section        0  p33c-3(i.TIM1_BRK_IRQHandler)
    i.TIM1_CC_IRQHandler                     0x080045d0   Section        0  p33c-3(i.TIM1_CC_IRQHandler)
    i.TIM1_TRG_COM_IRQHandler                0x080045d2   Section        0  p33c-3(i.TIM1_TRG_COM_IRQHandler)
    i.TIM1_UP_IRQHandler                     0x080045d4   Section        0  p33c-3(i.TIM1_UP_IRQHandler)
    i.TIM2_IRQHandler                        0x080045fc   Section        0  p33c-3(i.TIM2_IRQHandler)
    i.TIM3_IRQHandler                        0x08004624   Section        0  p33c-3(i.TIM3_IRQHandler)
    i.TIM4_IRQHandler                        0x08004626   Section        0  p33c-3(i.TIM4_IRQHandler)
    i.TIM_Cmd                                0x08004628   Section        0  p33c-3(i.TIM_Cmd)
    i.TIM_CtrlPWMOutputs                     0x0800463e   Section        0  p33c-3(i.TIM_CtrlPWMOutputs)
    i.TIM_DeInit                             0x08004654   Section        0  p33c-3(i.TIM_DeInit)
    i.TIM_EncoderInterfaceConfig             0x0800474c   Section        0  p33c-3(i.TIM_EncoderInterfaceConfig)
    i.TIM_ICInit                             0x08004778   Section        0  p33c-3(i.TIM_ICInit)
    i.TIM_ICStructInit                       0x08004824   Section        0  p33c-3(i.TIM_ICStructInit)
    i.TIM_ITConfig                           0x08004834   Section        0  p33c-3(i.TIM_ITConfig)
    i.TIM_OC1Init                            0x08004844   Section        0  p33c-3(i.TIM_OC1Init)
    i.TIM_OC2Init                            0x080048c4   Section        0  p33c-3(i.TIM_OC2Init)
    i.TIM_OC3Init                            0x08004940   Section        0  p33c-3(i.TIM_OC3Init)
    i.TIM_OC4Init                            0x080049b8   Section        0  p33c-3(i.TIM_OC4Init)
    i.TIM_OCStructInit                       0x08004a18   Section        0  p33c-3(i.TIM_OCStructInit)
    i.TIM_SetIC2Prescaler                    0x08004a2c   Section        0  p33c-3(i.TIM_SetIC2Prescaler)
    i.TIM_SetIC4Prescaler                    0x08004a3e   Section        0  p33c-3(i.TIM_SetIC4Prescaler)
    i.TIM_TimeBaseInit                       0x08004a50   Section        0  p33c-3(i.TIM_TimeBaseInit)
    i.TIM_TimeBaseStructInit                 0x08004af8   Section        0  p33c-3(i.TIM_TimeBaseStructInit)
    i.Test_Color                             0x08004b0c   Section        0  p33c-3(i.Test_Color)
    i.USART1_IRQHandler                      0x08004cc4   Section        0  p33c-3(i.USART1_IRQHandler)
    i.USART2_IRQHandler                      0x08004cc6   Section        0  p33c-3(i.USART2_IRQHandler)
    i.USART3_IRQHandler                      0x08004cc8   Section        0  p33c-3(i.USART3_IRQHandler)
    i.USBWakeUp_IRQHandler                   0x08004cca   Section        0  p33c-3(i.USBWakeUp_IRQHandler)
    i.UsageFault_Handler                     0x08004ccc   Section        0  p33c-3(i.UsageFault_Handler)
    i.WWDG_IRQHandler                        0x08004cce   Section        0  p33c-3(i.WWDG_IRQHandler)
    i.__scatterload_copy                     0x08004cd0   Section       14  handlers.o(i.__scatterload_copy)
    i.__scatterload_null                     0x08004cde   Section        2  handlers.o(i.__scatterload_null)
    i.__scatterload_zeroinit                 0x08004ce0   Section       14  handlers.o(i.__scatterload_zeroinit)
    i.ili9320_WriteData                      0x08004cf0   Section        0  p33c-3(i.ili9320_WriteData)
    i.ili9320_WriteIndex                     0x08004d18   Section        0  p33c-3(i.ili9320_WriteIndex)
    i.ili9320_WriteRegister                  0x08004d40   Section        0  p33c-3(i.ili9320_WriteRegister)
    i.main                                   0x08004d60   Section        0  p33c-3(i.main)
    .constdata                               0x08004eac   Section     5232  p33c-3(.constdata)
    .conststring                             0x0800631c   Section      483  p33c-3(.conststring)
    .data                                    0x20000000   Section       24  p33c-3(.data)
    hIdDemag                                 0x20000000   Data           2  p33c-3(.data)
    hIdRefOld                                0x20000002   Data           2  p33c-3(.data)
    wNominalCurrent                          0x20000004   Data           4  p33c-3(.data)
    wVMagn                                   0x20000008   Data           4  p33c-3(.data)
    wConstant_1Q                             0x2000000c   Data           4  p33c-3(.data)
    wConstant_1D                             0x20000010   Data           4  p33c-3(.data)
    wConstant_2                              0x20000014   Data           4  p33c-3(.data)
    .data                                    0x20000018   Section      285  p33c-3(.data)
    Start_Up_State                           0x20000018   Data           1  p33c-3(.data)
    bCounter                                 0x20000019   Data           1  p33c-3(.data)
    i                                        0x2000001a   Data           1  p33c-3(.data)
    j                                        0x2000001b   Data           1  p33c-3(.data)
    sign                                     0x2000001c   Data           1  p33c-3(.data)
    DATA_74HC595_74HC165                     0x2000001d   Data           1  p33c-3(.data)
    ch                                       0x2000001e   Data           1  p33c-3(.data)
    bKey                                     0x2000001f   Data           1  p33c-3(.data)
    bPrevious_key                            0x20000020   Data           1  p33c-3(.data)
    bKey_Flag                                0x20000021   Data           1  p33c-3(.data)
    bPrevious_Visualization                  0x20000023   Data           1  p33c-3(.data)
    bPresent_Visualization                   0x20000024   Data           1  p33c-3(.data)
    bSpeed_Buffer_Index                      0x20000025   Data           1  p33c-3(.data)
    bIs_First_Measurement                    0x20000026   Data           1  p33c-3(.data)
    bError_Speed_Measurement                 0x20000027   Data           1  p33c-3(.data)
    bError_counter                           0x20000028   Data           1  p33c-3(.data)
    h_BusV_Average                           0x2000003e   Data           2  p33c-3(.data)
    hAngle                                   0x20000044   Data           2  p33c-3(.data)
    bConvCounter                             0x20000046   Data           2  p33c-3(.data)
    hFreq_Inc                                0x20000048   Data           2  p33c-3(.data)
    hPrevious_angle                          0x2000004a   Data           2  p33c-3(.data)
    hRot_Speed                               0x2000004c   Data           2  p33c-3(.data)
    hEncoder_Timer_Overflow                  0x2000004e   Data           2  p33c-3(.data)
    hPrevRotorFreq                           0x20000050   Data           2  p33c-3(.data)
    hElectrical_Angle                        0x20000054   Data           2  p33c-3(.data)
    hRotorFreq_dpp                           0x20000056   Data           2  p33c-3(.data)
    hStart_Up_TimeLeft_500us                 0x20000058   Data           2  p33c-3(.data)
    hTimebase_500us                          0x2000005a   Data           2  p33c-3(.data)
    hTimebase_display_500us                  0x2000005c   Data           2  p33c-3(.data)
    hKey_debounce_500us                      0x2000005e   Data           2  p33c-3(.data)
    hSpeedMeas_Timebase_500us                0x20000060   Data           2  p33c-3(.data)
    bIndex                                   0x20000062   Data           2  p33c-3(.data)
    TextColor                                0x2000006a   Data           2  p33c-3(.data)
    BackColor                                0x2000006c   Data           2  p33c-3(.data)
    Vector_Components                        0x20000074   Data           4  p33c-3(.data)
    Stat_Curr_q_d_ref                        0x20000078   Data           4  p33c-3(.data)
    Stat_Curr_q_d_ref_ref                    0x2000007c   Data           4  p33c-3(.data)
    Stat_Volt_q_d_1                          0x20000080   Data           4  p33c-3(.data)
    w_Temp_Average                           0x20000084   Data           4  p33c-3(.data)
    wTime                                    0x20000088   Data           4  p33c-3(.data)
    wStart_Up_Freq                           0x2000008c   Data           4  p33c-3(.data)
    wStart_Up_I                              0x20000090   Data           4  p33c-3(.data)
    hI_Inc                                   0x20000094   Data           4  p33c-3(.data)
    wTimebase                                0x20000098   Data           4  p33c-3(.data)
    ADCPrescTable                            0x2000009c   Data           4  p33c-3(.data)
    APBAHBPrescTable                         0x20000125   Data          16  p33c-3(.data)
    .data                                    0x20000138   Section        4  p33c-3(.data)
    .data                                    0x2000013c   Section        4  p33c-3(.data)
    .data                                    0x20000140   Section        4  p33c-3(.data)
    .data                                    0x20000144   Section        4  p33c-3(.data)
    .data                                    0x20000148   Section        4  p33c-3(.data)
    .data                                    0x2000014c   Section        4  p33c-3(.data)
    .data                                    0x20000150   Section        1  p33c-3(.data)
    .data                                    0x20000152   Section        2  p33c-3(.data)
    .data                                    0x20000154   Section        2  p33c-3(.data)
    .data                                    0x20000156   Section        2  p33c-3(.data)
    .bss                                     0x20000158   Section      100  p33c-3(.bss)
    MTPA_InitStructure                       0x20000158   Data          68  p33c-3(.bss)
    PI_Stat_Volt_InitStructure               0x2000019c   Data          32  p33c-3(.bss)
    .bss                                     0x200001bc   Section       32  p33c-3(.bss)
    .bss                                     0x200001dc   Section       32  p33c-3(.bss)
    .bss                                     0x200001fc   Section       32  p33c-3(.bss)
    .bss                                     0x2000021c   Section       98  p33c-3(.bss)
    hSpeed_Buffer                            0x2000021c   Data          16  p33c-3(.bss)
    STACK                                    0x20000280   Section     1024  p33c-3(STACK)

    Global Symbols

    Symbol Name                              Value     Ov Type        Size  Object(Section)

    BuildAttributes$$THM_ISAv4$P$D$K$B$S$PE$A:L22UL41UL21$X:L11$S22US41US21$IEEE1$IW$USESV6$~STKCKD$USESV7$~SHL$OTIME$ROPI$EBA8$MICROLIB$REQ8$PRES8$EABIv2 0x00000000   Number         0  anon$$obj.o ABSOLUTE
    __ARM_use_no_argv                        0x00000000   Number         0  p33c-3 ABSOLUTE
    __Vectors_Size                           0x000000ec   Number         0  p33c-3 ABSOLUTE
    __Vectors                                0x08000000   Data           4  p33c-3(RESET)
    __Vectors_End                            0x080000ec   Data           0  p33c-3(RESET)
    __main                                   0x080000ed   Thumb Code     0  entry.o(.ARM.Collect$$$$00000000)
    _main_stk                                0x080000ed   Thumb Code     0  entry2.o(.ARM.Collect$$$$00000001)
    _main_scatterload                        0x080000f1   Thumb Code     0  entry5.o(.ARM.Collect$$$$00000004)
    __main_after_scatterload                 0x080000f5   Thumb Code     0  entry5.o(.ARM.Collect$$$$00000004)
    _main_init                               0x080000f5   Thumb Code     0  entry7.o(.ARM.Collect$$$$00000007)
    Reset_Handler                            0x08000101   Thumb Code     8  p33c-3(.text)
    CAN1_RX1_IRQHandler                      0x0800011b   Thumb Code     0  p33c-3(.text)
    CAN1_SCE_IRQHandler                      0x0800011b   Thumb Code     0  p33c-3(.text)
    USB_HP_CAN1_TX_IRQHandler                0x0800011b   Thumb Code     0  p33c-3(.text)
    USB_LP_CAN1_RX0_IRQHandler               0x0800011b   Thumb Code     0  p33c-3(.text)
    __aeabi_ldivmod                          0x08000125   Thumb Code   106  ldiv.o(.text)
    __aeabi_uldivmod                         0x0800018f   Thumb Code    90  uldiv.o(.text)
    __aeabi_llsr                             0x080001e9   Thumb Code    30  llushr.o(.text)
    _ll_ushift_r                             0x080001e9   Thumb Code     0  llushr.o(.text)
    __scatterload                            0x08000209   Thumb Code    28  init.o(.text)
    __scatterload_rt2                        0x08000209   Thumb Code     0  init.o(.text)
    __aeabi_llsl                             0x0800022d   Thumb Code    32  llshl.o(.text)
    _ll_shift_l                              0x0800022d   Thumb Code     0  llshl.o(.text)
    __decompress                             0x0800024d   Thumb Code     0  __dczerorl2.o(.text)
    __decompress1                            0x0800024d   Thumb Code    94  __dczerorl2.o(.text)
    ADC1_2_IRQHandler                        0x080002ad   Thumb Code   292  p33c-3(i.ADC1_2_IRQHandler)
    ADC_InjectedChannelConfig                0x08000419   Thumb Code    74  p33c-3(i.ADC_InjectedChannelConfig)
    BusFault_Handler                         0x08000463   Thumb Code     2  p33c-3(i.BusFault_Handler)
    Clarke                                   0x08000465   Thumb Code    50  p33c-3(i.Clarke)
    ComputeVisualization                     0x08000499   Thumb Code    80  p33c-3(i.ComputeVisualization)
    DBGMCU_Config                            0x080004ed   Thumb Code    18  p33c-3(i.DBGMCU_Config)
    DMA1_Channel1_IRQHandler                 0x08000505   Thumb Code     2  p33c-3(i.DMA1_Channel1_IRQHandler)
    DMA1_Channel2_IRQHandler                 0x08000507   Thumb Code     2  p33c-3(i.DMA1_Channel2_IRQHandler)
    DMA1_Channel3_IRQHandler                 0x08000509   Thumb Code     2  p33c-3(i.DMA1_Channel3_IRQHandler)
    DMA1_Channel4_IRQHandler                 0x0800050b   Thumb Code     2  p33c-3(i.DMA1_Channel4_IRQHandler)
    DMA1_Channel5_IRQHandler                 0x0800050d   Thumb Code     2  p33c-3(i.DMA1_Channel5_IRQHandler)
    DMA1_Channel6_IRQHandler                 0x0800050f   Thumb Code     2  p33c-3(i.DMA1_Channel6_IRQHandler)
    DMA1_Channel7_IRQHandler                 0x08000511   Thumb Code     2  p33c-3(i.DMA1_Channel7_IRQHandler)
    DataToWrite                              0x08000515   Thumb Code    38  p33c-3(i.DataToWrite)
    DebugMon_Handler                         0x08000545   Thumb Code     2  p33c-3(i.DebugMon_Handler)
    Delay_nms                                0x08000547   Thumb Code    20  p33c-3(i.Delay_nms)
    Display_5DigitSignedNumber               0x0800055b   Thumb Code   140  p33c-3(i.Display_5DigitSignedNumber)
    Display_LCD                              0x080005e9   Thumb Code  3386  p33c-3(i.Display_LCD)
    Display_Welcome_Message                  0x08001325   Thumb Code    30  p33c-3(i.Display_Welcome_Message)
    ENC_Calc_Average_Speed                   0x0800138d   Thumb Code   136  p33c-3(i.ENC_Calc_Average_Speed)
    ENC_Calc_Rot_Speed                       0x08001421   Thumb Code   150  p33c-3(i.ENC_Calc_Rot_Speed)
    ENC_Clear_Speed_Buffer                   0x080014bd   Thumb Code    26  p33c-3(i.ENC_Clear_Speed_Buffer)
    ENC_Init                                 0x080014e1   Thumb Code   194  p33c-3(i.ENC_Init)
    ENC_Start_Up                             0x080015a9   Thumb Code   254  p33c-3(i.ENC_Start_Up)
    EXTI0_IRQHandler                         0x080016d9   Thumb Code     2  p33c-3(i.EXTI0_IRQHandler)
    EXTI15_10_IRQHandler                     0x080016db   Thumb Code     2  p33c-3(i.EXTI15_10_IRQHandler)
    EXTI1_IRQHandler                         0x080016dd   Thumb Code     2  p33c-3(i.EXTI1_IRQHandler)
    EXTI2_IRQHandler                         0x080016df   Thumb Code     2  p33c-3(i.EXTI2_IRQHandler)
    EXTI3_IRQHandler                         0x080016e1   Thumb Code     2  p33c-3(i.EXTI3_IRQHandler)
    EXTI4_IRQHandler                         0x080016e3   Thumb Code     2  p33c-3(i.EXTI4_IRQHandler)
    EXTI9_5_IRQHandler                       0x080016e5   Thumb Code     2  p33c-3(i.EXTI9_5_IRQHandler)
    FLASH_IRQHandler                         0x080016e7   Thumb Code     2  p33c-3(i.FLASH_IRQHandler)
    FOC_CalcFluxTorqueRef                    0x080016e9   Thumb Code   186  p33c-3(i.FOC_CalcFluxTorqueRef)
    FOC_FluxRegulator                        0x080017bd   Thumb Code   196  p33c-3(i.FOC_FluxRegulator)
    FOC_FluxRegulator_Init                   0x08001889   Thumb Code    82  p33c-3(i.FOC_FluxRegulator_Init)
    FOC_FluxRegulator_Update                 0x080018e5   Thumb Code    14  p33c-3(i.FOC_FluxRegulator_Update)
    FOC_Init                                 0x080018fd   Thumb Code   102  p33c-3(i.FOC_Init)
    FOC_Model                                0x0800196d   Thumb Code   264  p33c-3(i.FOC_Model)
    FOC_TorqueCtrl                           0x08001a99   Thumb Code    16  p33c-3(i.FOC_TorqueCtrl)
    GPIO_Configuration                       0x08001ab5   Thumb Code    84  p33c-3(i.GPIO_Configuration)
    GPIO_DeInit                              0x08001b11   Thumb Code   152  p33c-3(i.GPIO_DeInit)
    GPIO_Init                                0x08001bc5   Thumb Code   158  p33c-3(i.GPIO_Init)
    GPIO_PinRemapConfig                      0x08001c65   Thumb Code    82  p33c-3(i.GPIO_PinRemapConfig)
    GPIO_ReadInputDataBit                    0x08001cbd   Thumb Code    14  p33c-3(i.GPIO_ReadInputDataBit)
    HardFault_Handler                        0x08001ccb   Thumb Code     2  p33c-3(i.HardFault_Handler)
    I2C1_ER_IRQHandler                       0x08001ccd   Thumb Code     2  p33c-3(i.I2C1_ER_IRQHandler)
    I2C1_EV_IRQHandler                       0x08001ccf   Thumb Code     2  p33c-3(i.I2C1_EV_IRQHandler)
    I2C2_ER_IRQHandler                       0x08001cd1   Thumb Code     2  p33c-3(i.I2C2_ER_IRQHandler)
    I2C2_EV_IRQHandler                       0x08001cd3   Thumb Code     2  p33c-3(i.I2C2_EV_IRQHandler)
    KEYS_Read                                0x08001cd5   Thumb Code   168  p33c-3(i.KEYS_Read)
    KEYS_SEG_Init                            0x08001d85   Thumb Code   134  p33c-3(i.KEYS_SEG_Init)
    KEYS_process                             0x08001e1d   Thumb Code  1054  p33c-3(i.KEYS_process)
    LCD_ClearLine                            0x0800223d   Thumb Code     6  p33c-3(i.LCD_ClearLine)
    LCD_DisplayChar                          0x0800225d   Thumb Code    18  p33c-3(i.LCD_DisplayChar)
    LCD_DisplayStringLine                    0x08002275   Thumb Code    60  p33c-3(i.LCD_DisplayStringLine)
    LCD_DrawChar                             0x080022b1   Thumb Code   104  p33c-3(i.LCD_DrawChar)
    LCD_DrawLine                             0x08002321   Thumb Code   116  p33c-3(i.LCD_DrawLine)
    LCD_DrawRect                             0x0800239d   Thumb Code    64  p33c-3(i.LCD_DrawRect)
    LCD_SetCursor                            0x080023dd   Thumb Code    24  p33c-3(i.LCD_SetCursor)
    LCD_WR_REG                               0x080023f5   Thumb Code    58  p33c-3(i.LCD_WR_REG)
    Lcd_Clear                                0x08002439   Thumb Code    96  p33c-3(i.Lcd_Clear)
    Lcd_Configuration                        0x080024a1   Thumb Code    94  p33c-3(i.Lcd_Configuration)
    Lcd_Initialize                           0x0800250d   Thumb Code  2654  p33c-3(i.Lcd_Initialize)
    Lcd_SetCursor                            0x08002f6b   Thumb Code    24  p33c-3(i.Lcd_SetCursor)
    Lcd_WR_Start                             0x08002f85   Thumb Code    36  p33c-3(i.Lcd_WR_Start)
    MCDAC_Init                               0x08002fb1   Thumb Code   162  p33c-3(i.MCDAC_Init)
    MCDAC_Output_Choice                      0x0800305d   Thumb Code    60  p33c-3(i.MCDAC_Output_Choice)
    MCDAC_Output_Var_Name                    0x0800309d   Thumb Code    28  p33c-3(i.MCDAC_Output_Var_Name)
    MCDAC_Update_Output                      0x080030bd   Thumb Code    58  p33c-3(i.MCDAC_Update_Output)
    MCL_Brake_Init                           0x08003105   Thumb Code    40  p33c-3(i.MCL_Brake_Init)
    MCL_ChkPowerStage                        0x08003131   Thumb Code    36  p33c-3(i.MCL_ChkPowerStage)
    MCL_Chk_BusVolt                          0x08003155   Thumb Code    30  p33c-3(i.MCL_Chk_BusVolt)
    MCL_Chk_OverTemp                         0x08003179   Thumb Code    48  p33c-3(i.MCL_Chk_OverTemp)
    MCL_ClearFault                           0x080031b1   Thumb Code   150  p33c-3(i.MCL_ClearFault)
    MCL_Compute_BusVolt                      0x08003255   Thumb Code    22  p33c-3(i.MCL_Compute_BusVolt)
    MCL_Compute_Temp                         0x08003271   Thumb Code    22  p33c-3(i.MCL_Compute_Temp)
    MCL_Init                                 0x0800328d   Thumb Code    78  p33c-3(i.MCL_Init)
    MCL_Init_Arrays                          0x080032ed   Thumb Code    14  p33c-3(i.MCL_Init_Arrays)
    MCL_Reset_PID_IntegralTerms              0x08003301   Thumb Code    16  p33c-3(i.MCL_Reset_PID_IntegralTerms)
    MCL_SetFault                             0x0800331d   Thumb Code    52  p33c-3(i.MCL_SetFault)
    MemManage_Handler                        0x08003361   Thumb Code     2  p33c-3(i.MemManage_Handler)
    NMI_Handler                              0x08003363   Thumb Code     2  p33c-3(i.NMI_Handler)
    NVIC_Init                                0x08003365   Thumb Code    92  p33c-3(i.NVIC_Init)
    PID_Init                                 0x080033e1   Thumb Code   176  p33c-3(i.PID_Init)
    PID_Regulator                            0x080034a5   Thumb Code   108  p33c-3(i.PID_Regulator)
    PVD_IRQHandler                           0x08003511   Thumb Code     2  p33c-3(i.PVD_IRQHandler)
    Park                                     0x08003515   Thumb Code   206  p33c-3(i.Park)
    PendSV_Handler                           0x080035ed   Thumb Code     2  p33c-3(i.PendSV_Handler)
    RCC_APB1PeriphClockCmd                   0x080035f1   Thumb Code    18  p33c-3(i.RCC_APB1PeriphClockCmd)
    RCC_APB1PeriphResetCmd                   0x08003609   Thumb Code    18  p33c-3(i.RCC_APB1PeriphResetCmd)
    RCC_APB2PeriphClockCmd                   0x08003621   Thumb Code    18  p33c-3(i.RCC_APB2PeriphClockCmd)
    RCC_APB2PeriphResetCmd                   0x08003639   Thumb Code    18  p33c-3(i.RCC_APB2PeriphResetCmd)
    RCC_IRQHandler                           0x08003651   Thumb Code     2  p33c-3(i.RCC_IRQHandler)
    RTCAlarm_IRQHandler                      0x08003653   Thumb Code     2  p33c-3(i.RTCAlarm_IRQHandler)
    RTC_IRQHandler                           0x08003655   Thumb Code     2  p33c-3(i.RTC_IRQHandler)
    RevPark_Circle_Limitation                0x08003659   Thumb Code    70  p33c-3(i.RevPark_Circle_Limitation)
    Rev_Park                                 0x080036ad   Thumb Code    84  p33c-3(i.Rev_Park)
    SPI1_IRQHandler                          0x08003705   Thumb Code     2  p33c-3(i.SPI1_IRQHandler)
    SPI2_IRQHandler                          0x08003707   Thumb Code     2  p33c-3(i.SPI2_IRQHandler)
    SPI_Cmd                                  0x08003709   Thumb Code    20  p33c-3(i.SPI_Cmd)
    SPI_FLASH_Init                           0x0800371d   Thumb Code   180  p33c-3(i.SPI_FLASH_Init)
    SPI_FLASH_SendByte                       0x080037e1   Thumb Code    38  p33c-3(i.SPI_FLASH_SendByte)
    SPI_I2S_GetFlagStatus                    0x0800380d   Thumb Code    14  p33c-3(i.SPI_I2S_GetFlagStatus)
    SPI_Init                                 0x0800381b   Thumb Code    56  p33c-3(i.SPI_Init)
    SVC_Handler                              0x08003853   Thumb Code     2  p33c-3(i.SVC_Handler)
    SVPWM_3ShuntAdvCurrentReading            0x08003855   Thumb Code    70  p33c-3(i.SVPWM_3ShuntAdvCurrentReading)
    SVPWM_3ShuntCalcDutyCycles               0x080038a5   Thumb Code   928  p33c-3(i.SVPWM_3ShuntCalcDutyCycles)
    SVPWM_3ShuntCurrentReadingCalibration    0x08003c5d   Thumb Code   354  p33c-3(i.SVPWM_3ShuntCurrentReadingCalibration)
    SVPWM_3ShuntGetPhaseCurrentValues        0x08003dd1   Thumb Code   274  p33c-3(i.SVPWM_3ShuntGetPhaseCurrentValues)
    SVPWM_3ShuntInit                         0x08003ef1   Thumb Code   934  p33c-3(i.SVPWM_3ShuntInit)
    SysTick_CLKSourceConfig                  0x08004359   Thumb Code    24  p33c-3(i.SysTick_CLKSourceConfig)
    SysTick_Handler                          0x08004371   Thumb Code   162  p33c-3(i.SysTick_Handler)
    SystemInit                               0x08004425   Thumb Code    52  p33c-3(i.SystemInit)
    TAMPER_IRQHandler                        0x08004465   Thumb Code     2  p33c-3(i.TAMPER_IRQHandler)
    TB_DebounceDelay_IsElapsed               0x08004469   Thumb Code    16  p33c-3(i.TB_DebounceDelay_IsElapsed)
    TB_Delay_IsElapsed                       0x0800447d   Thumb Code    16  p33c-3(i.TB_Delay_IsElapsed)
    TB_DisplayDelay_IsElapsed                0x08004491   Thumb Code    16  p33c-3(i.TB_DisplayDelay_IsElapsed)
    TB_Init                                  0x080044a5   Thumb Code    92  p33c-3(i.TB_Init)
    TB_StartUp_Timeout_IsElapsed             0x08004501   Thumb Code    16  p33c-3(i.TB_StartUp_Timeout_IsElapsed)
    TIM1_BRK_IRQHandler                      0x08004569   Thumb Code    84  p33c-3(i.TIM1_BRK_IRQHandler)
    TIM1_CC_IRQHandler                       0x080045d1   Thumb Code     2  p33c-3(i.TIM1_CC_IRQHandler)
    TIM1_TRG_COM_IRQHandler                  0x080045d3   Thumb Code     2  p33c-3(i.TIM1_TRG_COM_IRQHandler)
    TIM1_UP_IRQHandler                       0x080045d5   Thumb Code    28  p33c-3(i.TIM1_UP_IRQHandler)
    TIM2_IRQHandler                          0x080045fd   Thumb Code    34  p33c-3(i.TIM2_IRQHandler)
    TIM3_IRQHandler                          0x08004625   Thumb Code     2  p33c-3(i.TIM3_IRQHandler)
    TIM4_IRQHandler                          0x08004627   Thumb Code     2  p33c-3(i.TIM4_IRQHandler)
    TIM_Cmd                                  0x08004629   Thumb Code    22  p33c-3(i.TIM_Cmd)
    TIM_CtrlPWMOutputs                       0x0800463f   Thumb Code    22  p33c-3(i.TIM_CtrlPWMOutputs)
    TIM_DeInit                               0x08004655   Thumb Code   206  p33c-3(i.TIM_DeInit)
    TIM_EncoderInterfaceConfig               0x0800474d   Thumb Code    44  p33c-3(i.TIM_EncoderInterfaceConfig)
    TIM_ICInit                               0x08004779   Thumb Code   172  p33c-3(i.TIM_ICInit)
    TIM_ICStructInit                         0x08004825   Thumb Code    16  p33c-3(i.TIM_ICStructInit)
    TIM_ITConfig                             0x08004835   Thumb Code    16  p33c-3(i.TIM_ITConfig)
    TIM_OC1Init                              0x08004845   Thumb Code   106  p33c-3(i.TIM_OC1Init)
    TIM_OC2Init                              0x080048c5   Thumb Code   116  p33c-3(i.TIM_OC2Init)
    TIM_OC3Init                              0x08004941   Thumb Code   112  p33c-3(i.TIM_OC3Init)
    TIM_OC4Init                              0x080049b9   Thumb Code    86  p33c-3(i.TIM_OC4Init)
    TIM_OCStructInit                         0x08004a19   Thumb Code    20  p33c-3(i.TIM_OCStructInit)
    TIM_SetIC2Prescaler                      0x08004a2d   Thumb Code    18  p33c-3(i.TIM_SetIC2Prescaler)
    TIM_SetIC4Prescaler                      0x08004a3f   Thumb Code    18  p33c-3(i.TIM_SetIC4Prescaler)
    TIM_TimeBaseInit                         0x08004a51   Thumb Code   128  p33c-3(i.TIM_TimeBaseInit)
    TIM_TimeBaseStructInit                   0x08004af9   Thumb Code    18  p33c-3(i.TIM_TimeBaseStructInit)
    Test_Color                               0x08004b0d   Thumb Code   432  p33c-3(i.Test_Color)
    USART1_IRQHandler                        0x08004cc5   Thumb Code     2  p33c-3(i.USART1_IRQHandler)
    USART2_IRQHandler                        0x08004cc7   Thumb Code     2  p33c-3(i.USART2_IRQHandler)
    USART3_IRQHandler                        0x08004cc9   Thumb Code     2  p33c-3(i.USART3_IRQHandler)
    USBWakeUp_IRQHandler                     0x08004ccb   Thumb Code     2  p33c-3(i.USBWakeUp_IRQHandler)
    UsageFault_Handler                       0x08004ccd   Thumb Code     2  p33c-3(i.UsageFault_Handler)
    WWDG_IRQHandler                          0x08004ccf   Thumb Code     2  p33c-3(i.WWDG_IRQHandler)
    __scatterload_copy                       0x08004cd1   Thumb Code    14  handlers.o(i.__scatterload_copy)
    __scatterload_null                       0x08004cdf   Thumb Code     2  handlers.o(i.__scatterload_null)
    __scatterload_zeroinit                   0x08004ce1   Thumb Code    14  handlers.o(i.__scatterload_zeroinit)
    ili9320_WriteData                        0x08004cf1   Thumb Code    30  p33c-3(i.ili9320_WriteData)
    ili9320_WriteIndex                       0x08004d19   Thumb Code    30  p33c-3(i.ili9320_WriteIndex)
    ili9320_WriteRegister                    0x08004d41   Thumb Code    26  p33c-3(i.ili9320_WriteRegister)
    main                                     0x08004d61   Thumb Code   294  p33c-3(i.main)
    dig_code                                 0x08004eac   Data           8  p33c-3(.constdata)
    circle_limit_table                       0x08004eb4   Data         142  p33c-3(.constdata)
    hSin_Cos_Table                           0x08004f42   Data         512  p33c-3(.constdata)
    seg_code                                 0x08005142   Data          10  p33c-3(.constdata)
    ASCII_Table                              0x0800514c   Data        4560  p33c-3(.constdata)
    Region$$Table$$Base                      0x08006500   Number         0  anon$$obj.o(Region$$Table)
    Region$$Table$$Limit                     0x08006520   Number         0  anon$$obj.o(Region$$Table)
    bMenu_index                              0x20000022   Data           1  p33c-3(.data)
    bSpeedFIFO_Index                         0x20000029   Data           1  p33c-3(.data)
    bGP1_OVF_Counter                         0x2000002a   Data           1  p33c-3(.data)
    RatioDec                                 0x2000002b   Data           1  p33c-3(.data)
    RatioInc                                 0x2000002c   Data           1  p33c-3(.data)
    DoRollingAverage                         0x2000002d   Data           1  p33c-3(.data)
    InitRollingAverage                       0x2000002e   Data           1  p33c-3(.data)
    HallTimeOut                              0x2000002f   Data           1  p33c-3(.data)
    bPID_Speed_Sampling_Time_500us           0x20000030   Data           1  p33c-3(.data)
    max_out_var_num                          0x20000031   Data           1  p33c-3(.data)
    bChannel_1_variable                      0x20000032   Data           1  p33c-3(.data)
    bChannel_2_variable                      0x20000033   Data           1  p33c-3(.data)
    PWM4Direction                            0x20000034   Data           1  p33c-3(.data)
    bSector                                  0x20000035   Data           1  p33c-3(.data)
    hFW_V_Ref                                0x20000036   Data           2  p33c-3(.data)
    hFW_P_Gain                               0x20000038   Data           2  p33c-3(.data)
    hFW_I_Gain                               0x2000003a   Data           2  p33c-3(.data)
    hVMagn                                   0x2000003c   Data           2  p33c-3(.data)
    h_ADCBusvolt                             0x20000040   Data           2  p33c-3(.data)
    h_ADCTemp                                0x20000042   Data           2  p33c-3(.data)
    hCaptCounter                             0x20000052   Data           2  p33c-3(.data)
    hPhaseAOffset                            0x20000064   Data           2  p33c-3(.data)
    hPhaseBOffset                            0x20000066   Data           2  p33c-3(.data)
    hPhaseCOffset                            0x20000068   Data           2  p33c-3(.data)
    DeviceCode                               0x2000006e   Data           2  p33c-3(.data)
    SystemCoreClock                          0x20000070   Data           4  p33c-3(.data)
    seg                                      0x200000a0   Data           8  p33c-3(.data)
    AHBPrescTable                            0x200000a8   Data          16  p33c-3(.data)
    OutputVariableNames                      0x200000b8   Data          92  p33c-3(.data)
    OutputVar                                0x20000114   Data          17  p33c-3(.data)
    wGlobal_Flags                            0x20000138   Data           4  p33c-3(.data)
    Stat_Curr_a_b                            0x2000013c   Data           4  p33c-3(.data)
    Stat_Curr_alfa_beta                      0x20000140   Data           4  p33c-3(.data)
    Stat_Curr_q_d                            0x20000144   Data           4  p33c-3(.data)
    Stat_Volt_q_d                            0x20000148   Data           4  p33c-3(.data)
    Stat_Volt_alfa_beta                      0x2000014c   Data           4  p33c-3(.data)
    State                                    0x20000150   Data           1  p33c-3(.data)
    hFlux_Reference                          0x20000152   Data           2  p33c-3(.data)
    hTorque_Reference                        0x20000154   Data           2  p33c-3(.data)
    hSpeed_Reference                         0x20000156   Data           2  p33c-3(.data)
    PID_Flux_InitStructure                   0x200001bc   Data          32  p33c-3(.bss)
    PID_Torque_InitStructure                 0x200001dc   Data          32  p33c-3(.bss)
    PID_Speed_InitStructure                  0x200001fc   Data          32  p33c-3(.bss)
    SensorPeriod                             0x2000022c   Data          36  p33c-3(.bss)
    hMeasurementArray                        0x20000250   Data          46  p33c-3(.bss)
    __initial_sp                             0x20000680   Data           0  p33c-3(STACK)



==============================================================================

Memory Map of the image

  Image Entry point : 0x080000ed

  Load Region LR_IROM1 (Base: 0x08000000, Size: 0x00006678, Max: 0x00020000, ABSOLUTE, COMPRESSED[0x000065a8])

    Execution Region ER_IROM1 (Base: 0x08000000, Size: 0x00006520, Max: 0x00020000, ABSOLUTE)

    Base Addr    Size         Type   Attr      Idx    E Section Name        Object

    0x08000000   0x000000ec   Data   RO          528    RESET               p33c-3
    0x080000ec   0x00000000   Code   RO         1043  * .ARM.Collect$$$$00000000  entry.o(mc_w.l)
    0x080000ec   0x00000004   Code   RO         1062    .ARM.Collect$$$$00000001  entry2.o(mc_w.l)
    0x080000f0   0x00000004   Code   RO         1065    .ARM.Collect$$$$00000004  entry5.o(mc_w.l)
    0x080000f4   0x00000008   Code   RO         1066    .ARM.Collect$$$$00000007  entry7.o(mc_w.l)
    0x080000fc   0x00000004   Code   RO         1063    .ARM.Collect$$$$00002712  entry2.o(mc_w.l)
    0x08000100   0x00000024   Code   RO            2    .text               p33c-3
    0x08000124   0x0000006a   Code   RO         1046    .text               ldiv.o(mc_w.l)
    0x0800018e   0x0000005a   Code   RO         1067    .text               uldiv.o(mc_w.l)
    0x080001e8   0x0000001e   Code   RO         1069    .text               llushr.o(mc_w.l)
    0x08000206   0x00000002   PAD
    0x08000208   0x00000024   Code   RO         1074    .text               init.o(mc_w.l)
    0x0800022c   0x00000020   Code   RO         1076    .text               llshl.o(mc_w.l)
    0x0800024c   0x0000005e   Code   RO         1086    .text               __dczerorl2.o(mc_w.l)
    0x080002aa   0x00000002   PAD
    0x080002ac   0x0000016c   Code   RO            3    i.ADC1_2_IRQHandler  p33c-3
    0x08000418   0x0000004a   Code   RO           30    i.ADC_InjectedChannelConfig  p33c-3
    0x08000462   0x00000002   Code   RO           42    i.BusFault_Handler  p33c-3
    0x08000464   0x00000032   Code   RO           47    i.Clarke            p33c-3
    0x08000496   0x00000002   PAD
    0x08000498   0x00000054   Code   RO           48    i.ComputeVisualization  p33c-3
    0x080004ec   0x00000018   Code   RO           49    i.DBGMCU_Config     p33c-3
    0x08000504   0x00000002   Code   RO           52    i.DMA1_Channel1_IRQHandler  p33c-3
    0x08000506   0x00000002   Code   RO           53    i.DMA1_Channel2_IRQHandler  p33c-3
    0x08000508   0x00000002   Code   RO           54    i.DMA1_Channel3_IRQHandler  p33c-3
    0x0800050a   0x00000002   Code   RO           55    i.DMA1_Channel4_IRQHandler  p33c-3
    0x0800050c   0x00000002   Code   RO           56    i.DMA1_Channel5_IRQHandler  p33c-3
    0x0800050e   0x00000002   Code   RO           57    i.DMA1_Channel6_IRQHandler  p33c-3
    0x08000510   0x00000002   Code   RO           58    i.DMA1_Channel7_IRQHandler  p33c-3
    0x08000512   0x00000002   PAD
    0x08000514   0x00000030   Code   RO           63    i.DataToWrite       p33c-3
    0x08000544   0x00000002   Code   RO           64    i.DebugMon_Handler  p33c-3
    0x08000546   0x00000014   Code   RO           65    i.Delay_nms         p33c-3
    0x0800055a   0x0000008c   Code   RO           67    i.Display_5DigitSignedNumber  p33c-3
    0x080005e6   0x00000002   PAD
    0x080005e8   0x00000d3a   Code   RO           68    i.Display_LCD       p33c-3
    0x08001322   0x00000002   PAD
    0x08001324   0x00000068   Code   RO           70    i.Display_Welcome_Message  p33c-3
    0x0800138c   0x00000094   Code   RO           72    i.ENC_Calc_Average_Speed  p33c-3
    0x08001420   0x0000009c   Code   RO           73    i.ENC_Calc_Rot_Speed  p33c-3
    0x080014bc   0x00000024   Code   RO           74    i.ENC_Clear_Speed_Buffer  p33c-3
    0x080014e0   0x000000c8   Code   RO           79    i.ENC_Init          p33c-3
    0x080015a8   0x00000130   Code   RO           81    i.ENC_Start_Up      p33c-3
    0x080016d8   0x00000002   Code   RO           82    i.EXTI0_IRQHandler  p33c-3
    0x080016da   0x00000002   Code   RO           83    i.EXTI15_10_IRQHandler  p33c-3
    0x080016dc   0x00000002   Code   RO           84    i.EXTI1_IRQHandler  p33c-3
    0x080016de   0x00000002   Code   RO           85    i.EXTI2_IRQHandler  p33c-3
    0x080016e0   0x00000002   Code   RO           86    i.EXTI3_IRQHandler  p33c-3
    0x080016e2   0x00000002   Code   RO           87    i.EXTI4_IRQHandler  p33c-3
    0x080016e4   0x00000002   Code   RO           88    i.EXTI9_5_IRQHandler  p33c-3
    0x080016e6   0x00000002   Code   RO          101    i.FLASH_IRQHandler  p33c-3
    0x080016e8   0x000000d4   Code   RO          113    i.FOC_CalcFluxTorqueRef  p33c-3
    0x080017bc   0x000000cc   Code   RO          116    i.FOC_FluxRegulator  p33c-3
    0x08001888   0x0000005c   Code   RO          118    i.FOC_FluxRegulator_Init  p33c-3
    0x080018e4   0x00000018   Code   RO          119    i.FOC_FluxRegulator_Update  p33c-3
    0x080018fc   0x00000070   Code   RO          120    i.FOC_Init          p33c-3
    0x0800196c   0x0000012c   Code   RO          123    i.FOC_Model         p33c-3
    0x08001a98   0x0000001c   Code   RO          124    i.FOC_TorqueCtrl    p33c-3
    0x08001ab4   0x0000005c   Code   RO          128    i.GPIO_Configuration  p33c-3
    0x08001b10   0x000000b4   Code   RO          129    i.GPIO_DeInit       p33c-3
    0x08001bc4   0x0000009e   Code   RO          134    i.GPIO_Init         p33c-3
    0x08001c62   0x00000002   PAD
    0x08001c64   0x00000058   Code   RO          136    i.GPIO_PinRemapConfig  p33c-3
    0x08001cbc   0x0000000e   Code   RO          138    i.GPIO_ReadInputDataBit  p33c-3
    0x08001cca   0x00000002   Code   RO          163    i.HardFault_Handler  p33c-3
    0x08001ccc   0x00000002   Code   RO          164    i.I2C1_ER_IRQHandler  p33c-3
    0x08001cce   0x00000002   Code   RO          165    i.I2C1_EV_IRQHandler  p33c-3
    0x08001cd0   0x00000002   Code   RO          166    i.I2C2_ER_IRQHandler  p33c-3
    0x08001cd2   0x00000002   Code   RO          167    i.I2C2_EV_IRQHandler  p33c-3
    0x08001cd4   0x000000b0   Code   RO          173    i.KEYS_Read         p33c-3
    0x08001d84   0x00000098   Code   RO          174    i.KEYS_SEG_Init     p33c-3
    0x08001e1c   0x0000041e   Code   RO          175    i.KEYS_process      p33c-3
    0x0800223a   0x00000002   PAD
    0x0800223c   0x00000020   Code   RO          177    i.LCD_ClearLine     p33c-3
    0x0800225c   0x00000018   Code   RO          178    i.LCD_DisplayChar   p33c-3
    0x08002274   0x0000003c   Code   RO          179    i.LCD_DisplayStringLine  p33c-3
    0x080022b0   0x00000070   Code   RO          180    i.LCD_DrawChar      p33c-3
    0x08002320   0x0000007c   Code   RO          182    i.LCD_DrawLine      p33c-3
    0x0800239c   0x00000040   Code   RO          184    i.LCD_DrawRect      p33c-3
    0x080023dc   0x00000018   Code   RO          187    i.LCD_SetCursor     p33c-3
    0x080023f4   0x00000044   Code   RO          190    i.LCD_WR_REG        p33c-3
    0x08002438   0x00000068   Code   RO          194    i.Lcd_Clear         p33c-3
    0x080024a0   0x0000006c   Code   RO          197    i.Lcd_Configuration  p33c-3
    0x0800250c   0x00000a5e   Code   RO          198    i.Lcd_Initialize    p33c-3
    0x08002f6a   0x00000018   Code   RO          201    i.Lcd_SetCursor     p33c-3
    0x08002f82   0x00000002   PAD
    0x08002f84   0x0000002c   Code   RO          202    i.Lcd_WR_Start      p33c-3
    0x08002fb0   0x000000ac   Code   RO          222    i.MCDAC_Init        p33c-3
    0x0800305c   0x00000040   Code   RO          223    i.MCDAC_Output_Choice  p33c-3
    0x0800309c   0x00000020   Code   RO          224    i.MCDAC_Output_Var_Name  p33c-3
    0x080030bc   0x00000048   Code   RO          225    i.MCDAC_Update_Output  p33c-3
    0x08003104   0x0000002c   Code   RO          227    i.MCL_Brake_Init    p33c-3
    0x08003130   0x00000024   Code   RO          229    i.MCL_ChkPowerStage  p33c-3
    0x08003154   0x00000024   Code   RO          230    i.MCL_Chk_BusVolt   p33c-3
    0x08003178   0x00000038   Code   RO          231    i.MCL_Chk_OverTemp  p33c-3
    0x080031b0   0x000000a4   Code   RO          232    i.MCL_ClearFault    p33c-3
    0x08003254   0x0000001c   Code   RO          233    i.MCL_Compute_BusVolt  p33c-3
    0x08003270   0x0000001c   Code   RO          234    i.MCL_Compute_Temp  p33c-3
    0x0800328c   0x00000060   Code   RO          236    i.MCL_Init          p33c-3
    0x080032ec   0x00000014   Code   RO          237    i.MCL_Init_Arrays   p33c-3
    0x08003300   0x0000001c   Code   RO          238    i.MCL_Reset_PID_IntegralTerms  p33c-3
    0x0800331c   0x00000044   Code   RO          239    i.MCL_SetFault      p33c-3
    0x08003360   0x00000002   Code   RO          242    i.MemManage_Handler  p33c-3
    0x08003362   0x00000002   Code   RO          243    i.NMI_Handler       p33c-3
    0x08003364   0x0000005c   Code   RO          245    i.NVIC_Init         p33c-3
    0x080033c0   0x00000020   Code   RO          247    i.NVIC_SetPriority  p33c-3
    0x080033e0   0x000000c4   Code   RO          250    i.PID_Init          p33c-3
    0x080034a4   0x0000006c   Code   RO          251    i.PID_Regulator     p33c-3
    0x08003510   0x00000002   Code   RO          253    i.PVD_IRQHandler    p33c-3
    0x08003512   0x00000002   PAD
    0x08003514   0x000000d8   Code   RO          254    i.Park              p33c-3
    0x080035ec   0x00000002   Code   RO          255    i.PendSV_Handler    p33c-3
    0x080035ee   0x00000002   PAD
    0x080035f0   0x00000018   Code   RO          258    i.RCC_APB1PeriphClockCmd  p33c-3
    0x08003608   0x00000018   Code   RO          259    i.RCC_APB1PeriphResetCmd  p33c-3
    0x08003620   0x00000018   Code   RO          260    i.RCC_APB2PeriphClockCmd  p33c-3
    0x08003638   0x00000018   Code   RO          261    i.RCC_APB2PeriphResetCmd  p33c-3
    0x08003650   0x00000002   Code   RO          276    i.RCC_IRQHandler    p33c-3
    0x08003652   0x00000002   Code   RO          290    i.RTCAlarm_IRQHandler  p33c-3
    0x08003654   0x00000002   Code   RO          291    i.RTC_IRQHandler    p33c-3
    0x08003656   0x00000002   PAD
    0x08003658   0x00000054   Code   RO          294    i.RevPark_Circle_Limitation  p33c-3
    0x080036ac   0x00000058   Code   RO          295    i.Rev_Park          p33c-3
    0x08003704   0x00000002   Code   RO          297    i.SPI1_IRQHandler   p33c-3
    0x08003706   0x00000002   Code   RO          298    i.SPI2_IRQHandler   p33c-3
    0x08003708   0x00000014   Code   RO          302    i.SPI_Cmd           p33c-3
    0x0800371c   0x000000c4   Code   RO          312    i.SPI_FLASH_Init    p33c-3
    0x080037e0   0x0000002c   Code   RO          317    i.SPI_FLASH_SendByte  p33c-3
    0x0800380c   0x0000000e   Code   RO          325    i.SPI_I2S_GetFlagStatus  p33c-3
    0x0800381a   0x00000038   Code   RO          330    i.SPI_Init          p33c-3
    0x08003852   0x00000002   Code   RO          354    i.SVC_Handler       p33c-3
    0x08003854   0x00000050   Code   RO          357    i.SVPWM_3ShuntAdvCurrentReading  p33c-3
    0x080038a4   0x000003b8   Code   RO          358    i.SVPWM_3ShuntCalcDutyCycles  p33c-3
    0x08003c5c   0x00000174   Code   RO          359    i.SVPWM_3ShuntCurrentReadingCalibration  p33c-3
    0x08003dd0   0x00000120   Code   RO          360    i.SVPWM_3ShuntGetPhaseCurrentValues  p33c-3
    0x08003ef0   0x000003d8   Code   RO          361    i.SVPWM_3ShuntInit  p33c-3
    0x080042c8   0x00000090   Code   RO          363    i.SetSysClockTo72   p33c-3
    0x08004358   0x00000018   Code   RO          367    i.SysTick_CLKSourceConfig  p33c-3
    0x08004370   0x000000b4   Code   RO          368    i.SysTick_Handler   p33c-3
    0x08004424   0x00000040   Code   RO          370    i.SystemInit        p33c-3
    0x08004464   0x00000002   Code   RO          371    i.TAMPER_IRQHandler  p33c-3
    0x08004466   0x00000002   PAD
    0x08004468   0x00000014   Code   RO          372    i.TB_DebounceDelay_IsElapsed  p33c-3
    0x0800447c   0x00000014   Code   RO          373    i.TB_Delay_IsElapsed  p33c-3
    0x08004490   0x00000014   Code   RO          374    i.TB_DisplayDelay_IsElapsed  p33c-3
    0x080044a4   0x0000005c   Code   RO          375    i.TB_Init           p33c-3
    0x08004500   0x00000014   Code   RO          380    i.TB_StartUp_Timeout_IsElapsed  p33c-3
    0x08004514   0x00000028   Code   RO          382    i.TI1_Config        p33c-3
    0x0800453c   0x0000002c   Code   RO          383    i.TI2_Config        p33c-3
    0x08004568   0x00000068   Code   RO          384    i.TIM1_BRK_IRQHandler  p33c-3
    0x080045d0   0x00000002   Code   RO          385    i.TIM1_CC_IRQHandler  p33c-3
    0x080045d2   0x00000002   Code   RO          386    i.TIM1_TRG_COM_IRQHandler  p33c-3
    0x080045d4   0x00000028   Code   RO          387    i.TIM1_UP_IRQHandler  p33c-3
    0x080045fc   0x00000028   Code   RO          388    i.TIM2_IRQHandler   p33c-3
    0x08004624   0x00000002   Code   RO          389    i.TIM3_IRQHandler   p33c-3
    0x08004626   0x00000002   Code   RO          390    i.TIM4_IRQHandler   p33c-3
    0x08004628   0x00000016   Code   RO          410    i.TIM_Cmd           p33c-3
    0x0800463e   0x00000016   Code   RO          412    i.TIM_CtrlPWMOutputs  p33c-3
    0x08004654   0x000000f8   Code   RO          415    i.TIM_DeInit        p33c-3
    0x0800474c   0x0000002c   Code   RO          419    i.TIM_EncoderInterfaceConfig  p33c-3
    0x08004778   0x000000ac   Code   RO          433    i.TIM_ICInit        p33c-3
    0x08004824   0x00000010   Code   RO          434    i.TIM_ICStructInit  p33c-3
    0x08004834   0x00000010   Code   RO          435    i.TIM_ITConfig      p33c-3
    0x08004844   0x00000080   Code   RO          439    i.TIM_OC1Init       p33c-3
    0x080048c4   0x0000007c   Code   RO          444    i.TIM_OC2Init       p33c-3
    0x08004940   0x00000078   Code   RO          449    i.TIM_OC3Init       p33c-3
    0x080049b8   0x00000060   Code   RO          454    i.TIM_OC4Init       p33c-3
    0x08004a18   0x00000014   Code   RO          457    i.TIM_OCStructInit  p33c-3
    0x08004a2c   0x00000012   Code   RO          477    i.TIM_SetIC2Prescaler  p33c-3
    0x08004a3e   0x00000012   Code   RO          479    i.TIM_SetIC4Prescaler  p33c-3
    0x08004a50   0x000000a8   Code   RO          481    i.TIM_TimeBaseInit  p33c-3
    0x08004af8   0x00000012   Code   RO          482    i.TIM_TimeBaseStructInit  p33c-3
    0x08004b0a   0x00000002   PAD
    0x08004b0c   0x000001b8   Code   RO          485    i.Test_Color        p33c-3
    0x08004cc4   0x00000002   Code   RO          489    i.USART1_IRQHandler  p33c-3
    0x08004cc6   0x00000002   Code   RO          490    i.USART2_IRQHandler  p33c-3
    0x08004cc8   0x00000002   Code   RO          491    i.USART3_IRQHandler  p33c-3
    0x08004cca   0x00000002   Code   RO          492    i.USBWakeUp_IRQHandler  p33c-3
    0x08004ccc   0x00000002   Code   RO          495    i.UsageFault_Handler  p33c-3
    0x08004cce   0x00000002   Code   RO          496    i.WWDG_IRQHandler   p33c-3
    0x08004cd0   0x0000000e   Code   RO         1080    i.__scatterload_copy  handlers.o(mc_w.l)
    0x08004cde   0x00000002   Code   RO         1081    i.__scatterload_null  handlers.o(mc_w.l)
    0x08004ce0   0x0000000e   Code   RO         1082    i.__scatterload_zeroinit  handlers.o(mc_w.l)
    0x08004cee   0x00000002   PAD
    0x08004cf0   0x00000028   Code   RO          502    i.ili9320_WriteData  p33c-3
    0x08004d18   0x00000028   Code   RO         1039    i.ili9320_WriteIndex  p33c-3
    0x08004d40   0x00000020   Code   RO         1041    i.ili9320_WriteRegister  p33c-3
    0x08004d60   0x0000014c   Code   RO          503    i.main              p33c-3
    0x08004eac   0x00001470   Data   RO          510    .constdata          p33c-3
    0x0800631c   0x000001e3   Data   RO          511    .conststring        p33c-3
    0x080064ff   0x00000001   PAD
    0x08006500   0x00000020   Data   RO         1078    Region$$Table       anon$$obj.o


    Execution Region RW_IRAM1 (Base: 0x20000000, Size: 0x00000680, Max: 0x00005000, ABSOLUTE, COMPRESSED[0x00000088])

    Base Addr    Size         Type   Attr      Idx    E Section Name        Object

    0x20000000   0x00000018   Data   RW          512    .data               p33c-3
    0x20000018   0x0000011d   Data   RW          514    .data               p33c-3
    0x20000135   0x00000003   PAD
    0x20000138   0x00000004   Data   RW          515    .data               p33c-3
    0x2000013c   0x00000004   Data   RW          516    .data               p33c-3
    0x20000140   0x00000004   Data   RW          517    .data               p33c-3
    0x20000144   0x00000004   Data   RW          518    .data               p33c-3
    0x20000148   0x00000004   Data   RW          520    .data               p33c-3
    0x2000014c   0x00000004   Data   RW          521    .data               p33c-3
    0x20000150   0x00000001   Data   RW          522    .data               p33c-3
    0x20000151   0x00000001   PAD
    0x20000152   0x00000002   Data   RW          523    .data               p33c-3
    0x20000154   0x00000002   Data   RW          524    .data               p33c-3
    0x20000156   0x00000002   Data   RW          525    .data               p33c-3
    0x20000158   0x00000064   Zero   RW          504    .bss                p33c-3
    0x200001bc   0x00000020   Zero   RW          506    .bss                p33c-3
    0x200001dc   0x00000020   Zero   RW          507    .bss                p33c-3
    0x200001fc   0x00000020   Zero   RW          508    .bss                p33c-3
    0x2000021c   0x00000062   Zero   RW          509    .bss                p33c-3
    0x2000027e   0x00000002   PAD
    0x20000280   0x00000400   Zero   RW          529    STACK               p33c-3


==============================================================================

Image component sizes


      Code (inc. data)   RO Data    RW Data    ZI Data      Debug   Object Name

     19436       2404       5951        340       1318      12472   p33c-3

    ----------------------------------------------------------------------
     19460       2404       5984        344       1320      12472   Object Totals
         0          0         32          0          0          0   (incl. Generated)
        24          0          1          4          2          0   (incl. Padding)

    ----------------------------------------------------------------------

      Code (inc. data)   RO Data    RW Data    ZI Data      Debug   Library Member Name

        94          0          0          0          0          0   __dczerorl2.o
         0          0          0          0          0          0   entry.o
         8          4          0          0          0          0   entry2.o
         4          0          0          0          0          0   entry5.o
         8          4          0          0          0          0   entry7.o
        30          0          0          0          0          0   handlers.o
        36          8          0          0          0         68   init.o
       106          0          0          0          0         88   ldiv.o
        32          0          0          0          0         68   llshl.o
        30          0          0          0          0         68   llushr.o
        90          0          0          0          0         88   uldiv.o

    ----------------------------------------------------------------------
       444         16          0          0          0        380   Library Totals
         6          0          0          0          0          0   (incl. Padding)

    ----------------------------------------------------------------------

      Code (inc. data)   RO Data    RW Data    ZI Data      Debug   Library Name

       438         16          0          0          0        380   mc_w.l

    ----------------------------------------------------------------------
       444         16          0          0          0        380   Library Totals

    ----------------------------------------------------------------------

==============================================================================


      Code (inc. data)   RO Data    RW Data    ZI Data      Debug   

     19904       2420       5984        344       1320       5052   Grand Totals
     19904       2420       5984        136       1320       5052   ELF Image Totals (compressed)
     19904       2420       5984        136          0          0   ROM Totals

==============================================================================

    Total RO  Size (Code + RO Data)                25888 (  25.28kB)
    Total RW  Size (RW Data + ZI Data)              1664 (   1.63kB)
    Total ROM Size (Code + RO Data + RW Data)      26024 (  25.41kB)

==============================================================================

