ARM Linker, 4.1 [Build 713] [Enterprise]

==============================================================================

Section Cross References

    system_stm32f10x.o(i.SystemCoreClockUpdate) refers to system_stm32f10x.o(.data) for .data
    system_stm32f10x.o(i.SystemInit) refers to system_stm32f10x.o(i.SetSysClockTo72) for SetSysClockTo72
    startup_stm32f10x_md.o(RESET) refers to startup_stm32f10x_md.o(STACK) for __initial_sp
    startup_stm32f10x_md.o(RESET) refers to startup_stm32f10x_md.o(.text) for Reset_Handler
    startup_stm32f10x_md.o(RESET) refers to stm32f10x_it.o(i.NMI_Handler) for NMI_Handler
    startup_stm32f10x_md.o(RESET) refers to stm32f10x_it.o(i.HardFault_Handler) for HardFault_Handler
    startup_stm32f10x_md.o(RESET) refers to stm32f10x_it.o(i.MemManage_Handler) for MemManage_Handler
    startup_stm32f10x_md.o(RESET) refers to stm32f10x_it.o(i.BusFault_Handler) for BusFault_Handler
    startup_stm32f10x_md.o(RESET) refers to stm32f10x_it.o(i.UsageFault_Handler) for UsageFault_Handler
    startup_stm32f10x_md.o(RESET) refers to stm32f10x_it.o(i.SVC_Handler) for SVC_Handler
    startup_stm32f10x_md.o(RESET) refers to stm32f10x_it.o(i.DebugMon_Handler) for DebugMon_Handler
    startup_stm32f10x_md.o(RESET) refers to stm32f10x_it.o(i.PendSV_Handler) for PendSV_Handler
    startup_stm32f10x_md.o(RESET) refers to stm32f10x_timebase.o(i.SysTick_Handler) for SysTick_Handler
    startup_stm32f10x_md.o(RESET) refers to stm32f10x_it.o(i.WWDG_IRQHandler) for WWDG_IRQHandler
    startup_stm32f10x_md.o(RESET) refers to stm32f10x_it.o(i.PVD_IRQHandler) for PVD_IRQHandler
    startup_stm32f10x_md.o(RESET) refers to stm32f10x_it.o(i.TAMPER_IRQHandler) for TAMPER_IRQHandler
    startup_stm32f10x_md.o(RESET) refers to stm32f10x_it.o(i.RTC_IRQHandler) for RTC_IRQHandler
    startup_stm32f10x_md.o(RESET) refers to stm32f10x_it.o(i.FLASH_IRQHandler) for FLASH_IRQHandler
    startup_stm32f10x_md.o(RESET) refers to stm32f10x_it.o(i.RCC_IRQHandler) for RCC_IRQHandler
    startup_stm32f10x_md.o(RESET) refers to stm32f10x_it.o(i.EXTI0_IRQHandler) for EXTI0_IRQHandler
    startup_stm32f10x_md.o(RESET) refers to stm32f10x_it.o(i.EXTI1_IRQHandler) for EXTI1_IRQHandler
    startup_stm32f10x_md.o(RESET) refers to stm32f10x_it.o(i.EXTI2_IRQHandler) for EXTI2_IRQHandler
    startup_stm32f10x_md.o(RESET) refers to stm32f10x_it.o(i.EXTI3_IRQHandler) for EXTI3_IRQHandler
    startup_stm32f10x_md.o(RESET) refers to stm32f10x_it.o(i.EXTI4_IRQHandler) for EXTI4_IRQHandler
    startup_stm32f10x_md.o(RESET) refers to stm32f10x_it.o(i.DMA1_Channel1_IRQHandler) for DMA1_Channel1_IRQHandler
    startup_stm32f10x_md.o(RESET) refers to stm32f10x_it.o(i.DMA1_Channel2_IRQHandler) for DMA1_Channel2_IRQHandler
    startup_stm32f10x_md.o(RESET) refers to stm32f10x_it.o(i.DMA1_Channel3_IRQHandler) for DMA1_Channel3_IRQHandler
    startup_stm32f10x_md.o(RESET) refers to stm32f10x_it.o(i.DMA1_Channel4_IRQHandler) for DMA1_Channel4_IRQHandler
    startup_stm32f10x_md.o(RESET) refers to stm32f10x_it.o(i.DMA1_Channel5_IRQHandler) for DMA1_Channel5_IRQHandler
    startup_stm32f10x_md.o(RESET) refers to stm32f10x_it.o(i.DMA1_Channel6_IRQHandler) for DMA1_Channel6_IRQHandler
    startup_stm32f10x_md.o(RESET) refers to stm32f10x_it.o(i.DMA1_Channel7_IRQHandler) for DMA1_Channel7_IRQHandler
    startup_stm32f10x_md.o(RESET) refers to stm32f10x_it.o(i.ADC1_2_IRQHandler) for ADC1_2_IRQHandler
    startup_stm32f10x_md.o(RESET) refers to stm32f10x_it.o(i.EXTI9_5_IRQHandler) for EXTI9_5_IRQHandler
    startup_stm32f10x_md.o(RESET) refers to stm32f10x_it.o(i.TIM1_BRK_IRQHandler) for TIM1_BRK_IRQHandler
    startup_stm32f10x_md.o(RESET) refers to stm32f10x_it.o(i.TIM1_UP_IRQHandler) for TIM1_UP_IRQHandler
    startup_stm32f10x_md.o(RESET) refers to stm32f10x_it.o(i.TIM1_TRG_COM_IRQHandler) for TIM1_TRG_COM_IRQHandler
    startup_stm32f10x_md.o(RESET) refers to stm32f10x_it.o(i.TIM1_CC_IRQHandler) for TIM1_CC_IRQHandler
    startup_stm32f10x_md.o(RESET) refers to stm32f10x_encoder.o(i.TIM2_IRQHandler) for TIM2_IRQHandler
    startup_stm32f10x_md.o(RESET) refers to stm32f10x_it.o(i.TIM3_IRQHandler) for TIM3_IRQHandler
    startup_stm32f10x_md.o(RESET) refers to stm32f10x_it.o(i.TIM4_IRQHandler) for TIM4_IRQHandler
    startup_stm32f10x_md.o(RESET) refers to stm32f10x_it.o(i.I2C1_EV_IRQHandler) for I2C1_EV_IRQHandler
    startup_stm32f10x_md.o(RESET) refers to stm32f10x_it.o(i.I2C1_ER_IRQHandler) for I2C1_ER_IRQHandler
    startup_stm32f10x_md.o(RESET) refers to stm32f10x_it.o(i.I2C2_EV_IRQHandler) for I2C2_EV_IRQHandler
    startup_stm32f10x_md.o(RESET) refers to stm32f10x_it.o(i.I2C2_ER_IRQHandler) for I2C2_ER_IRQHandler
    startup_stm32f10x_md.o(RESET) refers to stm32f10x_it.o(i.SPI1_IRQHandler) for SPI1_IRQHandler
    startup_stm32f10x_md.o(RESET) refers to stm32f10x_it.o(i.SPI2_IRQHandler) for SPI2_IRQHandler
[...]
    i.RTC_IRQHandler                         0x08004548   Section        0  stm32f10x_it.o(i.RTC_IRQHandler)
    i.RevPark_Circle_Limitation              0x0800454c   Section        0  mc_clarke_park.o(i.RevPark_Circle_Limitation)
    i.Rev_Park                               0x080045a0   Section        0  mc_clarke_park.o(i.Rev_Park)
    i.SPI1_IRQHandler                        0x080045f8   Section        0  stm32f10x_it.o(i.SPI1_IRQHandler)
    i.SPI2_IRQHandler                        0x080045fa   Section        0  stm32f10x_it.o(i.SPI2_IRQHandler)
    i.SPI_Cmd                                0x080045fc   Section        0  stm32f10x_spi.o(i.SPI_Cmd)
    i.SPI_FLASH_Init                         0x08004610   Section        0  spi_flash.o(i.SPI_FLASH_Init)
    i.SPI_FLASH_SendByte                     0x080046c8   Section        0  spi_flash.o(i.SPI_FLASH_SendByte)
    i.SPI_I2S_GetFlagStatus                  0x080046fc   Section        0  stm32f10x_spi.o(i.SPI_I2S_GetFlagStatus)
    i.SPI_I2S_ReceiveData                    0x0800470a   Section        0  stm32f10x_spi.o(i.SPI_I2S_ReceiveData)
    i.SPI_I2S_SendData                       0x0800470e   Section        0  stm32f10x_spi.o(i.SPI_I2S_SendData)
    i.SPI_Init                               0x08004712   Section        0  stm32f10x_spi.o(i.SPI_Init)
    i.SVC_Handler                            0x0800474a   Section        0  stm32f10x_it.o(i.SVC_Handler)
    i.SVPWMEOCEvent                          0x0800474c   Section        0  stm32f10x_svpwm_1shunt.o(i.SVPWMEOCEvent)
    i.SVPWMUpdateEvent                       0x08004790   Section        0  stm32f10x_svpwm_1shunt.o(i.SVPWMUpdateEvent)
    i.SVPWM_1ShuntAdvCurrentReading          0x08004b0c   Section        0  stm32f10x_svpwm_1shunt.o(i.SVPWM_1ShuntAdvCurrentReading)
    i.SVPWM_1ShuntCalcDutyCycles             0x08004bc4   Section        0  stm32f10x_svpwm_1shunt.o(i.SVPWM_1ShuntCalcDutyCycles)
    i.SVPWM_1ShuntCurrentReadingCalibration  0x08005178   Section        0  stm32f10x_svpwm_1shunt.o(i.SVPWM_1ShuntCurrentReadingCalibration)
    i.SVPWM_1ShuntGetPhaseCurrentValues      0x08005208   Section        0  stm32f10x_svpwm_1shunt.o(i.SVPWM_1ShuntGetPhaseCurrentValues)
    i.SVPWM_1ShuntInit                       0x080053ac   Section        0  stm32f10x_svpwm_1shunt.o(i.SVPWM_1ShuntInit)
    i.SVPWM_InjectedConvConfig               0x080059fc   Section        0  stm32f10x_svpwm_1shunt.o(i.SVPWM_InjectedConvConfig)
    i.SetSysClockTo72                        0x08005b08   Section        0  system_stm32f10x.o(i.SetSysClockTo72)
    SetSysClockTo72                          0x08005b09   Thumb Code   138  system_stm32f10x.o(i.SetSysClockTo72)
    i.SysTick_CLKSourceConfig                0x08005b9c   Section        0  misc.o(i.SysTick_CLKSourceConfig)
    i.SysTick_Handler                        0x08005bb4   Section        0  stm32f10x_timebase.o(i.SysTick_Handler)
    i.SystemInit                             0x08005c40   Section        0  system_stm32f10x.o(i.SystemInit)
    i.TAMPER_IRQHandler                      0x08005c80   Section        0  stm32f10x_it.o(i.TAMPER_IRQHandler)
    i.TB_DebounceDelay_IsElapsed             0x08005c84   Section        0  stm32f10x_timebase.o(i.TB_DebounceDelay_IsElapsed)
    i.TB_Delay_IsElapsed                     0x08005c98   Section        0  stm32f10x_timebase.o(i.TB_Delay_IsElapsed)
    i.TB_DisplayDelay_IsElapsed              0x08005cac   Section        0  stm32f10x_timebase.o(i.TB_DisplayDelay_IsElapsed)
    i.TB_Init                                0x08005cc0   Section        0  stm32f10x_timebase.o(i.TB_Init)
    i.TB_Set_DebounceDelay_500us             0x08005d20   Section        0  stm32f10x_timebase.o(i.TB_Set_DebounceDelay_500us)
    i.TB_Set_Delay_500us                     0x08005d2c   Section        0  stm32f10x_timebase.o(i.TB_Set_Delay_500us)
    i.TB_Set_DisplayDelay_500us              0x08005d38   Section        0  stm32f10x_timebase.o(i.TB_Set_DisplayDelay_500us)
    i.TB_Set_StartUp_Timeout                 0x08005d44   Section        0  stm32f10x_timebase.o(i.TB_Set_StartUp_Timeout)
    i.TB_StartUp_Timeout_IsElapsed           0x08005d50   Section        0  stm32f10x_timebase.o(i.TB_StartUp_Timeout_IsElapsed)
    i.TB_Wait                                0x08005d64   Section        0  stm32f10x_timebase.o(i.TB_Wait)
    i.TI1_Config                             0x08005d74   Section        0  stm32f10x_tim.o(i.TI1_Config)
    TI1_Config                               0x08005d75   Thumb Code    40  stm32f10x_tim.o(i.TI1_Config)
    i.TI2_Config                             0x08005d9c   Section        0  stm32f10x_tim.o(i.TI2_Config)
    TI2_Config                               0x08005d9d   Thumb Code    44  stm32f10x_tim.o(i.TI2_Config)
    i.TIM1_BRK_IRQHandler                    0x08005dc8   Section        0  stm32f10x_it.o(i.TIM1_BRK_IRQHandler)
    i.TIM1_CC_IRQHandler                     0x08005de8   Section        0  stm32f10x_it.o(i.TIM1_CC_IRQHandler)
    i.TIM1_TRG_COM_IRQHandler                0x08005dea   Section        0  stm32f10x_it.o(i.TIM1_TRG_COM_IRQHandler)
    i.TIM1_UP_IRQHandler                     0x08005dec   Section        0  stm32f10x_it.o(i.TIM1_UP_IRQHandler)
    i.TIM2_IRQHandler                        0x08005e04   Section        0  stm32f10x_encoder.o(i.TIM2_IRQHandler)
    i.TIM3_IRQHandler                        0x08005e28   Section        0  stm32f10x_it.o(i.TIM3_IRQHandler)
    i.TIM4_IRQHandler                        0x08005e2a   Section        0  stm32f10x_it.o(i.TIM4_IRQHandler)
    i.TIM_BDTRConfig                         0x08005e2c   Section        0  stm32f10x_tim.o(i.TIM_BDTRConfig)
    i.TIM_ClearFlag                          0x08005e4e   Section        0  stm32f10x_tim.o(i.TIM_ClearFlag)
    i.TIM_ClearITPendingBit                  0x08005e54   Section        0  stm32f10x_tim.o(i.TIM_ClearITPendingBit)
    i.TIM_Cmd                                0x08005e5a   Section        0  stm32f10x_tim.o(i.TIM_Cmd)
    i.TIM_CtrlPWMOutputs                     0x08005e70   Section        0  stm32f10x_tim.o(i.TIM_CtrlPWMOutputs)
    i.TIM_DMACmd                             0x08005e86   Section        0  stm32f10x_tim.o(i.TIM_DMACmd)
    i.TIM_DMAConfig                          0x08005e96   Section        0  stm32f10x_tim.o(i.TIM_DMAConfig)
    i.TIM_DeInit                             0x08005ea0   Section        0  stm32f10x_tim.o(i.TIM_DeInit)
    i.TIM_EncoderInterfaceConfig             0x08005f98   Section        0  stm32f10x_tim.o(i.TIM_EncoderInterfaceConfig)
    i.TIM_GenerateEvent                      0x08005fc4   Section        0  stm32f10x_tim.o(i.TIM_GenerateEvent)
    i.TIM_GetCounter                         0x08005fc8   Section        0  stm32f10x_tim.o(i.TIM_GetCounter)
    i.TIM_ICInit                             0x08005fcc   Section        0  stm32f10x_tim.o(i.TIM_ICInit)
    i.TIM_ICStructInit                       0x0800606c   Section        0  stm32f10x_tim.o(i.TIM_ICStructInit)
    i.TIM_ITConfig                           0x0800607c   Section        0  stm32f10x_tim.o(i.TIM_ITConfig)
    i.TIM_OC1Init                            0x0800608c   Section        0  stm32f10x_tim.o(i.TIM_OC1Init)
    i.TIM_OC1PreloadConfig                   0x0800610c   Section        0  stm32f10x_tim.o(i.TIM_OC1PreloadConfig)
    i.TIM_OC2Init                            0x08006118   Section        0  stm32f10x_tim.o(i.TIM_OC2Init)
    i.TIM_OC2PreloadConfig                   0x08006194   Section        0  stm32f10x_tim.o(i.TIM_OC2PreloadConfig)
    i.TIM_OC3Init                            0x080061a4   Section        0  stm32f10x_tim.o(i.TIM_OC3Init)
    i.TIM_OC3PreloadConfig                   0x0800621c   Section        0  stm32f10x_tim.o(i.TIM_OC3PreloadConfig)
    i.TIM_OC4Init                            0x08006228   Section        0  stm32f10x_tim.o(i.TIM_OC4Init)
    i.TIM_OC4PreloadConfig                   0x08006288   Section        0  stm32f10x_tim.o(i.TIM_OC4PreloadConfig)
    i.TIM_OCStructInit                       0x08006296   Section        0  stm32f10x_tim.o(i.TIM_OCStructInit)
    i.TIM_SelectOutputTrigger                0x080062aa   Section        0  stm32f10x_tim.o(i.TIM_SelectOutputTrigger)
    i.TIM_SetCompare1                        0x080062ba   Section        0  stm32f10x_tim.o(i.TIM_SetCompare1)
    i.TIM_SetCompare2                        0x080062be   Section        0  stm32f10x_tim.o(i.TIM_SetCompare2)
    i.TIM_SetCompare3                        0x080062c2   Section        0  stm32f10x_tim.o(i.TIM_SetCompare3)
    i.TIM_SetIC1Prescaler                    0x080062c6   Section        0  stm32f10x_tim.o(i.TIM_SetIC1Prescaler)
    i.TIM_SetIC2Prescaler                    0x080062d6   Section        0  stm32f10x_tim.o(i.TIM_SetIC2Prescaler)
    i.TIM_SetIC3Prescaler                    0x080062e8   Section        0  stm32f10x_tim.o(i.TIM_SetIC3Prescaler)
    i.TIM_SetIC4Prescaler                    0x080062f8   Section        0  stm32f10x_tim.o(i.TIM_SetIC4Prescaler)
    i.TIM_TimeBaseInit                       0x0800630c   Section        0  stm32f10x_tim.o(i.TIM_TimeBaseInit)
    i.TIM_TimeBaseStructInit                 0x080063b4   Section        0  stm32f10x_tim.o(i.TIM_TimeBaseStructInit)
    i.Test_Color                             0x080063c8   Section        0  stm3210e_lcd.o(i.Test_Color)
    i.Trig_Functions                         0x08006588   Section        0  mc_clarke_park.o(i.Trig_Functions)
    i.USART1_IRQHandler                      0x08006600   Section        0  stm32f10x_it.o(i.USART1_IRQHandler)
    i.USART2_IRQHandler                      0x08006602   Section        0  stm32f10x_it.o(i.USART2_IRQHandler)
    i.USART3_IRQHandler                      0x08006604   Section        0  stm32f10x_it.o(i.USART3_IRQHandler)
    i.USBWakeUp_IRQHandler                   0x08006606   Section        0  stm32f10x_it.o(i.USBWakeUp_IRQHandler)
    i.UsageFault_Handler                     0x08006608   Section        0  stm32f10x_it.o(i.UsageFault_Handler)
    i.WWDG_IRQHandler                        0x0800660a   Section        0  stm32f10x_it.o(i.WWDG_IRQHandler)
    i.__scatterload_copy                     0x0800660c   Section       14  handlers.o(i.__scatterload_copy)
    i.__scatterload_null                     0x0800661a   Section        2  handlers.o(i.__scatterload_null)
    i.__scatterload_zeroinit                 0x0800661c   Section       14  handlers.o(i.__scatterload_zeroinit)
    i.ili9320_WriteData                      0x0800662c   Section        0  stm3210e_lcd.o(i.ili9320_WriteData)
    i.ili9320_WriteIndex                     0x0800666c   Section        0  stm3210e_lcd.o(i.ili9320_WriteIndex)
    i.ili9320_WriteRegister                  0x080066ac   Section        0  stm3210e_lcd.o(i.ili9320_WriteRegister)
    i.main                                   0x080066e0   Section        0  main.o(i.main)
    .constdata                               0x08006814   Section      654  mc_clarke_park.o(.constdata)
    .constdata                               0x08006aa2   Section       18  mc_keys.o(.constdata)
    .constdata                               0x08006ab4   Section     4560  stm3210e_lcd.o(.constdata)
    .conststring                             0x08007c84   Section      483  stm32f10x_mcdac.o(.conststring)
    .data                                    0x20000000   Section        4  mc_clarke_park.o(.data)
    Vector_Components                        0x20000000   Data           4  mc_clarke_park.o(.data)
    .data                                    0x20000004   Section       22  mc_foc_drive.o(.data)
    i                                        0x2000000c   Data           2  mc_foc_drive.o(.data)
    Stat_Curr_q_d_ref                        0x2000000e   Data           4  mc_foc_drive.o(.data)
    Stat_Curr_q_d_ref_ref                    0x20000012   Data           4  mc_foc_drive.o(.data)
    Stat_Volt_q_d_1                          0x20000016   Data           4  mc_foc_drive.o(.data)
    .data                                    0x2000001c   Section       12  mc_motorcontrol_layer.o(.data)
    h_BusV_Average                           0x2000001c   Data           2  mc_motorcontrol_layer.o(.data)
    w_Temp_Average                           0x20000024   Data           4  mc_motorcontrol_layer.o(.data)
    .data                                    0x20000028   Section        4  mc_globals.o(.data)
    .data                                    0x2000002c   Section        4  mc_globals.o(.data)
    .data                                    0x20000030   Section        4  mc_globals.o(.data)
    .data                                    0x20000034   Section        4  mc_globals.o(.data)
    .data                                    0x20000038   Section        4  mc_globals.o(.data)
    .data                                    0x2000003c   Section        4  mc_globals.o(.data)
    .data                                    0x20000040   Section        1  mc_globals.o(.data)
    .data                                    0x20000042   Section        2  mc_globals.o(.data)
    .data                                    0x20000044   Section        2  mc_globals.o(.data)
    .data                                    0x20000046   Section        2  mc_globals.o(.data)
    .data                                    0x20000048   Section       17  mc_keys.o(.data)
    i                                        0x20000048   Data           1  mc_keys.o(.data)
    j                                        0x20000049   Data           1  mc_keys.o(.data)
    sign                                     0x2000004a   Data           1  mc_keys.o(.data)
    DATA_74HC595_74HC165                     0x2000004b   Data           1  mc_keys.o(.data)
    ch                                       0x2000004c   Data           1  mc_keys.o(.data)
    bKey                                     0x2000004d   Data           1  mc_keys.o(.data)
    bPrevious_key                            0x2000004e   Data           1  mc_keys.o(.data)
    bKey_Flag                                0x2000004f   Data           1  mc_keys.o(.data)
    .data                                    0x20000059   Section        2  mc_display.o(.data)
    bPrevious_Visualization                  0x20000059   Data           1  mc_display.o(.data)
    bPresent_Visualization                   0x2000005a   Data           1  mc_display.o(.data)
    .data                                    0x2000005c   Section       16  stm32f10x_encoder.o(.data)
    bSpeed_Buffer_Index                      0x2000005c   Data           1  stm32f10x_encoder.o(.data)
    bIs_First_Measurement                    0x2000005d   Data           1  stm32f10x_encoder.o(.data)
    bError_Speed_Measurement                 0x2000005e   Data           1  stm32f10x_encoder.o(.data)
    bError_counter                           0x2000005f   Data           1  stm32f10x_encoder.o(.data)
    hPrevious_angle                          0x20000060   Data           2  stm32f10x_encoder.o(.data)
    hRot_Speed                               0x20000062   Data           2  stm32f10x_encoder.o(.data)
    hEncoder_Timer_Overflow                  0x20000064   Data           2  stm32f10x_encoder.o(.data)
    wTimebase                                0x20000068   Data           4  stm32f10x_encoder.o(.data)
    .data                                    0x2000006c   Section       12  stm32f10x_timebase.o(.data)
    hStart_Up_TimeLeft_500us                 0x2000006e   Data           2  stm32f10x_timebase.o(.data)
    hTimebase_500us                          0x20000070   Data           2  stm32f10x_timebase.o(.data)
    hTimebase_display_500us                  0x20000072   Data           2  stm32f10x_timebase.o(.data)
    hKey_debounce_500us                      0x20000074   Data           2  stm32f10x_timebase.o(.data)
    hSpeedMeas_Timebase_500us                0x20000076   Data           2  stm32f10x_timebase.o(.data)
    .data                                    0x20000078   Section      113  stm32f10x_mcdac.o(.data)
    .data                                    0x200000ea   Section       76  stm32f10x_svpwm_1shunt.o(.data)
    bIndex                                   0x200000f6   Data           2  stm32f10x_svpwm_1shunt.o(.data)
    .data                                    0x20000136   Section        6  stm3210e_lcd.o(.data)
    TextColor                                0x20000136   Data           2  stm3210e_lcd.o(.data)
    BackColor                                0x20000138   Data           2  stm3210e_lcd.o(.data)
    .data                                    0x2000013c   Section       24  mc_foc_methods.o(.data)
    hIdDemag                                 0x2000013c   Data           2  mc_foc_methods.o(.data)
    hIdRefOld                                0x2000013e   Data           2  mc_foc_methods.o(.data)
    wNominalCurrent                          0x20000140   Data           4  mc_foc_methods.o(.data)
    wVMagn                                   0x20000144   Data           4  mc_foc_methods.o(.data)
    wConstant_1Q                             0x20000148   Data           4  mc_foc_methods.o(.data)
    wConstant_1D                             0x2000014c   Data           4  mc_foc_methods.o(.data)
    wConstant_2                              0x20000150   Data           4  mc_foc_methods.o(.data)
    .bss                                     0x20000154   Section       32  mc_globals.o(.bss)
    .bss                                     0x20000174   Section       32  mc_globals.o(.bss)
    .bss                                     0x20000194   Section       32  mc_globals.o(.bss)
    .bss                                     0x200001b4   Section      144  mc_globals.o(.bss)
    .bss                                     0x20000244   Section       72  mc_globals.o(.bss)
    .bss                                     0x2000028c   Section       72  mc_globals.o(.bss)
    .bss                                     0x200002d4   Section     5000  mc_globals.o(.bss)
    .bss                                     0x2000165c   Section     5000  mc_globals.o(.bss)
    .bss                                     0x200029e4   Section       16  stm32f10x_encoder.o(.bss)
    hSpeed_Buffer                            0x200029e4   Data          16  stm32f10x_encoder.o(.bss)
    .bss                                     0x200029f4   Section       46  stm32f10x_mcdac.o(.bss)
    .bss                                     0x20002a22   Section       10  stm32f10x_svpwm_1shunt.o(.bss)
    .bss                                     0x20002a2c   Section      100  mc_foc_methods.o(.bss)
    MTPA_InitStructure                       0x20002a2c   Data          68  mc_foc_methods.o(.bss)
    PI_Stat_Volt_InitStructure               0x20002a70   Data          32  mc_foc_methods.o(.bss)
    STACK                                    0x20002a90   Section     1024  startup_stm32f10x_md.o(STACK)

    Global Symbols

    Symbol Name                              Value     Ov Type        Size  Object(Section)

    BuildAttributes$$THM_ISAv4$P$D$K$B$S$PE$A:L22UL41UL21$X:L11$S22US41US21$IEEE1$IW$USESV6$~STKCKD$USESV7$~SHL$OTIME$ROPI$EBA8$MICROLIB$REQ8$PRES8$EABIv2 0x00000000   Number         0  anon$$obj.o ABSOLUTE
    __ARM_use_no_argv                        0x00000000   Number         0  main.o ABSOLUTE
    __Vectors_Size                           0x000000ec   Number         0  startup_stm32f10x_md.o ABSOLUTE
    __Vectors                                0x08000000   Data           4  startup_stm32f10x_md.o(RESET)
    __Vectors_End                            0x080000ec   Data           0  startup_stm32f10x_md.o(RESET)
    __main                                   0x080000ed   Thumb Code     0  entry.o(.ARM.Collect$$$$00000000)
    _main_stk                                0x080000ed   Thumb Code     0  entry2.o(.ARM.Collect$$$$00000001)
    _main_scatterload                        0x080000f1   Thumb Code     0  entry5.o(.ARM.Collect$$$$00000004)
    __main_after_scatterload                 0x080000f5   Thumb Code     0  entry5.o(.ARM.Collect$$$$00000004)
    _main_init                               0x080000f5   Thumb Code     0  entry7.o(.ARM.Collect$$$$00000007)
    Reset_Handler                            0x08000101   Thumb Code     8  startup_stm32f10x_md.o(.text)
    CAN1_RX1_IRQHandler                      0x0800011b   Thumb Code     0  startup_stm32f10x_md.o(.text)
    CAN1_SCE_IRQHandler                      0x0800011b   Thumb Code     0  startup_stm32f10x_md.o(.text)
    USB_HP_CAN1_TX_IRQHandler                0x0800011b   Thumb Code     0  startup_stm32f10x_md.o(.text)
    USB_LP_CAN1_RX0_IRQHandler               0x0800011b   Thumb Code     0  startup_stm32f10x_md.o(.text)
    __aeabi_ldivmod                          0x08000125   Thumb Code    90  ldiv.o(.text)
    __aeabi_uldivmod                         0x0800017f   Thumb Code    98  uldiv.o(.text)
    __aeabi_llsr                             0x080001e1   Thumb Code    32  llushr.o(.text)
    _ll_ushift_r                             0x080001e1   Thumb Code     0  llushr.o(.text)
    __scatterload                            0x08000201   Thumb Code    28  init.o(.text)
    __scatterload_rt2                        0x08000201   Thumb Code     0  init.o(.text)
    __aeabi_llsl                             0x08000225   Thumb Code    30  llshl.o(.text)
    _ll_shift_l                              0x08000225   Thumb Code     0  llshl.o(.text)
    __decompress                             0x08000243   Thumb Code     0  __dczerorl2.o(.text)
    __decompress1                            0x08000243   Thumb Code    92  __dczerorl2.o(.text)
    ADC1_2_IRQHandler                        0x080002a1   Thumb Code   288  stm32f10x_it.o(i.ADC1_2_IRQHandler)
    ADC_AnalogWatchdogCmd                    0x080003ed   Thumb Code    12  stm32f10x_adc.o(i.ADC_AnalogWatchdogCmd)
    ADC_AnalogWatchdogSingleChannelConfig    0x080003fd   Thumb Code    12  stm32f10x_adc.o(i.ADC_AnalogWatchdogSingleChannelConfig)
    ADC_AnalogWatchdogThresholdsConfig       0x08000409   Thumb Code     6  stm32f10x_adc.o(i.ADC_AnalogWatchdogThresholdsConfig)
    ADC_ClearFlag                            0x0800040f   Thumb Code     6  stm32f10x_adc.o(i.ADC_ClearFlag)
    ADC_Cmd                                  0x08000415   Thumb Code    20  stm32f10x_adc.o(i.ADC_Cmd)
    ADC_DMACmd                               0x08000429   Thumb Code    20  stm32f10x_adc.o(i.ADC_DMACmd)
    ADC_DeInit                               0x0800043d   Thumb Code    56  stm32f10x_adc.o(i.ADC_DeInit)
    ADC_ExternalTrigConvCmd                  0x08000481   Thumb Code    20  stm32f10x_adc.o(i.ADC_ExternalTrigConvCmd)
    ADC_ExternalTrigInjectedConvCmd          0x08000495   Thumb Code    20  stm32f10x_adc.o(i.ADC_ExternalTrigInjectedConvCmd)
    ADC_ExternalTrigInjectedConvConfig       0x080004a9   Thumb Code    12  stm32f10x_adc.o(i.ADC_ExternalTrigInjectedConvConfig)
    ADC_GetCalibrationStatus                 0x080004b5   Thumb Code    14  stm32f10x_adc.o(i.ADC_GetCalibrationStatus)
    ADC_GetFlagStatus                        0x080004c3   Thumb Code    14  stm32f10x_adc.o(i.ADC_GetFlagStatus)
    ADC_GetITStatus                          0x080004d1   Thumb Code    28  stm32f10x_adc.o(i.ADC_GetITStatus)
    ADC_GetInjectedConversionValue           0x080004ed   Thumb Code     8  stm32f10x_adc.o(i.ADC_GetInjectedConversionValue)
    ADC_GetResetCalibrationStatus            0x080004f5   Thumb Code    14  stm32f10x_adc.o(i.ADC_GetResetCalibrationStatus)
    ADC_ITConfig                             0x08000503   Thumb Code    18  stm32f10x_adc.o(i.ADC_ITConfig)
    ADC_Init                                 0x08000515   Thumb Code    62  stm32f10x_adc.o(i.ADC_Init)
    ADC_InjectedChannelConfig                0x0800055d   Thumb Code    74  stm32f10x_adc.o(i.ADC_InjectedChannelConfig)
    ADC_InjectedDiscModeCmd                  0x080005a7   Thumb Code    20  stm32f10x_adc.o(i.ADC_InjectedDiscModeCmd)
    ADC_InjectedSequencerLengthConfig        0x080005bb   Thumb Code    16  stm32f10x_adc.o(i.ADC_InjectedSequencerLengthConfig)
    ADC_RegularChannelConfig                 0x080005cb   Thumb Code   116  stm32f10x_adc.o(i.ADC_RegularChannelConfig)
    ADC_ResetCalibration                     0x0800063f   Thumb Code    10  stm32f10x_adc.o(i.ADC_ResetCalibration)
    ADC_StartCalibration                     0x08000649   Thumb Code    10  stm32f10x_adc.o(i.ADC_StartCalibration)
    ADC_StructInit                           0x08000653   Thumb Code    18  stm32f10x_adc.o(i.ADC_StructInit)
    ADC_TempSensorVrefintCmd                 0x08000665   Thumb Code    22  stm32f10x_adc.o(i.ADC_TempSensorVrefintCmd)
    AT45_INIT                                0x08000681   Thumb Code    16  spi_flash.o(i.AT45_INIT)
    BusFault_Handler                         0x08000691   Thumb Code     2  stm32f10x_it.o(i.BusFault_Handler)
    Clarke                                   0x08000693   Thumb Code    50  mc_clarke_park.o(i.Clarke)
    ComputeVisualization                     0x080006c5   Thumb Code    86  mc_display.o(i.ComputeVisualization)
    DAC_Cmd                                  0x08000721   Thumb Code    20  stm32f10x_dac.o(i.DAC_Cmd)
    DAC_Init                                 0x08000739   Thumb Code    36  stm32f10x_dac.o(i.DAC_Init)
    DAC_SetChannel1Data                      0x08000761   Thumb Code     8  stm32f10x_dac.o(i.DAC_SetChannel1Data)
    DAC_SetChannel2Data                      0x0800076d   Thumb Code     8  stm32f10x_dac.o(i.DAC_SetChannel2Data)
    DAC_StructInit                           0x08000779   Thumb Code    12  stm32f10x_dac.o(i.DAC_StructInit)
    DBGMCU_Config                            0x08000785   Thumb Code    18  stm32f10x_dbgmcu.o(i.DBGMCU_Config)
    DMA1_Channel1_IRQHandler                 0x0800079d   Thumb Code    82  stm32f10x_it.o(i.DMA1_Channel1_IRQHandler)
    DMA1_Channel2_IRQHandler                 0x080007fd   Thumb Code     2  stm32f10x_it.o(i.DMA1_Channel2_IRQHandler)
    DMA1_Channel3_IRQHandler                 0x080007ff   Thumb Code     2  stm32f10x_it.o(i.DMA1_Channel3_IRQHandler)
    DMA1_Channel4_IRQHandler                 0x08000801   Thumb Code     2  stm32f10x_it.o(i.DMA1_Channel4_IRQHandler)
    DMA1_Channel5_IRQHandler                 0x08000803   Thumb Code     2  stm32f10x_it.o(i.DMA1_Channel5_IRQHandler)
    DMA1_Channel6_IRQHandler                 0x08000805   Thumb Code     2  stm32f10x_it.o(i.DMA1_Channel6_IRQHandler)
    DMA1_Channel7_IRQHandler                 0x08000807   Thumb Code     2  stm32f10x_it.o(i.DMA1_Channel7_IRQHandler)
    DMA_ClearITPendingBit                    0x08000809   Thumb Code    16  stm32f10x_dma.o(i.DMA_ClearITPendingBit)
    DMA_Cmd                                  0x08000821   Thumb Code    20  stm32f10x_dma.o(i.DMA_Cmd)
    DMA_DeInit                               0x08000835   Thumb Code   216  stm32f10x_dma.o(i.DMA_DeInit)
    DMA_GetITStatus                          0x08000915   Thumb Code    24  stm32f10x_dma.o(i.DMA_GetITStatus)
    DMA_ITConfig                             0x08000935   Thumb Code    16  stm32f10x_dma.o(i.DMA_ITConfig)
    DMA_Init                                 0x08000945   Thumb Code    58  stm32f10x_dma.o(i.DMA_Init)
    DMA_StructInit                           0x0800097f   Thumb Code    26  stm32f10x_dma.o(i.DMA_StructInit)
    DataToWrite                              0x08000999   Thumb Code    66  stm3210e_lcd.o(i.DataToWrite)
    DebugMon_Handler                         0x080009e5   Thumb Code     2  stm32f10x_it.o(i.DebugMon_Handler)
    Delay_nms                                0x080009e7   Thumb Code    20  stm3210e_lcd.o(i.Delay_nms)
    Display_5DigitSignedNumber               0x080009fb   Thumb Code   138  mc_display.o(i.Display_5DigitSignedNumber)
    Display_LCD                              0x08000a85   Thumb Code  3482  mc_display.o(i.Display_LCD)
    Display_Welcome_Message                  0x08001951   Thumb Code    30  mc_display.o(i.Display_Welcome_Message)
    ENC_Calc_Average_Speed                   0x080019b9   Thumb Code   124  stm32f10x_encoder.o(i.ENC_Calc_Average_Speed)
    ENC_Calc_Rot_Speed                       0x08001a41   Thumb Code   144  stm32f10x_encoder.o(i.ENC_Calc_Rot_Speed)
    ENC_Clear_Speed_Buffer                   0x08001ad5   Thumb Code    24  stm32f10x_encoder.o(i.ENC_Clear_Speed_Buffer)
    ENC_ErrorOnFeedback                      0x08001af5   Thumb Code     6  stm32f10x_encoder.o(i.ENC_ErrorOnFeedback)
    ENC_Get_Electrical_Angle                 0x08001b01   Thumb Code    26  stm32f10x_encoder.o(i.ENC_Get_Electrical_Angle)
    ENC_Get_Mechanical_Speed                 0x08001b21   Thumb Code     8  stm32f10x_encoder.o(i.ENC_Get_Mechanical_Speed)
    ENC_Init                                 0x08001b2d   Thumb Code   198  stm32f10x_encoder.o(i.ENC_Init)
    ENC_Start_Up                             0x08001bf9   Thumb Code   190  stm32f10x_encoder.o(i.ENC_Start_Up)
    EXTI0_IRQHandler                         0x08001ce9   Thumb Code     2  stm32f10x_it.o(i.EXTI0_IRQHandler)
    EXTI15_10_IRQHandler                     0x08001ceb   Thumb Code     2  stm32f10x_it.o(i.EXTI15_10_IRQHandler)
    EXTI1_IRQHandler                         0x08001ced   Thumb Code     2  stm32f10x_it.o(i.EXTI1_IRQHandler)
    EXTI2_IRQHandler                         0x08001cef   Thumb Code     2  stm32f10x_it.o(i.EXTI2_IRQHandler)
    EXTI3_IRQHandler                         0x08001cf1   Thumb Code     2  stm32f10x_it.o(i.EXTI3_IRQHandler)
    EXTI4_IRQHandler                         0x08001cf3   Thumb Code     2  stm32f10x_it.o(i.EXTI4_IRQHandler)
    EXTI9_5_IRQHandler                       0x08001cf5   Thumb Code     2  stm32f10x_it.o(i.EXTI9_5_IRQHandler)
    FLASH_IRQHandler                         0x08001cf7   Thumb Code     2  stm32f10x_it.o(i.FLASH_IRQHandler)
    FOC_CalcFluxTorqueRef                    0x08001cf9   Thumb Code   140  mc_foc_drive.o(i.FOC_CalcFluxTorqueRef)
    FOC_FluxRegulator                        0x08001d99   Thumb Code   196  mc_foc_methods.o(i.FOC_FluxRegulator)
    FOC_FluxRegulator_Init                   0x08001e65   Thumb Code    82  mc_foc_methods.o(i.FOC_FluxRegulator_Init)
    FOC_FluxRegulator_Update                 0x08001ec1   Thumb Code    14  mc_foc_methods.o(i.FOC_FluxRegulator_Update)
    FOC_Init                                 0x08001ed9   Thumb Code    98  mc_foc_drive.o(i.FOC_Init)
    FOC_Model                                0x08001f45   Thumb Code   142  mc_foc_drive.o(i.FOC_Model)
    FOC_TorqueCtrl                           0x08001ff5   Thumb Code    38  mc_foc_drive.o(i.FOC_TorqueCtrl)
    GPIO_Configuration                       0x08002035   Thumb Code   360  main.o(i.GPIO_Configuration)
    GPIO_DeInit                              0x080021b1   Thumb Code   152  stm32f10x_gpio.o(i.GPIO_DeInit)
    GPIO_Init                                0x08002265   Thumb Code   156  stm32f10x_gpio.o(i.GPIO_Init)
    GPIO_PinLockConfig                       0x08002301   Thumb Code    16  stm32f10x_gpio.o(i.GPIO_PinLockConfig)
    GPIO_PinRemapConfig                      0x08002311   Thumb Code    82  stm32f10x_gpio.o(i.GPIO_PinRemapConfig)
    GPIO_ReadInputData                       0x08002369   Thumb Code     6  stm32f10x_gpio.o(i.GPIO_ReadInputData)
    GPIO_ReadInputDataBit                    0x0800236f   Thumb Code    14  stm32f10x_gpio.o(i.GPIO_ReadInputDataBit)
    GPIO_ReadOutputData                      0x0800237d   Thumb Code     6  stm32f10x_gpio.o(i.GPIO_ReadOutputData)
    GPIO_ResetBits                           0x08002383   Thumb Code     4  stm32f10x_gpio.o(i.GPIO_ResetBits)
    GPIO_SetBits                             0x08002387   Thumb Code     4  stm32f10x_gpio.o(i.GPIO_SetBits)
    GPIO_StructInit                          0x0800238b   Thumb Code    16  stm32f10x_gpio.o(i.GPIO_StructInit)
    GPIO_Write                               0x0800239b   Thumb Code     4  stm32f10x_gpio.o(i.GPIO_Write)
    HardFault_Handler                        0x0800239f   Thumb Code     2  stm32f10x_it.o(i.HardFault_Handler)
    I2C1_ER_IRQHandler                       0x080023a1   Thumb Code     2  stm32f10x_it.o(i.I2C1_ER_IRQHandler)
    I2C1_EV_IRQHandler                       0x080023a3   Thumb Code     2  stm32f10x_it.o(i.I2C1_EV_IRQHandler)
    I2C2_ER_IRQHandler                       0x080023a5   Thumb Code     2  stm32f10x_it.o(i.I2C2_ER_IRQHandler)
    I2C2_EV_IRQHandler                       0x080023a7   Thumb Code     2  stm32f10x_it.o(i.I2C2_EV_IRQHandler)
    KEYS_ExportbKey                          0x080023a9   Thumb Code     6  mc_keys.o(i.KEYS_ExportbKey)
    KEYS_Read                                0x080023b5   Thumb Code   168  mc_keys.o(i.KEYS_Read)
    KEYS_SEG_Init                            0x08002465   Thumb Code   156  mc_keys.o(i.KEYS_SEG_Init)
    KEYS_process                             0x08002511   Thumb Code   992  mc_keys.o(i.KEYS_process)
    LCD_Clear                                0x08002925   Thumb Code     4  stm3210e_lcd.o(i.LCD_Clear)
    LCD_ClearLine                            0x08002929   Thumb Code     6  stm3210e_lcd.o(i.LCD_ClearLine)
    LCD_DisplayChar                          0x08002949   Thumb Code    18  stm3210e_lcd.o(i.LCD_DisplayChar)
    LCD_DisplayStringLine                    0x08002961   Thumb Code    46  stm3210e_lcd.o(i.LCD_DisplayStringLine)
    LCD_DrawChar                             0x08002991   Thumb Code   106  stm3210e_lcd.o(i.LCD_DrawChar)
    LCD_DrawLine                             0x08002a05   Thumb Code   130  stm3210e_lcd.o(i.LCD_DrawLine)
    LCD_DrawRect                             0x08002a91   Thumb Code    66  stm3210e_lcd.o(i.LCD_DrawRect)
    LCD_Init                                 0x08002ad3   Thumb Code    14  stm3210e_lcd.o(i.LCD_Init)
    LCD_SetBackColor                         0x08002ae1   Thumb Code     6  stm3210e_lcd.o(i.LCD_SetBackColor)
    LCD_SetCursor                            0x08002aed   Thumb Code    80  stm3210e_lcd.o(i.LCD_SetCursor)
    LCD_SetTextColor                         0x08002b41   Thumb Code     6  stm3210e_lcd.o(i.LCD_SetTextColor)
    LCD_WR_REG                               0x08002b4d   Thumb Code   110  stm3210e_lcd.o(i.LCD_WR_REG)
    Lcd_Clear                                0x08002bc5   Thumb Code   120  stm3210e_lcd.o(i.Lcd_Clear)
    Lcd_Configuration                        0x08002c45   Thumb Code   132  stm3210e_lcd.o(i.Lcd_Configuration)
    Lcd_Initialize                           0x08002cd5   Thumb Code  3778  stm3210e_lcd.o(i.Lcd_Initialize)
    Lcd_SetCursor                            0x08003b99   Thumb Code    80  stm3210e_lcd.o(i.Lcd_SetCursor)
    Lcd_WR_Start                             0x08003bed   Thumb Code    74  stm3210e_lcd.o(i.Lcd_WR_Start)
    MCDAC_Init                               0x08003c41   Thumb Code   350  stm32f10x_mcdac.o(i.MCDAC_Init)
    MCDAC_Output_Choice                      0x08003da9   Thumb Code    60  stm32f10x_mcdac.o(i.MCDAC_Output_Choice)
    MCDAC_Output_Var_Name                    0x08003de9   Thumb Code    26  stm32f10x_mcdac.o(i.MCDAC_Output_Var_Name)
    MCDAC_Update_Output                      0x08003e09   Thumb Code    92  stm32f10x_mcdac.o(i.MCDAC_Update_Output)
    MCDAC_Update_Value                       0x08003e71   Thumb Code     8  stm32f10x_mcdac.o(i.MCDAC_Update_Value)
    MCL_Bell_Init                            0x08003e7d   Thumb Code    56  mc_motorcontrol_layer.o(i.MCL_Bell_Init)
    MCL_Brake_Init                           0x08003eb9   Thumb Code    46  mc_motorcontrol_layer.o(i.MCL_Brake_Init)
    MCL_Calc_BusVolt                         0x08003eed   Thumb Code    26  mc_motorcontrol_layer.o(i.MCL_Calc_BusVolt)
    MCL_ChkPowerStage                        0x08003f0d   Thumb Code    44  mc_motorcontrol_layer.o(i.MCL_ChkPowerStage)
    MCL_Chk_BusVolt                          0x08003f39   Thumb Code    34  mc_motorcontrol_layer.o(i.MCL_Chk_BusVolt)
    MCL_Chk_OverTemp                         0x08003f61   Thumb Code    48  mc_motorcontrol_layer.o(i.MCL_Chk_OverTemp)
    MCL_ClearFault                           0x08003f99   Thumb Code   166  mc_motorcontrol_layer.o(i.MCL_ClearFault)
    MCL_Compute_BusVolt                      0x08004049   Thumb Code    22  mc_motorcontrol_layer.o(i.MCL_Compute_BusVolt)
    MCL_Compute_Temp                         0x08004065   Thumb Code    22  mc_motorcontrol_layer.o(i.MCL_Compute_Temp)
    MCL_Fan_Init                             0x08004081   Thumb Code    56  mc_motorcontrol_layer.o(i.MCL_Fan_Init)
    MCL_Fault_Reset_Init                     0x080040bd   Thumb Code    84  mc_motorcontrol_layer.o(i.MCL_Fault_Reset_Init)
    MCL_Fault_Reset_Off                      0x08004115   Thumb Code     8  mc_motorcontrol_layer.o(i.MCL_Fault_Reset_Off)
    MCL_Fault_Reset_On                       0x08004121   Thumb Code     8  mc_motorcontrol_layer.o(i.MCL_Fault_Reset_On)
    MCL_Init                                 0x0800412d   Thumb Code    72  mc_motorcontrol_layer.o(i.MCL_Init)
    MCL_Init_Arrays                          0x08004181   Thumb Code    14  mc_motorcontrol_layer.o(i.MCL_Init_Arrays)
    MCL_Reset_PID_IntegralTerms              0x08004195   Thumb Code    16  mc_motorcontrol_layer.o(i.MCL_Reset_PID_IntegralTerms)
    MCL_SetFault                             0x080041b1   Thumb Code    50  mc_motorcontrol_layer.o(i.MCL_SetFault)
    MCL_Set_Bell_Off                         0x080041f5   Thumb Code    10  mc_motorcontrol_layer.o(i.MCL_Set_Bell_Off)
    MCL_Set_Bell_On                          0x08004205   Thumb Code    10  mc_motorcontrol_layer.o(i.MCL_Set_Bell_On)
    MCL_Set_Brake_Off                        0x08004215   Thumb Code    10  mc_motorcontrol_layer.o(i.MCL_Set_Brake_Off)
    MCL_Set_Brake_On                         0x08004225   Thumb Code    10  mc_motorcontrol_layer.o(i.MCL_Set_Brake_On)
    MCL_Set_Fan_Off                          0x08004235   Thumb Code    10  mc_motorcontrol_layer.o(i.MCL_Set_Fan_Off)
    MCL_Set_Fan_On                           0x08004245   Thumb Code    10  mc_motorcontrol_layer.o(i.MCL_Set_Fan_On)
    MemManage_Handler                        0x08004255   Thumb Code     2  stm32f10x_it.o(i.MemManage_Handler)
    NMI_Handler                              0x08004257   Thumb Code     2  stm32f10x_it.o(i.NMI_Handler)
    NVIC_Configuration                       0x08004259   Thumb Code    10  main.o(i.NVIC_Configuration)
    NVIC_Init                                0x08004265   Thumb Code    90  misc.o(i.NVIC_Init)
    NVIC_PriorityGroupConfig                 0x080042c9   Thumb Code    10  misc.o(i.NVIC_PriorityGroupConfig)
    NVIC_SetVectorTable                      0x080042fd   Thumb Code    12  misc.o(i.NVIC_SetVectorTable)
    PID_Init                                 0x08004311   Thumb Code   180  mc_pid_regulators.o(i.PID_Init)
    PID_Regulator                            0x080043d9   Thumb Code   112  mc_pid_regulators.o(i.PID_Regulator)
    PVD_IRQHandler                           0x08004449   Thumb Code     2  stm32f10x_it.o(i.PVD_IRQHandler)
    Park                                     0x0800444d   Thumb Code    98  mc_clarke_park.o(i.Park)
    PendSV_Handler                           0x080044b5   Thumb Code     2  stm32f10x_it.o(i.PendSV_Handler)
    RCC_ADCCLKConfig                         0x080044b9   Thumb Code    14  stm32f10x_rcc.o(i.RCC_ADCCLKConfig)
    RCC_AHBPeriphClockCmd                    0x080044cd   Thumb Code    18  stm32f10x_rcc.o(i.RCC_AHBPeriphClockCmd)
    RCC_APB1PeriphClockCmd                   0x080044e5   Thumb Code    18  stm32f10x_rcc.o(i.RCC_APB1PeriphClockCmd)
    RCC_APB1PeriphResetCmd                   0x080044fd   Thumb Code    18  stm32f10x_rcc.o(i.RCC_APB1PeriphResetCmd)
    RCC_APB2PeriphClockCmd                   0x08004515   Thumb Code    18  stm32f10x_rcc.o(i.RCC_APB2PeriphClockCmd)
    RCC_APB2PeriphResetCmd                   0x0800452d   Thumb Code    18  stm32f10x_rcc.o(i.RCC_APB2PeriphResetCmd)
    RCC_IRQHandler                           0x08004545   Thumb Code     2  stm32f10x_it.o(i.RCC_IRQHandler)
    RTCAlarm_IRQHandler                      0x08004547   Thumb Code     2  stm32f10x_it.o(i.RTCAlarm_IRQHandler)
    RTC_IRQHandler                           0x08004549   Thumb Code     2  stm32f10x_it.o(i.RTC_IRQHandler)
    RevPark_Circle_Limitation                0x0800454d   Thumb Code    72  mc_clarke_park.o(i.RevPark_Circle_Limitation)
    Rev_Park                                 0x080045a1   Thumb Code    84  mc_clarke_park.o(i.Rev_Park)
    SPI1_IRQHandler                          0x080045f9   Thumb Code     2  stm32f10x_it.o(i.SPI1_IRQHandler)
    SPI2_IRQHandler                          0x080045fb   Thumb Code     2  stm32f10x_it.o(i.SPI2_IRQHandler)
    SPI_Cmd                                  0x080045fd   Thumb Code    20  stm32f10x_spi.o(i.SPI_Cmd)
    SPI_FLASH_Init                           0x08004611   Thumb Code   170  spi_flash.o(i.SPI_FLASH_Init)
    SPI_FLASH_SendByte                       0x080046c9   Thumb Code    48  spi_flash.o(i.SPI_FLASH_SendByte)
    SPI_I2S_GetFlagStatus                    0x080046fd   Thumb Code    14  stm32f10x_spi.o(i.SPI_I2S_GetFlagStatus)
    SPI_I2S_ReceiveData                      0x0800470b   Thumb Code     4  stm32f10x_spi.o(i.SPI_I2S_ReceiveData)
    SPI_I2S_SendData                         0x0800470f   Thumb Code     4  stm32f10x_spi.o(i.SPI_I2S_SendData)
    SPI_Init                                 0x08004713   Thumb Code    56  stm32f10x_spi.o(i.SPI_Init)
    SVC_Handler                              0x0800474b   Thumb Code     2  stm32f10x_it.o(i.SVC_Handler)
    SVPWMEOCEvent                            0x0800474d   Thumb Code    48  stm32f10x_svpwm_1shunt.o(i.SVPWMEOCEvent)
    SVPWMUpdateEvent                         0x08004791   Thumb Code   844  stm32f10x_svpwm_1shunt.o(i.SVPWMUpdateEvent)
    SVPWM_1ShuntAdvCurrentReading            0x08004b0d   Thumb Code   162  stm32f10x_svpwm_1shunt.o(i.SVPWM_1ShuntAdvCurrentReading)
    SVPWM_1ShuntCalcDutyCycles               0x08004bc5   Thumb Code  1456  stm32f10x_svpwm_1shunt.o(i.SVPWM_1ShuntCalcDutyCycles)
    SVPWM_1ShuntCurrentReadingCalibration    0x08005179   Thumb Code   136  stm32f10x_svpwm_1shunt.o(i.SVPWM_1ShuntCurrentReadingCalibration)
    SVPWM_1ShuntGetPhaseCurrentValues        0x08005209   Thumb Code   404  stm32f10x_svpwm_1shunt.o(i.SVPWM_1ShuntGetPhaseCurrentValues)
    SVPWM_1ShuntInit                         0x080053ad   Thumb Code  1604  stm32f10x_svpwm_1shunt.o(i.SVPWM_1ShuntInit)
    SVPWM_InjectedConvConfig                 0x080059fd   Thumb Code   232  stm32f10x_svpwm_1shunt.o(i.SVPWM_InjectedConvConfig)
    SysTick_CLKSourceConfig                  0x08005b9d   Thumb Code    24  misc.o(i.SysTick_CLKSourceConfig)
    SysTick_Handler                          0x08005bb5   Thumb Code   126  stm32f10x_timebase.o(i.SysTick_Handler)
    SystemInit                               0x08005c41   Thumb Code    52  system_stm32f10x.o(i.SystemInit)
    TAMPER_IRQHandler                        0x08005c81   Thumb Code     2  stm32f10x_it.o(i.TAMPER_IRQHandler)
    TB_DebounceDelay_IsElapsed               0x08005c85   Thumb Code    14  stm32f10x_timebase.o(i.TB_DebounceDelay_IsElapsed)
    TB_Delay_IsElapsed                       0x08005c99   Thumb Code    14  stm32f10x_timebase.o(i.TB_Delay_IsElapsed)
    TB_DisplayDelay_IsElapsed                0x08005cad   Thumb Code    14  stm32f10x_timebase.o(i.TB_DisplayDelay_IsElapsed)
    TB_Init                                  0x08005cc1   Thumb Code    90  stm32f10x_timebase.o(i.TB_Init)
    TB_Set_DebounceDelay_500us               0x08005d21   Thumb Code     6  stm32f10x_timebase.o(i.TB_Set_DebounceDelay_500us)
    TB_Set_Delay_500us                       0x08005d2d   Thumb Code     6  stm32f10x_timebase.o(i.TB_Set_Delay_500us)
    TB_Set_DisplayDelay_500us                0x08005d39   Thumb Code     6  stm32f10x_timebase.o(i.TB_Set_DisplayDelay_500us)
    TB_Set_StartUp_Timeout                   0x08005d45   Thumb Code     8  stm32f10x_timebase.o(i.TB_Set_StartUp_Timeout)
    TB_StartUp_Timeout_IsElapsed             0x08005d51   Thumb Code    14  stm32f10x_timebase.o(i.TB_StartUp_Timeout_IsElapsed)
    TB_Wait                                  0x08005d65   Thumb Code    12  stm32f10x_timebase.o(i.TB_Wait)
    TIM1_BRK_IRQHandler                      0x08005dc9   Thumb Code    26  stm32f10x_it.o(i.TIM1_BRK_IRQHandler)
    TIM1_CC_IRQHandler                       0x08005de9   Thumb Code     2  stm32f10x_it.o(i.TIM1_CC_IRQHandler)
    TIM1_TRG_COM_IRQHandler                  0x08005deb   Thumb Code     2  stm32f10x_it.o(i.TIM1_TRG_COM_IRQHandler)
    TIM1_UP_IRQHandler                       0x08005ded   Thumb Code    18  stm32f10x_it.o(i.TIM1_UP_IRQHandler)
    TIM2_IRQHandler                          0x08005e05   Thumb Code    30  stm32f10x_encoder.o(i.TIM2_IRQHandler)
    TIM3_IRQHandler                          0x08005e29   Thumb Code     2  stm32f10x_it.o(i.TIM3_IRQHandler)
    TIM4_IRQHandler                          0x08005e2b   Thumb Code     2  stm32f10x_it.o(i.TIM4_IRQHandler)
    TIM_BDTRConfig                           0x08005e2d   Thumb Code    34  stm32f10x_tim.o(i.TIM_BDTRConfig)
    TIM_ClearFlag                            0x08005e4f   Thumb Code     6  stm32f10x_tim.o(i.TIM_ClearFlag)
    TIM_ClearITPendingBit                    0x08005e55   Thumb Code     6  stm32f10x_tim.o(i.TIM_ClearITPendingBit)
    TIM_Cmd                                  0x08005e5b   Thumb Code    22  stm32f10x_tim.o(i.TIM_Cmd)
    TIM_CtrlPWMOutputs                       0x08005e71   Thumb Code    22  stm32f10x_tim.o(i.TIM_CtrlPWMOutputs)
    TIM_DMACmd                               0x08005e87   Thumb Code    16  stm32f10x_tim.o(i.TIM_DMACmd)
    TIM_DMAConfig                            0x08005e97   Thumb Code     8  stm32f10x_tim.o(i.TIM_DMAConfig)
    TIM_DeInit                               0x08005ea1   Thumb Code   206  stm32f10x_tim.o(i.TIM_DeInit)
    TIM_EncoderInterfaceConfig               0x08005f99   Thumb Code    44  stm32f10x_tim.o(i.TIM_EncoderInterfaceConfig)
    TIM_GenerateEvent                        0x08005fc5   Thumb Code     4  stm32f10x_tim.o(i.TIM_GenerateEvent)
    TIM_GetCounter                           0x08005fc9   Thumb Code     4  stm32f10x_tim.o(i.TIM_GetCounter)
    TIM_ICInit                               0x08005fcd   Thumb Code   160  stm32f10x_tim.o(i.TIM_ICInit)
    TIM_ICStructInit                         0x0800606d   Thumb Code    16  stm32f10x_tim.o(i.TIM_ICStructInit)
    TIM_ITConfig                             0x0800607d   Thumb Code    16  stm32f10x_tim.o(i.TIM_ITConfig)
    TIM_OC1Init                              0x0800608d   Thumb Code   106  stm32f10x_tim.o(i.TIM_OC1Init)
    TIM_OC1PreloadConfig                     0x0800610d   Thumb Code    12  stm32f10x_tim.o(i.TIM_OC1PreloadConfig)
    TIM_OC2Init                              0x08006119   Thumb Code   116  stm32f10x_tim.o(i.TIM_OC2Init)
    TIM_OC2PreloadConfig                     0x08006195   Thumb Code    14  stm32f10x_tim.o(i.TIM_OC2PreloadConfig)
    TIM_OC3Init                              0x080061a5   Thumb Code   112  stm32f10x_tim.o(i.TIM_OC3Init)
    TIM_OC3PreloadConfig                     0x0800621d   Thumb Code    12  stm32f10x_tim.o(i.TIM_OC3PreloadConfig)
    TIM_OC4Init                              0x08006229   Thumb Code    86  stm32f10x_tim.o(i.TIM_OC4Init)
    TIM_OC4PreloadConfig                     0x08006289   Thumb Code    14  stm32f10x_tim.o(i.TIM_OC4PreloadConfig)
    TIM_OCStructInit                         0x08006297   Thumb Code    20  stm32f10x_tim.o(i.TIM_OCStructInit)
    TIM_SelectOutputTrigger                  0x080062ab   Thumb Code    16  stm32f10x_tim.o(i.TIM_SelectOutputTrigger)
    TIM_SetCompare1                          0x080062bb   Thumb Code     4  stm32f10x_tim.o(i.TIM_SetCompare1)
    TIM_SetCompare2                          0x080062bf   Thumb Code     4  stm32f10x_tim.o(i.TIM_SetCompare2)
    TIM_SetCompare3                          0x080062c3   Thumb Code     4  stm32f10x_tim.o(i.TIM_SetCompare3)
    TIM_SetIC1Prescaler                      0x080062c7   Thumb Code    16  stm32f10x_tim.o(i.TIM_SetIC1Prescaler)
    TIM_SetIC2Prescaler                      0x080062d7   Thumb Code    18  stm32f10x_tim.o(i.TIM_SetIC2Prescaler)
    TIM_SetIC3Prescaler                      0x080062e9   Thumb Code    16  stm32f10x_tim.o(i.TIM_SetIC3Prescaler)
    TIM_SetIC4Prescaler                      0x080062f9   Thumb Code    18  stm32f10x_tim.o(i.TIM_SetIC4Prescaler)
    TIM_TimeBaseInit                         0x0800630d   Thumb Code   128  stm32f10x_tim.o(i.TIM_TimeBaseInit)
    TIM_TimeBaseStructInit                   0x080063b5   Thumb Code    18  stm32f10x_tim.o(i.TIM_TimeBaseStructInit)
    Test_Color                               0x080063c9   Thumb Code   440  stm3210e_lcd.o(i.Test_Color)
    Trig_Functions                           0x08006589   Thumb Code   114  mc_clarke_park.o(i.Trig_Functions)
    USART1_IRQHandler                        0x08006601   Thumb Code     2  stm32f10x_it.o(i.USART1_IRQHandler)
    USART2_IRQHandler                        0x08006603   Thumb Code     2  stm32f10x_it.o(i.USART2_IRQHandler)
    USART3_IRQHandler                        0x08006605   Thumb Code     2  stm32f10x_it.o(i.USART3_IRQHandler)
    USBWakeUp_IRQHandler                     0x08006607   Thumb Code     2  stm32f10x_it.o(i.USBWakeUp_IRQHandler)
    UsageFault_Handler                       0x08006609   Thumb Code     2  stm32f10x_it.o(i.UsageFault_Handler)
    WWDG_IRQHandler                          0x0800660b   Thumb Code     2  stm32f10x_it.o(i.WWDG_IRQHandler)
    __scatterload_copy                       0x0800660d   Thumb Code    14  handlers.o(i.__scatterload_copy)
    __scatterload_null                       0x0800661b   Thumb Code     2  handlers.o(i.__scatterload_null)
    __scatterload_zeroinit                   0x0800661d   Thumb Code    14  handlers.o(i.__scatterload_zeroinit)
    ili9320_WriteData                        0x0800662d   Thumb Code    54  stm3210e_lcd.o(i.ili9320_WriteData)
    ili9320_WriteIndex                       0x0800666d   Thumb Code    54  stm3210e_lcd.o(i.ili9320_WriteIndex)
    ili9320_WriteRegister                    0x080066ad   Thumb Code    46  stm3210e_lcd.o(i.ili9320_WriteRegister)
    main                                     0x080066e1   Thumb Code   274  main.o(i.main)
    circle_limit_table                       0x08006814   Data         142  mc_clarke_park.o(.constdata)
    hSin_Cos_Table                           0x080068a2   Data         512  mc_clarke_park.o(.constdata)
    dig_code                                 0x08006aa2   Data           8  mc_keys.o(.constdata)
    seg_code                                 0x08006aaa   Data          10  mc_keys.o(.constdata)
    ASCII_Table                              0x08006ab4   Data        4560  stm3210e_lcd.o(.constdata)
    Region$$Table$$Base                      0x08007e68   Number         0  anon$$obj.o(Region$$Table)
    Region$$Table$$Limit                     0x08007e88   Number         0  anon$$obj.o(Region$$Table)
    hFW_V_Ref                                0x20000004   Data           2  mc_foc_drive.o(.data)
    hFW_P_Gain                               0x20000006   Data           2  mc_foc_drive.o(.data)
    hFW_I_Gain                               0x20000008   Data           2  mc_foc_drive.o(.data)
    hVMagn                                   0x2000000a   Data           2  mc_foc_drive.o(.data)
    h_ADCBusvolt                             0x2000001e   Data           2  mc_motorcontrol_layer.o(.data)
    h_ADCTemp                                0x20000020   Data           2  mc_motorcontrol_layer.o(.data)
    wGlobal_Flags                            0x20000028   Data           4  mc_globals.o(.data)
    Stat_Curr_a_b                            0x2000002c   Data           4  mc_globals.o(.data)
    Stat_Curr_alfa_beta                      0x20000030   Data           4  mc_globals.o(.data)
    Stat_Curr_q_d                            0x20000034   Data           4  mc_globals.o(.data)
    Stat_Volt_q_d                            0x20000038   Data           4  mc_globals.o(.data)
    Stat_Volt_alfa_beta                      0x2000003c   Data           4  mc_globals.o(.data)
    State                                    0x20000040   Data           1  mc_globals.o(.data)
    hFlux_Reference                          0x20000042   Data           2  mc_globals.o(.data)
    hTorque_Reference                        0x20000044   Data           2  mc_globals.o(.data)
    hSpeed_Reference                         0x20000046   Data           2  mc_globals.o(.data)
    bMenu_index                              0x20000050   Data           1  mc_keys.o(.data)
    seg                                      0x20000051   Data           8  mc_keys.o(.data)
    bPID_Speed_Sampling_Time_500us           0x2000006c   Data           1  stm32f10x_timebase.o(.data)
    max_out_var_num                          0x20000078   Data           1  stm32f10x_mcdac.o(.data)
    bChannel_1_variable                      0x20000079   Data           1  stm32f10x_mcdac.o(.data)
    bChannel_2_variable                      0x2000007a   Data           1  stm32f10x_mcdac.o(.data)
    OutputVariableNames                      0x2000007c   Data          92  stm32f10x_mcdac.o(.data)
    OutputVar                                0x200000d8   Data          17  stm32f10x_mcdac.o(.data)
    bInverted_pwm                            0x200000ea   Data           1  stm32f10x_svpwm_1shunt.o(.data)
    bInverted_pwm_new                        0x200000eb   Data           1  stm32f10x_svpwm_1shunt.o(.data)
    bError                                   0x200000ec   Data           1  stm32f10x_svpwm_1shunt.o(.data)
    bStBd3                                   0x200000ed   Data           1  stm32f10x_svpwm_1shunt.o(.data)
    bDistEnab                                0x200000ee   Data           1  stm32f10x_svpwm_1shunt.o(.data)
    bSector                                  0x200000ef   Data           1  stm32f10x_svpwm_1shunt.o(.data)
    bStatorFluxPos                           0x200000f0   Data           1  stm32f10x_svpwm_1shunt.o(.data)
    bStatorFluxPosOld                        0x200000f1   Data           1  stm32f10x_svpwm_1shunt.o(.data)
    bReadDelta                               0x200000f2   Data           1  stm32f10x_svpwm_1shunt.o(.data)
    hPhaseOffset                             0x200000f4   Data           2  stm32f10x_svpwm_1shunt.o(.data)
    csCurrentSampled                         0x200000f8   Data           2  stm32f10x_svpwm_1shunt.o(.data)
    hCurrAOld                                0x200000fa   Data           2  stm32f10x_svpwm_1shunt.o(.data)
    hCurrBOld                                0x200000fc   Data           2  stm32f10x_svpwm_1shunt.o(.data)
    hCurrCOld                                0x200000fe   Data           2  stm32f10x_svpwm_1shunt.o(.data)
    hDeltaA                                  0x20000100   Data           2  stm32f10x_svpwm_1shunt.o(.data)
    hDeltaB                                  0x20000102   Data           2  stm32f10x_svpwm_1shunt.o(.data)
    hDeltaC                                  0x20000104   Data           2  stm32f10x_svpwm_1shunt.o(.data)
    hPreloadCCMR1Disable                     0x20000106   Data           2  stm32f10x_svpwm_1shunt.o(.data)
    hPreloadCCMR1Set                         0x20000108   Data           2  stm32f10x_svpwm_1shunt.o(.data)
    hPreloadCCMR2Disable                     0x2000010a   Data           2  stm32f10x_svpwm_1shunt.o(.data)
    hPreloadCCMR2Set                         0x2000010c   Data           2  stm32f10x_svpwm_1shunt.o(.data)
    hCCDmaBuffCh1                            0x2000010e   Data           8  stm32f10x_svpwm_1shunt.o(.data)
    hCCDmaBuffCh2                            0x20000116   Data           8  stm32f10x_svpwm_1shunt.o(.data)
    hCCDmaBuffCh3                            0x2000011e   Data           8  stm32f10x_svpwm_1shunt.o(.data)
    hCCDmaBuffCh4                            0x20000126   Data           8  stm32f10x_svpwm_1shunt.o(.data)
    hCCRBuff                                 0x2000012e   Data           8  stm32f10x_svpwm_1shunt.o(.data)
    DeviceCode                               0x2000013a   Data           2  stm3210e_lcd.o(.data)
    PID_Flux_InitStructure                   0x20000154   Data          32  mc_globals.o(.bss)
    PID_Torque_InitStructure                 0x20000174   Data          32  mc_globals.o(.bss)
    PID_Speed_InitStructure                  0x20000194   Data          32  mc_globals.o(.bss)
    ADC_DualConvertedValueTab                0x200001b4   Data         144  mc_globals.o(.bss)
    ADC1_RegularConvertedValueTab            0x20000244   Data          72  mc_globals.o(.bss)
    ADC2_RegularConvertedValueTab            0x2000028c   Data          72  mc_globals.o(.bss)
    Curr_Iq_Data                             0x200002d4   Data        5000  mc_globals.o(.bss)
    Curr_Id_Data                             0x2000165c   Data        5000  mc_globals.o(.bss)
    hMeasurementArray                        0x200029f4   Data          46  stm32f10x_mcdac.o(.bss)
    dvDutyValues                             0x20002a22   Data          10  stm32f10x_svpwm_1shunt.o(.bss)
    __initial_sp                             0x20002e90   Data           0  startup_stm32f10x_md.o(STACK)



==============================================================================

Memory Map of the image

  Image Entry point : 0x080000ed

  Load Region LR_IROM1 (Base: 0x08000000, Size: 0x00007fdc, Max: 0x00020000, ABSOLUTE, COMPRESSED[0x00007f00])

    Execution Region ER_IROM1 (Base: 0x08000000, Size: 0x00007e88, Max: 0x00020000, ABSOLUTE)

    Base Addr    Size         Type   Attr      Idx    E Section Name        Object

    0x08000000   0x000000ec   Data   RO          118    RESET               startup_stm32f10x_md.o
    0x080000ec   0x00000000   Code   RO         5120  * .ARM.Collect$$$$00000000  mc_w.l(entry.o)
    0x080000ec   0x00000004   Code   RO         5139    .ARM.Collect$$$$00000001  mc_w.l(entry2.o)
    0x080000f0   0x00000004   Code   RO         5142    .ARM.Collect$$$$00000004  mc_w.l(entry5.o)
    0x080000f4   0x00000008   Code   RO         5143    .ARM.Collect$$$$00000007  mc_w.l(entry7.o)
    0x080000fc   0x00000004   Code   RO         5140    .ARM.Collect$$$$00002712  mc_w.l(entry2.o)
    0x08000100   0x00000024   Code   RO          119    .text               startup_stm32f10x_md.o
    0x08000124   0x0000005a   Code   RO         5123    .text               mc_w.l(ldiv.o)
    0x0800017e   0x00000062   Code   RO         5144    .text               mc_w.l(uldiv.o)
    0x080001e0   0x00000020   Code   RO         5146    .text               mc_w.l(llushr.o)
    0x08000200   0x00000024   Code   RO         5151    .text               mc_w.l(init.o)
    0x08000224   0x0000001e   Code   RO         5153    .text               mc_w.l(llshl.o)
    0x08000242   0x0000005c   Code   RO         5163    .text               mc_w.l(__dczerorl2.o)
    0x0800029e   0x00000002   PAD
    0x080002a0   0x0000014c   Code   RO          123    i.ADC1_2_IRQHandler  stm32f10x_it.o
    0x080003ec   0x00000010   Code   RO         2172    i.ADC_AnalogWatchdogCmd  stm32f10x_adc.o
    0x080003fc   0x0000000c   Code   RO         2173    i.ADC_AnalogWatchdogSingleChannelConfig  stm32f10x_adc.o
    0x08000408   0x00000006   Code   RO         2174    i.ADC_AnalogWatchdogThresholdsConfig  stm32f10x_adc.o
    0x0800040e   0x00000006   Code   RO         2176    i.ADC_ClearFlag     stm32f10x_adc.o
    0x08000414   0x00000014   Code   RO         2178    i.ADC_Cmd           stm32f10x_adc.o
    0x08000428   0x00000014   Code   RO         2179    i.ADC_DMACmd        stm32f10x_adc.o
    0x0800043c   0x00000044   Code   RO         2180    i.ADC_DeInit        stm32f10x_adc.o
    0x08000480   0x00000014   Code   RO         2183    i.ADC_ExternalTrigConvCmd  stm32f10x_adc.o
    0x08000494   0x00000014   Code   RO         2184    i.ADC_ExternalTrigInjectedConvCmd  stm32f10x_adc.o
    0x080004a8   0x0000000c   Code   RO         2185    i.ADC_ExternalTrigInjectedConvConfig  stm32f10x_adc.o
    0x080004b4   0x0000000e   Code   RO         2186    i.ADC_GetCalibrationStatus  stm32f10x_adc.o
    0x080004c2   0x0000000e   Code   RO         2189    i.ADC_GetFlagStatus  stm32f10x_adc.o
    0x080004d0   0x0000001c   Code   RO         2190    i.ADC_GetITStatus   stm32f10x_adc.o
    0x080004ec   0x00000008   Code   RO         2191    i.ADC_GetInjectedConversionValue  stm32f10x_adc.o
    0x080004f4   0x0000000e   Code   RO         2192    i.ADC_GetResetCalibrationStatus  stm32f10x_adc.o
    0x08000502   0x00000012   Code   RO         2195    i.ADC_ITConfig      stm32f10x_adc.o
    0x08000514   0x00000048   Code   RO         2196    i.ADC_Init          stm32f10x_adc.o
    0x0800055c   0x0000004a   Code   RO         2197    i.ADC_InjectedChannelConfig  stm32f10x_adc.o
    0x080005a6   0x00000014   Code   RO         2198    i.ADC_InjectedDiscModeCmd  stm32f10x_adc.o
    0x080005ba   0x00000010   Code   RO         2199    i.ADC_InjectedSequencerLengthConfig  stm32f10x_adc.o
    0x080005ca   0x00000074   Code   RO         2200    i.ADC_RegularChannelConfig  stm32f10x_adc.o
    0x0800063e   0x0000000a   Code   RO         2201    i.ADC_ResetCalibration  stm32f10x_adc.o
    0x08000648   0x0000000a   Code   RO         2205    i.ADC_StartCalibration  stm32f10x_adc.o
    0x08000652   0x00000012   Code   RO         2206    i.ADC_StructInit    stm32f10x_adc.o
    0x08000664   0x0000001c   Code   RO         2207    i.ADC_TempSensorVrefintCmd  stm32f10x_adc.o
    0x08000680   0x00000010   Code   RO         1964    i.AT45_INIT         spi_flash.o
    0x08000690   0x00000002   Code   RO          125    i.BusFault_Handler  stm32f10x_it.o
    0x08000692   0x00000032   Code   RO          680    i.Clarke            mc_clarke_park.o
    0x080006c4   0x0000005c   Code   RO         1100    i.ComputeVisualization  mc_display.o
    0x08000720   0x00000018   Code   RO         2747    i.DAC_Cmd           stm32f10x_dac.o
    0x08000738   0x00000028   Code   RO         2752    i.DAC_Init          stm32f10x_dac.o
    0x08000760   0x0000000c   Code   RO         2753    i.DAC_SetChannel1Data  stm32f10x_dac.o
    0x0800076c   0x0000000c   Code   RO         2754    i.DAC_SetChannel2Data  stm32f10x_dac.o
    0x08000778   0x0000000c   Code   RO         2757    i.DAC_StructInit    stm32f10x_dac.o
    0x08000784   0x00000018   Code   RO         2828    i.DBGMCU_Config     stm32f10x_dbgmcu.o
    0x0800079c   0x00000060   Code   RO          128    i.DMA1_Channel1_IRQHandler  stm32f10x_it.o
    0x080007fc   0x00000002   Code   RO          129    i.DMA1_Channel2_IRQHandler  stm32f10x_it.o
    0x080007fe   0x00000002   Code   RO          130    i.DMA1_Channel3_IRQHandler  stm32f10x_it.o
    0x08000800   0x00000002   Code   RO          131    i.DMA1_Channel4_IRQHandler  stm32f10x_it.o
    0x08000802   0x00000002   Code   RO          132    i.DMA1_Channel5_IRQHandler  stm32f10x_it.o
    0x08000804   0x00000002   Code   RO          133    i.DMA1_Channel6_IRQHandler  stm32f10x_it.o
    0x08000806   0x00000002   Code   RO          134    i.DMA1_Channel7_IRQHandler  stm32f10x_it.o
    0x08000808   0x00000018   Code   RO         2853    i.DMA_ClearITPendingBit  stm32f10x_dma.o
    0x08000820   0x00000014   Code   RO         2854    i.DMA_Cmd           stm32f10x_dma.o
    0x08000834   0x000000e0   Code   RO         2855    i.DMA_DeInit        stm32f10x_dma.o
    0x08000914   0x00000020   Code   RO         2858    i.DMA_GetITStatus   stm32f10x_dma.o
    0x08000934   0x00000010   Code   RO         2859    i.DMA_ITConfig      stm32f10x_dma.o
    0x08000944   0x0000003a   Code   RO         2860    i.DMA_Init          stm32f10x_dma.o
    0x0800097e   0x0000001a   Code   RO         2861    i.DMA_StructInit    stm32f10x_dma.o
    0x08000998   0x0000004c   Code   RO         1573    i.DataToWrite       stm3210e_lcd.o
    0x080009e4   0x00000002   Code   RO          139    i.DebugMon_Handler  stm32f10x_it.o
    0x080009e6   0x00000014   Code   RO         1574    i.Delay_nms         stm3210e_lcd.o
    0x080009fa   0x0000008a   Code   RO         1101    i.Display_5DigitSignedNumber  mc_display.o
    0x08000a84   0x00000ecc   Code   RO         1102    i.Display_LCD       mc_display.o
    0x08001950   0x00000068   Code   RO         1103    i.Display_Welcome_Message  mc_display.o
    0x080019b8   0x00000088   Code   RO         1133    i.ENC_Calc_Average_Speed  stm32f10x_encoder.o
    0x08001a40   0x00000094   Code   RO         1134    i.ENC_Calc_Rot_Speed  stm32f10x_encoder.o
    0x08001ad4   0x00000020   Code   RO         1135    i.ENC_Clear_Speed_Buffer  stm32f10x_encoder.o
    0x08001af4   0x0000000c   Code   RO         1136    i.ENC_ErrorOnFeedback  stm32f10x_encoder.o
    0x08001b00   0x00000020   Code   RO         1137    i.ENC_Get_Electrical_Angle  stm32f10x_encoder.o
    0x08001b20   0x0000000c   Code   RO         1139    i.ENC_Get_Mechanical_Speed  stm32f10x_encoder.o
    0x08001b2c   0x000000cc   Code   RO         1140    i.ENC_Init          stm32f10x_encoder.o
    0x08001bf8   0x000000f0   Code   RO         1142    i.ENC_Start_Up      stm32f10x_encoder.o
    0x08001ce8   0x00000002   Code   RO          140    i.EXTI0_IRQHandler  stm32f10x_it.o
    0x08001cea   0x00000002   Code   RO          141    i.EXTI15_10_IRQHandler  stm32f10x_it.o
    0x08001cec   0x00000002   Code   RO          142    i.EXTI1_IRQHandler  stm32f10x_it.o
    0x08001cee   0x00000002   Code   RO          143    i.EXTI2_IRQHandler  stm32f10x_it.o
    0x08001cf0   0x00000002   Code   RO          144    i.EXTI3_IRQHandler  stm32f10x_it.o
    0x08001cf2   0x00000002   Code   RO          145    i.EXTI4_IRQHandler  stm32f10x_it.o
    0x08001cf4   0x00000002   Code   RO          146    i.EXTI9_5_IRQHandler  stm32f10x_it.o
    0x08001cf6   0x00000002   Code   RO          147    i.FLASH_IRQHandler  stm32f10x_it.o
    0x08001cf8   0x000000a0   Code   RO          730    i.FOC_CalcFluxTorqueRef  mc_foc_drive.o
    0x08001d98   0x000000cc   Code   RO         5070    i.FOC_FluxRegulator  MC_FOC_Methods_lib.lib(mc_foc_methods.o)
    0x08001e64   0x0000005c   Code   RO         5072    i.FOC_FluxRegulator_Init  MC_FOC_Methods_lib.lib(mc_foc_methods.o)
    0x08001ec0   0x00000018   Code   RO         5073    i.FOC_FluxRegulator_Update  MC_FOC_Methods_lib.lib(mc_foc_methods.o)
    0x08001ed8   0x0000006c   Code   RO          732    i.FOC_Init          mc_foc_drive.o
    0x08001f44   0x000000b0   Code   RO          733    i.FOC_Model         mc_foc_drive.o
    0x08001ff4   0x00000040   Code   RO          734    i.FOC_TorqueCtrl    mc_foc_drive.o
    0x08002034   0x0000017c   Code   RO          632    i.GPIO_Configuration  main.o
    0x080021b0   0x000000b4   Code   RO         3248    i.GPIO_DeInit       stm32f10x_gpio.o
    0x08002264   0x0000009c   Code   RO         3253    i.GPIO_Init         stm32f10x_gpio.o
    0x08002300   0x00000010   Code   RO         3254    i.GPIO_PinLockConfig  stm32f10x_gpio.o
    0x08002310   0x00000058   Code   RO         3255    i.GPIO_PinRemapConfig  stm32f10x_gpio.o
    0x08002368   0x00000006   Code   RO         3256    i.GPIO_ReadInputData  stm32f10x_gpio.o
    0x0800236e   0x0000000e   Code   RO         3257    i.GPIO_ReadInputDataBit  stm32f10x_gpio.o
    0x0800237c   0x00000006   Code   RO         3258    i.GPIO_ReadOutputData  stm32f10x_gpio.o
    0x08002382   0x00000004   Code   RO         3260    i.GPIO_ResetBits    stm32f10x_gpio.o
    0x08002386   0x00000004   Code   RO         3261    i.GPIO_SetBits      stm32f10x_gpio.o
    0x0800238a   0x00000010   Code   RO         3262    i.GPIO_StructInit   stm32f10x_gpio.o
    0x0800239a   0x00000004   Code   RO         3263    i.GPIO_Write        stm32f10x_gpio.o
    0x0800239e   0x00000002   Code   RO          149    i.HardFault_Handler  stm32f10x_it.o
    0x080023a0   0x00000002   Code   RO          150    i.I2C1_ER_IRQHandler  stm32f10x_it.o
    0x080023a2   0x00000002   Code   RO          151    i.I2C1_EV_IRQHandler  stm32f10x_it.o
    0x080023a4   0x00000002   Code   RO          152    i.I2C2_ER_IRQHandler  stm32f10x_it.o
    0x080023a6   0x00000002   Code   RO          153    i.I2C2_EV_IRQHandler  stm32f10x_it.o
    0x080023a8   0x0000000c   Code   RO         1037    i.KEYS_ExportbKey   mc_keys.o
    0x080023b4   0x000000b0   Code   RO         1038    i.KEYS_Read         mc_keys.o
    0x08002464   0x000000ac   Code   RO         1039    i.KEYS_SEG_Init     mc_keys.o
    0x08002510   0x00000414   Code   RO         1040    i.KEYS_process      mc_keys.o
    0x08002924   0x00000004   Code   RO         1580    i.LCD_Clear         stm3210e_lcd.o
    0x08002928   0x00000020   Code   RO         1581    i.LCD_ClearLine     stm3210e_lcd.o
    0x08002948   0x00000018   Code   RO         1582    i.LCD_DisplayChar   stm3210e_lcd.o
    0x08002960   0x0000002e   Code   RO         1583    i.LCD_DisplayStringLine  stm3210e_lcd.o
    0x0800298e   0x00000002   PAD
    0x08002990   0x00000074   Code   RO         1584    i.LCD_DrawChar      stm3210e_lcd.o
    0x08002a04   0x0000008c   Code   RO         1586    i.LCD_DrawLine      stm3210e_lcd.o
    0x08002a90   0x00000042   Code   RO         1588    i.LCD_DrawRect      stm3210e_lcd.o
    0x08002ad2   0x0000000e   Code   RO         1589    i.LCD_Init          stm3210e_lcd.o
    0x08002ae0   0x0000000c   Code   RO         1590    i.LCD_SetBackColor  stm3210e_lcd.o
    0x08002aec   0x00000054   Code   RO         1591    i.LCD_SetCursor     stm3210e_lcd.o
    0x08002b40   0x0000000c   Code   RO         1593    i.LCD_SetTextColor  stm3210e_lcd.o
    0x08002b4c   0x00000078   Code   RO         1594    i.LCD_WR_REG        stm3210e_lcd.o
    0x08002bc4   0x00000080   Code   RO         1598    i.Lcd_Clear         stm3210e_lcd.o
    0x08002c44   0x00000090   Code   RO         1601    i.Lcd_Configuration  stm3210e_lcd.o
    0x08002cd4   0x00000ec2   Code   RO         1602    i.Lcd_Initialize    stm3210e_lcd.o
    0x08003b96   0x00000002   PAD
    0x08003b98   0x00000054   Code   RO         1605    i.Lcd_SetCursor     stm3210e_lcd.o
    0x08003bec   0x00000054   Code   RO         1606    i.Lcd_WR_Start      stm3210e_lcd.o
    0x08003c40   0x00000168   Code   RO         1399    i.MCDAC_Init        stm32f10x_mcdac.o
    0x08003da8   0x00000040   Code   RO         1400    i.MCDAC_Output_Choice  stm32f10x_mcdac.o
    0x08003de8   0x00000020   Code   RO         1401    i.MCDAC_Output_Var_Name  stm32f10x_mcdac.o
    0x08003e08   0x00000068   Code   RO         1402    i.MCDAC_Update_Output  stm32f10x_mcdac.o
    0x08003e70   0x0000000c   Code   RO         1403    i.MCDAC_Update_Value  stm32f10x_mcdac.o
    0x08003e7c   0x0000003c   Code   RO          769    i.MCL_Bell_Init     mc_motorcontrol_layer.o
    0x08003eb8   0x00000034   Code   RO          770    i.MCL_Brake_Init    mc_motorcontrol_layer.o
    0x08003eec   0x00000020   Code   RO          771    i.MCL_Calc_BusVolt  mc_motorcontrol_layer.o
    0x08003f0c   0x0000002c   Code   RO          772    i.MCL_ChkPowerStage  mc_motorcontrol_layer.o
    0x08003f38   0x00000028   Code   RO          773    i.MCL_Chk_BusVolt   mc_motorcontrol_layer.o
    0x08003f60   0x00000038   Code   RO          774    i.MCL_Chk_OverTemp  mc_motorcontrol_layer.o
    0x08003f98   0x000000b0   Code   RO          775    i.MCL_ClearFault    mc_motorcontrol_layer.o
    0x08004048   0x0000001c   Code   RO          776    i.MCL_Compute_BusVolt  mc_motorcontrol_layer.o
    0x08004064   0x0000001c   Code   RO          777    i.MCL_Compute_Temp  mc_motorcontrol_layer.o
    0x08004080   0x0000003c   Code   RO          778    i.MCL_Fan_Init      mc_motorcontrol_layer.o
    0x080040bc   0x00000058   Code   RO          779    i.MCL_Fault_Reset_Init  mc_motorcontrol_layer.o
    0x08004114   0x0000000c   Code   RO          780    i.MCL_Fault_Reset_Off  mc_motorcontrol_layer.o
    0x08004120   0x0000000c   Code   RO          781    i.MCL_Fault_Reset_On  mc_motorcontrol_layer.o
    0x0800412c   0x00000054   Code   RO          783    i.MCL_Init          mc_motorcontrol_layer.o
    0x08004180   0x00000014   Code   RO          784    i.MCL_Init_Arrays   mc_motorcontrol_layer.o
    0x08004194   0x0000001c   Code   RO          785    i.MCL_Reset_PID_IntegralTerms  mc_motorcontrol_layer.o
    0x080041b0   0x00000044   Code   RO          786    i.MCL_SetFault      mc_motorcontrol_layer.o
    0x080041f4   0x00000010   Code   RO          787    i.MCL_Set_Bell_Off  mc_motorcontrol_layer.o
    0x08004204   0x00000010   Code   RO          788    i.MCL_Set_Bell_On   mc_motorcontrol_layer.o
    0x08004214   0x00000010   Code   RO          789    i.MCL_Set_Brake_Off  mc_motorcontrol_layer.o
    0x08004224   0x00000010   Code   RO          790    i.MCL_Set_Brake_On  mc_motorcontrol_layer.o
    0x08004234   0x00000010   Code   RO          791    i.MCL_Set_Fan_Off   mc_motorcontrol_layer.o
    0x08004244   0x00000010   Code   RO          792    i.MCL_Set_Fan_On    mc_motorcontrol_layer.o
    0x08004254   0x00000002   Code   RO          154    i.MemManage_Handler  stm32f10x_it.o
    0x08004256   0x00000002   Code   RO          155    i.NMI_Handler       stm32f10x_it.o
    0x08004258   0x0000000a   Code   RO          633    i.NVIC_Configuration  main.o
    0x08004262   0x00000002   PAD
    0x08004264   0x00000064   Code   RO         2076    i.NVIC_Init         misc.o
    0x080042c8   0x00000014   Code   RO         2077    i.NVIC_PriorityGroupConfig  misc.o
    0x080042dc   0x00000020   Code   RO         1315    i.NVIC_SetPriority  stm32f10x_timebase.o
    0x080042fc   0x00000014   Code   RO         2078    i.NVIC_SetVectorTable  misc.o
    0x08004310   0x000000c8   Code   RO          954    i.PID_Init          mc_pid_regulators.o
    0x080043d8   0x00000070   Code   RO          955    i.PID_Regulator     mc_pid_regulators.o
    0x08004448   0x00000002   Code   RO          156    i.PVD_IRQHandler    stm32f10x_it.o
    0x0800444a   0x00000002   PAD
    0x0800444c   0x00000068   Code   RO          681    i.Park              mc_clarke_park.o
    0x080044b4   0x00000002   Code   RO          157    i.PendSV_Handler    stm32f10x_it.o
    0x080044b6   0x00000002   PAD
    0x080044b8   0x00000014   Code   RO         3667    i.RCC_ADCCLKConfig  stm32f10x_rcc.o
    0x080044cc   0x00000018   Code   RO         3668    i.RCC_AHBPeriphClockCmd  stm32f10x_rcc.o
    0x080044e4   0x00000018   Code   RO         3669    i.RCC_APB1PeriphClockCmd  stm32f10x_rcc.o
    0x080044fc   0x00000018   Code   RO         3670    i.RCC_APB1PeriphResetCmd  stm32f10x_rcc.o
    0x08004514   0x00000018   Code   RO         3671    i.RCC_APB2PeriphClockCmd  stm32f10x_rcc.o
    0x0800452c   0x00000018   Code   RO         3672    i.RCC_APB2PeriphResetCmd  stm32f10x_rcc.o
    0x08004544   0x00000002   Code   RO          158    i.RCC_IRQHandler    stm32f10x_it.o
    0x08004546   0x00000002   Code   RO          159    i.RTCAlarm_IRQHandler  stm32f10x_it.o
    0x08004548   0x00000002   Code   RO          160    i.RTC_IRQHandler    stm32f10x_it.o
    0x0800454a   0x00000002   PAD
    0x0800454c   0x00000054   Code   RO          682    i.RevPark_Circle_Limitation  mc_clarke_park.o
    0x080045a0   0x00000058   Code   RO          683    i.Rev_Park          mc_clarke_park.o
    0x080045f8   0x00000002   Code   RO          162    i.SPI1_IRQHandler   stm32f10x_it.o
    0x080045fa   0x00000002   Code   RO          163    i.SPI2_IRQHandler   stm32f10x_it.o
    0x080045fc   0x00000014   Code   RO         4153    i.SPI_Cmd           stm32f10x_spi.o
    0x08004610   0x000000b8   Code   RO         1974    i.SPI_FLASH_Init    spi_flash.o
    0x080046c8   0x00000034   Code   RO         1979    i.SPI_FLASH_SendByte  spi_flash.o
    0x080046fc   0x0000000e   Code   RO         4161    i.SPI_I2S_GetFlagStatus  stm32f10x_spi.o
    0x0800470a   0x00000004   Code   RO         4164    i.SPI_I2S_ReceiveData  stm32f10x_spi.o
    0x0800470e   0x00000004   Code   RO         4165    i.SPI_I2S_SendData  stm32f10x_spi.o
    0x08004712   0x00000038   Code   RO         4166    i.SPI_Init          stm32f10x_spi.o
    0x0800474a   0x00000002   Code   RO          165    i.SVC_Handler       stm32f10x_it.o
    0x0800474c   0x00000044   Code   RO         1452    i.SVPWMEOCEvent     stm32f10x_svpwm_1shunt.o
    0x08004790   0x0000037c   Code   RO         1453    i.SVPWMUpdateEvent  stm32f10x_svpwm_1shunt.o
    0x08004b0c   0x000000b8   Code   RO         1454    i.SVPWM_1ShuntAdvCurrentReading  stm32f10x_svpwm_1shunt.o
    0x08004bc4   0x000005b4   Code   RO         1455    i.SVPWM_1ShuntCalcDutyCycles  stm32f10x_svpwm_1shunt.o
    0x08005178   0x00000090   Code   RO         1456    i.SVPWM_1ShuntCurrentReadingCalibration  stm32f10x_svpwm_1shunt.o
    0x08005208   0x000001a4   Code   RO         1457    i.SVPWM_1ShuntGetPhaseCurrentValues  stm32f10x_svpwm_1shunt.o
    0x080053ac   0x00000650   Code   RO         1458    i.SVPWM_1ShuntInit  stm32f10x_svpwm_1shunt.o
    0x080059fc   0x0000010c   Code   RO         1459    i.SVPWM_InjectedConvConfig  stm32f10x_svpwm_1shunt.o
    0x08005b08   0x00000094   Code   RO           17    i.SetSysClockTo72   system_stm32f10x.o
    0x08005b9c   0x00000018   Code   RO         2080    i.SysTick_CLKSourceConfig  misc.o
    0x08005bb4   0x0000008c   Code   RO         1316    i.SysTick_Handler   stm32f10x_timebase.o
    0x08005c40   0x00000040   Code   RO           19    i.SystemInit        system_stm32f10x.o
    0x08005c80   0x00000002   Code   RO          166    i.TAMPER_IRQHandler  stm32f10x_it.o
    0x08005c82   0x00000002   PAD
    0x08005c84   0x00000014   Code   RO         1317    i.TB_DebounceDelay_IsElapsed  stm32f10x_timebase.o
    0x08005c98   0x00000014   Code   RO         1318    i.TB_Delay_IsElapsed  stm32f10x_timebase.o
    0x08005cac   0x00000014   Code   RO         1319    i.TB_DisplayDelay_IsElapsed  stm32f10x_timebase.o
    0x08005cc0   0x00000060   Code   RO         1320    i.TB_Init           stm32f10x_timebase.o
    0x08005d20   0x0000000c   Code   RO         1321    i.TB_Set_DebounceDelay_500us  stm32f10x_timebase.o
    0x08005d2c   0x0000000c   Code   RO         1322    i.TB_Set_Delay_500us  stm32f10x_timebase.o
    0x08005d38   0x0000000c   Code   RO         1323    i.TB_Set_DisplayDelay_500us  stm32f10x_timebase.o
    0x08005d44   0x0000000c   Code   RO         1324    i.TB_Set_StartUp_Timeout  stm32f10x_timebase.o
    0x08005d50   0x00000014   Code   RO         1325    i.TB_StartUp_Timeout_IsElapsed  stm32f10x_timebase.o
    0x08005d64   0x00000010   Code   RO         1326    i.TB_Wait           stm32f10x_timebase.o
    0x08005d74   0x00000028   Code   RO         4295    i.TI1_Config        stm32f10x_tim.o
    0x08005d9c   0x0000002c   Code   RO         4296    i.TI2_Config        stm32f10x_tim.o
    0x08005dc8   0x00000020   Code   RO          167    i.TIM1_BRK_IRQHandler  stm32f10x_it.o
    0x08005de8   0x00000002   Code   RO          168    i.TIM1_CC_IRQHandler  stm32f10x_it.o
    0x08005dea   0x00000002   Code   RO          169    i.TIM1_TRG_COM_IRQHandler  stm32f10x_it.o
    0x08005dec   0x00000018   Code   RO          170    i.TIM1_UP_IRQHandler  stm32f10x_it.o
    0x08005e04   0x00000024   Code   RO         1143    i.TIM2_IRQHandler   stm32f10x_encoder.o
    0x08005e28   0x00000002   Code   RO          171    i.TIM3_IRQHandler   stm32f10x_it.o
    0x08005e2a   0x00000002   Code   RO          172    i.TIM4_IRQHandler   stm32f10x_it.o
    0x08005e2c   0x00000022   Code   RO         4298    i.TIM_BDTRConfig    stm32f10x_tim.o
    0x08005e4e   0x00000006   Code   RO         4303    i.TIM_ClearFlag     stm32f10x_tim.o
    0x08005e54   0x00000006   Code   RO         4304    i.TIM_ClearITPendingBit  stm32f10x_tim.o
    0x08005e5a   0x00000016   Code   RO         4309    i.TIM_Cmd           stm32f10x_tim.o
    0x08005e70   0x00000016   Code   RO         4311    i.TIM_CtrlPWMOutputs  stm32f10x_tim.o
    0x08005e86   0x00000010   Code   RO         4312    i.TIM_DMACmd        stm32f10x_tim.o
    0x08005e96   0x00000008   Code   RO         4313    i.TIM_DMAConfig     stm32f10x_tim.o
    0x08005e9e   0x00000002   PAD
    0x08005ea0   0x000000f8   Code   RO         4314    i.TIM_DeInit        stm32f10x_tim.o
    0x08005f98   0x0000002c   Code   RO         4318    i.TIM_EncoderInterfaceConfig  stm32f10x_tim.o
    0x08005fc4   0x00000004   Code   RO         4323    i.TIM_GenerateEvent  stm32f10x_tim.o
    0x08005fc8   0x00000004   Code   RO         4328    i.TIM_GetCounter    stm32f10x_tim.o
    0x08005fcc   0x000000a0   Code   RO         4332    i.TIM_ICInit        stm32f10x_tim.o
    0x0800606c   0x00000010   Code   RO         4333    i.TIM_ICStructInit  stm32f10x_tim.o
    0x0800607c   0x00000010   Code   RO         4334    i.TIM_ITConfig      stm32f10x_tim.o
    0x0800608c   0x00000080   Code   RO         4338    i.TIM_OC1Init       stm32f10x_tim.o
    0x0800610c   0x0000000c   Code   RO         4341    i.TIM_OC1PreloadConfig  stm32f10x_tim.o
    0x08006118   0x0000007c   Code   RO         4343    i.TIM_OC2Init       stm32f10x_tim.o
    0x08006194   0x0000000e   Code   RO         4346    i.TIM_OC2PreloadConfig  stm32f10x_tim.o
    0x080061a2   0x00000002   PAD
    0x080061a4   0x00000078   Code   RO         4348    i.TIM_OC3Init       stm32f10x_tim.o
    0x0800621c   0x0000000c   Code   RO         4351    i.TIM_OC3PreloadConfig  stm32f10x_tim.o
    0x08006228   0x00000060   Code   RO         4353    i.TIM_OC4Init       stm32f10x_tim.o
    0x08006288   0x0000000e   Code   RO         4355    i.TIM_OC4PreloadConfig  stm32f10x_tim.o
    0x08006296   0x00000014   Code   RO         4356    i.TIM_OCStructInit  stm32f10x_tim.o
    0x080062aa   0x00000010   Code   RO         4366    i.TIM_SelectOutputTrigger  stm32f10x_tim.o
    0x080062ba   0x00000004   Code   RO         4370    i.TIM_SetCompare1   stm32f10x_tim.o
    0x080062be   0x00000004   Code   RO         4371    i.TIM_SetCompare2   stm32f10x_tim.o
    0x080062c2   0x00000004   Code   RO         4372    i.TIM_SetCompare3   stm32f10x_tim.o
    0x080062c6   0x00000010   Code   RO         4375    i.TIM_SetIC1Prescaler  stm32f10x_tim.o
    0x080062d6   0x00000012   Code   RO         4376    i.TIM_SetIC2Prescaler  stm32f10x_tim.o
    0x080062e8   0x00000010   Code   RO         4377    i.TIM_SetIC3Prescaler  stm32f10x_tim.o
    0x080062f8   0x00000012   Code   RO         4378    i.TIM_SetIC4Prescaler  stm32f10x_tim.o
    0x0800630a   0x00000002   PAD
    0x0800630c   0x000000a8   Code   RO         4380    i.TIM_TimeBaseInit  stm32f10x_tim.o
    0x080063b4   0x00000012   Code   RO         4381    i.TIM_TimeBaseStructInit  stm32f10x_tim.o
    0x080063c6   0x00000002   PAD
    0x080063c8   0x000001c0   Code   RO         1626    i.Test_Color        stm3210e_lcd.o
    0x08006588   0x00000078   Code   RO          684    i.Trig_Functions    mc_clarke_park.o
    0x08006600   0x00000002   Code   RO          182    i.USART1_IRQHandler  stm32f10x_it.o
    0x08006602   0x00000002   Code   RO          183    i.USART2_IRQHandler  stm32f10x_it.o
    0x08006604   0x00000002   Code   RO          184    i.USART3_IRQHandler  stm32f10x_it.o
    0x08006606   0x00000002   Code   RO          185    i.USBWakeUp_IRQHandler  stm32f10x_it.o
    0x08006608   0x00000002   Code   RO          188    i.UsageFault_Handler  stm32f10x_it.o
    0x0800660a   0x00000002   Code   RO          189    i.WWDG_IRQHandler   stm32f10x_it.o
    0x0800660c   0x0000000e   Code   RO         5157    i.__scatterload_copy  mc_w.l(handlers.o)
    0x0800661a   0x00000002   Code   RO         5158    i.__scatterload_null  mc_w.l(handlers.o)
    0x0800661c   0x0000000e   Code   RO         5159    i.__scatterload_zeroinit  mc_w.l(handlers.o)
    0x0800662a   0x00000002   PAD
    0x0800662c   0x00000040   Code   RO         1632    i.ili9320_WriteData  stm3210e_lcd.o
    0x0800666c   0x00000040   Code   RO         1633    i.ili9320_WriteIndex  stm3210e_lcd.o
    0x080066ac   0x00000034   Code   RO         1634    i.ili9320_WriteRegister  stm3210e_lcd.o
    0x080066e0   0x00000134   Code   RO          635    i.main              main.o
    0x08006814   0x0000028e   Data   RO          685    .constdata          mc_clarke_park.o
    0x08006aa2   0x00000012   Data   RO         1044    .constdata          mc_keys.o
    0x08006ab4   0x000011d0   Data   RO         1635    .constdata          stm3210e_lcd.o
    0x08007c84   0x000001e3   Data   RO         1405    .conststring        stm32f10x_mcdac.o
    0x08007e67   0x00000001   PAD
    0x08007e68   0x00000020   Data   RO         5155    Region$$Table       anon$$obj.o


    Execution Region RW_IRAM1 (Base: 0x20000000, Size: 0x00002e90, Max: 0x00005000, ABSOLUTE, COMPRESSED[0x00000078])

    Base Addr    Size         Type   Attr      Idx    E Section Name        Object

    0x20000000   0x00000004   Data   RW          686    .data               mc_clarke_park.o
    0x20000004   0x00000016   Data   RW          735    .data               mc_foc_drive.o
    0x2000001a   0x00000002   PAD
    0x2000001c   0x0000000c   Data   RW          793    .data               mc_motorcontrol_layer.o
    0x20000028   0x00000004   Data   RW          927    .data               mc_globals.o
    0x2000002c   0x00000004   Data   RW          928    .data               mc_globals.o
    0x20000030   0x00000004   Data   RW          929    .data               mc_globals.o
    0x20000034   0x00000004   Data   RW          930    .data               mc_globals.o
    0x20000038   0x00000004   Data   RW          932    .data               mc_globals.o
    0x2000003c   0x00000004   Data   RW          933    .data               mc_globals.o
    0x20000040   0x00000001   Data   RW          934    .data               mc_globals.o
    0x20000041   0x00000001   PAD
    0x20000042   0x00000002   Data   RW          935    .data               mc_globals.o
    0x20000044   0x00000002   Data   RW          936    .data               mc_globals.o
    0x20000046   0x00000002   Data   RW          937    .data               mc_globals.o
    0x20000048   0x00000011   Data   RW         1045    .data               mc_keys.o
    0x20000059   0x00000002   Data   RW         1104    .data               mc_display.o
    0x2000005b   0x00000001   PAD
    0x2000005c   0x00000010   Data   RW         1145    .data               stm32f10x_encoder.o
    0x2000006c   0x0000000c   Data   RW         1327    .data               stm32f10x_timebase.o
    0x20000078   0x00000071   Data   RW         1406    .data               stm32f10x_mcdac.o
    0x200000e9   0x00000001   PAD
    0x200000ea   0x0000004c   Data   RW         1461    .data               stm32f10x_svpwm_1shunt.o
    0x20000136   0x00000006   Data   RW         1636    .data               stm3210e_lcd.o
    0x2000013c   0x00000018   Data   RW         5076    .data               MC_FOC_Methods_lib.lib(mc_foc_methods.o)
    0x20000154   0x00000020   Zero   RW          919    .bss                mc_globals.o
    0x20000174   0x00000020   Zero   RW          920    .bss                mc_globals.o
    0x20000194   0x00000020   Zero   RW          921    .bss                mc_globals.o
    0x200001b4   0x00000090   Zero   RW          922    .bss                mc_globals.o
    0x20000244   0x00000048   Zero   RW          923    .bss                mc_globals.o
    0x2000028c   0x00000048   Zero   RW          924    .bss                mc_globals.o
    0x200002d4   0x00001388   Zero   RW          925    .bss                mc_globals.o
    0x2000165c   0x00001388   Zero   RW          926    .bss                mc_globals.o
    0x200029e4   0x00000010   Zero   RW         1144    .bss                stm32f10x_encoder.o
    0x200029f4   0x0000002e   Zero   RW         1404    .bss                stm32f10x_mcdac.o
    0x20002a22   0x0000000a   Zero   RW         1460    .bss                stm32f10x_svpwm_1shunt.o
    0x20002a2c   0x00000064   Zero   RW         5077    .bss                MC_FOC_Methods_lib.lib(mc_foc_methods.o)
    0x20002a90   0x00000400   Zero   RW          116    STACK               startup_stm32f10x_md.o


==============================================================================

Image component sizes


      Code (inc. data)   RO Data    RW Data    ZI Data      Debug   Object Name

         0          0          0          0          0       4188   core_cm3.o
       698         62          0          0          0       3337   main.o
       446         28        654          4          0       5136   mc_clarke_park.o
      4122       1250          0          2          0       5941   mc_display.o
       508         90          0         22          0       3091   mc_foc_drive.o
         0          0          0         31      10384       1804   mc_globals.o
      1404        206         18         17          0       5750   mc_keys.o
       984        152          0         12          0      11574   mc_motorcontrol_layer.o
       312         20          0          0          0       2035   mc_pid_regulators.o
       164         28          0          0          0       4359   misc.o
       252         18          0          0          0       1490   spi_flash.o
        36          8        236          0       1024        844   startup_stm32f10x_md.o
      5612        170       4560          6          0      20597   stm3210e_lcd.o
       660         32          0          0          0      26081   stm32f10x_adc.o
       100         16          0          0          0       8290   stm32f10x_dac.o
        24          6          0          0          0        560   stm32f10x_dbgmcu.o
       400         24          0          0          0      15184   stm32f10x_dma.o
       852        102          0         16         16       6300   stm32f10x_encoder.o
       494         34          0          0          0      15571   stm32f10x_gpio.o
       568         70          0          0          0     218339   stm32f10x_it.o
       572         36        483        113         46       3700   stm32f10x_mcdac.o
       140         36          0          0          0       3399   stm32f10x_rcc.o
        98          0          0          0          0      10978   stm32f10x_spi.o
      5052        386          0         76         10      12166   stm32f10x_svpwm_1shunt.o
      1512        130          0          0          0      43281   stm32f10x_tim.o
       412         80          0         12          0      21982   stm32f10x_timebase.o
       212         22          0          0          0     260189   system_stm32f10x.o

    ----------------------------------------------------------------------
     25656       3006       5984        316      11480     716166   Object Totals
         0          0         32          0          0          0   (incl. Generated)
        22          0          1          5          0          0   (incl. Padding)

    ----------------------------------------------------------------------

      Code (inc. data)   RO Data    RW Data    ZI Data      Debug   Library Member Name

       320         28          0         24        100        224   mc_foc_methods.o
        92          0          0          0          0          0   __dczerorl2.o
         0          0          0          0          0          0   entry.o
         8          4          0          0          0          0   entry2.o
         4          0          0          0          0          0   entry5.o
         8          4          0          0          0          0   entry7.o
        30          0          0          0          0          0   handlers.o
        36          8          0          0          0         68   init.o
        90          0          0          0          0         84   ldiv.o
        30          0          0          0          0         68   llshl.o
        32          0          0          0          0         68   llushr.o
        98          0          0          0          0         92   uldiv.o

    ----------------------------------------------------------------------
       752         44          0         24        100        604   Library Totals
         4          0          0          0          0          0   (incl. Padding)

    ----------------------------------------------------------------------

      Code (inc. data)   RO Data    RW Data    ZI Data      Debug   Library Name

       320         28          0         24        100        224   MC_FOC_Methods_lib.lib
       428         16          0          0          0        380   mc_w.l

    ----------------------------------------------------------------------
       752         44          0         24        100        604   Library Totals

    ----------------------------------------------------------------------

==============================================================================


      Code (inc. data)   RO Data    RW Data    ZI Data      Debug   

     26408       3050       5984        340      11580     703668   Grand Totals
     26408       3050       5984        120      11580     703668   ELF Image Totals (compressed)
     26408       3050       5984        120          0          0   ROM Totals

==============================================================================

    Total RO  Size (Code + RO Data)                32392 (  31.63kB)
    Total RW  Size (RW Data + ZI Data)             11920 (  11.64kB)
    Total ROM Size (Code + RO Data + RW Data)      32512 (  31.75kB)

==============================================================================

